2025-04-22 10:37:05.820607: E external/local_xla/xla/stream_executor/cuda/cuda_fft.cc:467] Unable to register cuFFT factory: Attempting to register factory for plugin cuFFT when one has already been registered
WARNING: All log messages before absl::InitializeLog() is called are written to STDERR
E0000 00:00:1745311026.392185    2794 cuda_dnn.cc:8579] Unable to register cuDNN factory: Attempting to register factory for plugin cuDNN when one has already been registered
E0000 00:00:1745311026.817339    2794 cuda_blas.cc:1407] Unable to register cuBLAS factory: Attempting to register factory for plugin cuBLAS when one has already been registered
W0000 00:00:1745311027.875449    2794 computation_placer.cc:177] computation placer already registered. Please check linkage and avoid linking the same target more than once.
W0000 00:00:1745311027.875670    2794 computation_placer.cc:177] computation placer already registered. Please check linkage and avoid linking the same target more than once.
W0000 00:00:1745311027.875673    2794 computation_placer.cc:177] computation placer already registered. Please check linkage and avoid linking the same target more than once.
W0000 00:00:1745311027.875675    2794 computation_placer.cc:177] computation placer already registered. Please check linkage and avoid linking the same target more than once.
2025-04-22 10:38:44.043151: E external/xla/xla/stream_executor/cuda/cuda_timer.cc:86] Delay kernel timed out: measured time has sub-optimal accuracy. There may be a missing warmup execution, please investigate in Nsight Systems.
2025-04-22 10:38:44.205153: E external/xla/xla/stream_executor/cuda/cuda_timer.cc:86] Delay kernel timed out: measured time has sub-optimal accuracy. There may be a missing warmup execution, please investigate in Nsight Systems.
2025-04-22 10:38:44.372567: E external/xla/xla/stream_executor/cuda/cuda_timer.cc:86] Delay kernel timed out: measured time has sub-optimal accuracy. There may be a missing warmup execution, please investigate in Nsight Systems.
2025-04-22 10:38:44.519458: E external/xla/xla/stream_executor/cuda/cuda_timer.cc:86] Delay kernel timed out: measured time has sub-optimal accuracy. There may be a missing warmup execution, please investigate in Nsight Systems.
2025-04-22 10:38:44.665623: E external/xla/xla/stream_executor/cuda/cuda_timer.cc:86] Delay kernel timed out: measured time has sub-optimal accuracy. There may be a missing warmup execution, please investigate in Nsight Systems.
2025-04-22 10:38:44.810905: E external/xla/xla/stream_executor/cuda/cuda_timer.cc:86] Delay kernel timed out: measured time has sub-optimal accuracy. There may be a missing warmup execution, please investigate in Nsight Systems.
2025-04-22 10:38:44.957752: E external/xla/xla/stream_executor/cuda/cuda_timer.cc:86] Delay kernel timed out: measured time has sub-optimal accuracy. There may be a missing warmup execution, please investigate in Nsight Systems.
2025-04-22 10:38:45.104039: E external/xla/xla/stream_executor/cuda/cuda_timer.cc:86] Delay kernel timed out: measured time has sub-optimal accuracy. There may be a missing warmup execution, please investigate in Nsight Systems.
2025-04-22 10:38:45.251286: E external/xla/xla/stream_executor/cuda/cuda_timer.cc:86] Delay kernel timed out: measured time has sub-optimal accuracy. There may be a missing warmup execution, please investigate in Nsight Systems.
2025-04-22 10:38:45.398016: E external/xla/xla/stream_executor/cuda/cuda_timer.cc:86] Delay kernel timed out: measured time has sub-optimal accuracy. There may be a missing warmup execution, please investigate in Nsight Systems.
2025-04-22 10:38:45.544790: E external/xla/xla/stream_executor/cuda/cuda_timer.cc:86] Delay kernel timed out: measured time has sub-optimal accuracy. There may be a missing warmup execution, please investigate in Nsight Systems.
2025-04-22 10:38:45.690596: E external/xla/xla/stream_executor/cuda/cuda_timer.cc:86] Delay kernel timed out: measured time has sub-optimal accuracy. There may be a missing warmup execution, please investigate in Nsight Systems.
2025-04-22 10:38:45.841011: E external/xla/xla/stream_executor/cuda/cuda_timer.cc:86] Delay kernel timed out: measured time has sub-optimal accuracy. There may be a missing warmup execution, please investigate in Nsight Systems.
2025-04-22 10:38:45.989508: E external/xla/xla/stream_executor/cuda/cuda_timer.cc:86] Delay kernel timed out: measured time has sub-optimal accuracy. There may be a missing warmup execution, please investigate in Nsight Systems.
2025-04-22 10:38:46.147948: E external/xla/xla/stream_executor/cuda/cuda_timer.cc:86] Delay kernel timed out: measured time has sub-optimal accuracy. There may be a missing warmup execution, please investigate in Nsight Systems.
2025-04-22 10:38:46.295619: E external/xla/xla/stream_executor/cuda/cuda_timer.cc:86] Delay kernel timed out: measured time has sub-optimal accuracy. There may be a missing warmup execution, please investigate in Nsight Systems.

=== Starting CIFAR-100 CNN with Compilation Caching ===

JAX version: 0.5.3
JAX devices: [CudaDevice(id=0)]

=== Phase 1: Model Initialization ===
Model initialization time: 19.6966 seconds

=== Phase 2: Dataset Loading ===
Dataset info:
  Features: ['id', 'image', 'label', 'coarse_label']
  Label classes: 100
Train: (50000, 32, 32, 3) (50000, 100)
Test: (10000, 32, 32, 3) (10000, 100)
Dataset loading time: 17.7276 seconds

=== Phase 3: Function Compilation ===
Found existing compilation metadata from Tue Apr 22 10:10:25 2025
Using previously compiled function from cache
Previous compilation took 29.6783 seconds

=== Phase 4: Training Loop ===

=== Starting Matrix Computations in Background ===
Initializing matrix worker with control mechanism...
Found existing compilation metadata from Tue Apr 22 10:10:26 2025
Matrix worker started in background
Warning: Batch queue is empty, waiting for prefetcher...
Worker 1: Matrix pair 1 transferred in 0.013362 seconds
Worker 2: Matrix pair 2 transferred in 0.013459 seconds
Worker 3: Matrix pair 3 transferred in 0.011028 seconds
Worker 4: Matrix pair 4 transferred in 0.268727 seconds
Worker 5: Matrix pair 5 transferred in 0.054332 seconds
Compute: Matrix pair 1 computed in 6.677510 seconds (0.02 TFLOPS)
Compute: Result transferred in 0.329800 seconds
Worker 6: Matrix pair 6 transferred in 0.063639 seconds
Worker 7: Matrix pair 7 transferred in 0.041144 seconds
Worker 8: Matrix pair 8 transferred in 0.016142 seconds
Compute: Matrix pair 2 computed in 3.125411 seconds (0.04 TFLOPS)
Compute: Result transferred in 0.064252 seconds
Compute: Matrix pair 3 computed in 0.184372 seconds (0.69 TFLOPS)
Compute: Result transferred in 0.054937 seconds
Compute: Matrix pair 4 computed in 0.024800 seconds (5.16 TFLOPS)
Compute: Result transferred in 0.054572 seconds
Compute: Matrix pair 5 computed in 0.508134 seconds (0.25 TFLOPS)
Compute: Result transferred in 0.055182 seconds
Worker 9: Matrix pair 9 transferred in 0.016769 seconds
Compute: Matrix pair 6 computed in 0.029379 seconds (4.36 TFLOPS)
Compute: Result transferred in 0.054933 seconds
Compute: Matrix pair 7 computed in 0.829683 seconds (0.15 TFLOPS)
Compute: Result transferred in 0.054886 seconds
Compute: Matrix pair 8 computed in 0.058781 seconds (2.18 TFLOPS)
Compute: Result transferred in 0.055246 seconds
Compute: Matrix pair 9 computed in 0.033036 seconds (3.87 TFLOPS)
Compute: Result transferred in 0.055007 seconds
Worker 10: Matrix pair 10 transferred in 0.011107 seconds
Compute: Matrix pair 10 computed in 0.014441 seconds (8.86 TFLOPS)
Compute: Result transferred in 0.051429 seconds
Worker 11: Matrix pair 11 transferred in 0.011512 seconds
Compute: Matrix pair 11 computed in 0.013082 seconds (9.78 TFLOPS)
Compute: Result transferred in 0.053864 seconds
Worker 12: Matrix pair 12 transferred in 0.012763 seconds
Compute: Matrix pair 12 computed in 0.015140 seconds (8.45 TFLOPS)
Compute: Result transferred in 0.054005 seconds
Worker 13: Matrix pair 13 transferred in 0.012729 seconds
Compute: Matrix pair 13 computed in 0.015238 seconds (8.40 TFLOPS)
Compute: Result transferred in 0.054003 seconds
Worker 14: Matrix pair 14 transferred in 0.017382 seconds
Compute: Matrix pair 14 computed in 0.015130 seconds (8.46 TFLOPS)
Compute: Result transferred in 0.053891 seconds
Worker 15: Matrix pair 15 transferred in 0.489509 seconds
Compute: Matrix pair 15 computed in 0.038623 seconds (3.31 TFLOPS)
Compute: Result transferred in 0.092068 seconds
Worker 16: Matrix pair 16 transferred in 0.012908 seconds
Compute: Matrix pair 16 computed in 0.014447 seconds (8.86 TFLOPS)
Compute: Result transferred in 0.053237 seconds
Worker 17: Matrix pair 17 transferred in 0.013090 seconds
Compute: Matrix pair 17 computed in 0.016937 seconds (7.56 TFLOPS)
Compute: Result transferred in 0.063419 seconds
Worker 18: Matrix pair 18 transferred in 0.012901 seconds
Compute: Matrix pair 18 computed in 0.015972 seconds (8.01 TFLOPS)
Compute: Result transferred in 0.052767 seconds
Worker 19: Matrix pair 19 transferred in 0.018375 seconds
Compute: Matrix pair 19 computed in 0.211752 seconds (0.60 TFLOPS)
Compute: Result transferred in 0.054752 seconds
Worker 20: Matrix pair 20 transferred in 0.039703 seconds
Compute: Matrix pair 20 computed in 0.065413 seconds (1.96 TFLOPS)
Compute: Result transferred in 0.067837 seconds
Worker 21: Matrix pair 21 transferred in 0.240108 seconds
Compute: Matrix pair 21 computed in 0.014126 seconds (9.06 TFLOPS)
Compute: Result transferred in 0.070238 seconds
Worker 22: Matrix pair 22 transferred in 0.014613 seconds
Compute: Matrix pair 22 computed in 0.014565 seconds (8.79 TFLOPS)
Compute: Result transferred in 0.059415 seconds
Worker 23: Matrix pair 23 transferred in 0.014817 seconds
Compute: Matrix pair 23 computed in 0.016655 seconds (7.69 TFLOPS)
Compute: Result transferred in 0.052637 seconds
Worker 24: Matrix pair 24 transferred in 0.018283 seconds
Compute: Matrix pair 24 computed in 0.097007 seconds (1.32 TFLOPS)
Compute: Result transferred in 0.055568 seconds
Worker 25: Matrix pair 25 transferred in 0.017733 seconds
Compute: Matrix pair 25 computed in 0.015106 seconds (8.47 TFLOPS)
Compute: Result transferred in 0.054456 seconds
Epoch 0:
  Learning rate: 0.01000
  Total epoch time: 32.8823 sec
  Batch loading time: 1.3869 sec
  Training computation time: 17.4242 sec
  Evaluation time: 13.9115 sec
  Number of batches: 390
  Training set accuracy: 0.012000 (1.20%)
  Test set accuracy: 0.012300 (1.23%)
  Best test accuracy so far: 0.012300 (1.23%)

Worker 26: Matrix pair 26 transferred in 0.017446 seconds
Compute: Matrix pair 26 computed in 0.009364 seconds (13.67 TFLOPS)
Compute: Result transferred in 0.055821 seconds
Worker 27: Matrix pair 27 transferred in 0.019041 seconds
Epoch 1: train_acc=0.0148, test_acc=0.0174, time=1.47s
Compute: Matrix pair 27 computed in 0.014452 seconds (8.86 TFLOPS)
Compute: Result transferred in 0.053820 seconds
Epoch 2: train_acc=0.0190, test_acc=0.0209, time=1.10s
Worker 28: Matrix pair 28 transferred in 0.020149 seconds
Compute: Matrix pair 28 computed in 0.015479 seconds (8.27 TFLOPS)
Compute: Result transferred in 0.054823 seconds
Epoch 3: train_acc=0.0242, test_acc=0.0244, time=1.16s
Worker 29: Matrix pair 29 transferred in 0.018762 seconds
Compute: Matrix pair 29 computed in 0.015294 seconds (8.37 TFLOPS)
Compute: Result transferred in 0.053191 seconds
Epoch 4: train_acc=0.0280, test_acc=0.0294, time=1.16s
Worker 30: Matrix pair 30 transferred in 0.019832 seconds
Compute: Matrix pair 30 computed in 0.015894 seconds (8.05 TFLOPS)
Compute: Result transferred in 0.055549 seconds
Epoch 5: train_acc=0.0322, test_acc=0.0332, time=1.16s
Worker 31: Matrix pair 31 transferred in 0.020188 seconds
Compute: Matrix pair 31 computed in 0.009248 seconds (13.84 TFLOPS)
Compute: Result transferred in 0.055378 seconds
Epoch 6: train_acc=0.0344, test_acc=0.0365, time=1.16s
Worker 32: Matrix pair 32 transferred in 0.020013 seconds
Compute: Matrix pair 32 computed in 0.015955 seconds (8.02 TFLOPS)
Compute: Result transferred in 0.055565 seconds
Epoch 7: train_acc=0.0374, test_acc=0.0410, time=1.17s
Worker 33: Matrix pair 33 transferred in 0.018912 seconds
Compute: Matrix pair 33 computed in 0.012247 seconds (10.45 TFLOPS)
Compute: Result transferred in 0.053016 seconds
Epoch 8: train_acc=0.0410, test_acc=0.0434, time=1.16s
Worker 34: Matrix pair 34 transferred in 0.020288 seconds
Compute: Matrix pair 34 computed in 0.015747 seconds (8.13 TFLOPS)
Compute: Result transferred in 0.053478 seconds
Worker 35: Matrix pair 35 transferred in 0.014597 seconds
Compute: Matrix pair 35 computed in 0.011852 seconds (10.80 TFLOPS)
Compute: Result transferred in 0.081384 seconds
Epoch 9: train_acc=0.0458, test_acc=0.0475, time=1.82s
Worker 36: Matrix pair 36 transferred in 0.018259 seconds
Compute: Matrix pair 36 computed in 0.008878 seconds (14.42 TFLOPS)
Compute: Result transferred in 0.057620 seconds
Epoch 10:
  Learning rate: 0.00500
  Total epoch time: 1.1531 sec
  Batch loading time: 1.3373 sec
  Training computation time: 0.8538 sec
  Evaluation time: 0.2561 sec
  Number of batches: 390
  Training set accuracy: 0.048000 (4.80%)
  Test set accuracy: 0.049600 (4.96%)
  Best test accuracy so far: 0.049600 (4.96%)

Worker 37: Matrix pair 37 transferred in 0.017839 seconds
Compute: Matrix pair 37 computed in 0.009215 seconds (13.89 TFLOPS)
Compute: Result transferred in 0.057437 seconds
Epoch 11: train_acc=0.0512, test_acc=0.0516, time=1.17s
Worker 38: Matrix pair 38 transferred in 0.013184 seconds
Compute: Matrix pair 38 computed in 0.008881 seconds (14.41 TFLOPS)
Compute: Result transferred in 0.057412 seconds
Epoch 12: train_acc=0.0484, test_acc=0.0533, time=1.16s
Worker 39: Matrix pair 39 transferred in 0.017476 seconds
Compute: Matrix pair 39 computed in 0.016076 seconds (7.96 TFLOPS)
Compute: Result transferred in 0.057198 seconds
Epoch 13: train_acc=0.0524, test_acc=0.0549, time=1.15s
Worker 40: Matrix pair 40 transferred in 0.019633 seconds
Compute: Matrix pair 40 computed in 0.009184 seconds (13.94 TFLOPS)
Compute: Result transferred in 0.057364 seconds
Epoch 14: train_acc=0.0570, test_acc=0.0556, time=1.16s
Worker 41: Matrix pair 41 transferred in 0.019395 seconds
Compute: Matrix pair 41 computed in 0.009415 seconds (13.59 TFLOPS)
Compute: Result transferred in 0.057938 seconds
Epoch 15: train_acc=0.0582, test_acc=0.0572, time=1.17s
Worker 42: Matrix pair 42 transferred in 0.018838 seconds
Compute: Matrix pair 42 computed in 0.009637 seconds (13.28 TFLOPS)
Compute: Result transferred in 0.056851 seconds
Epoch 16: train_acc=0.0582, test_acc=0.0579, time=1.17s
Worker 43: Matrix pair 43 transferred in 0.020314 seconds
Compute: Matrix pair 43 computed in 0.009906 seconds (12.92 TFLOPS)
Compute: Result transferred in 0.055644 seconds
Epoch 17: train_acc=0.0608, test_acc=0.0590, time=1.18s
Worker 44: Matrix pair 44 transferred in 0.035767 seconds
Compute: Matrix pair 44 computed in 0.105013 seconds (1.22 TFLOPS)
Compute: Result transferred in 0.097851 seconds
Epoch 18: train_acc=0.0642, test_acc=0.0600, time=1.78s
Worker 45: Matrix pair 45 transferred in 0.019341 seconds
Compute: Matrix pair 45 computed in 0.015457 seconds (8.28 TFLOPS)
Compute: Result transferred in 0.055122 seconds
Epoch 19: train_acc=0.0622, test_acc=0.0611, time=1.15s
Worker 46: Matrix pair 46 transferred in 0.018701 seconds
Compute: Matrix pair 46 computed in 0.016101 seconds (7.95 TFLOPS)
Compute: Result transferred in 0.056181 seconds
Epoch 20:
  Learning rate: 0.00100
  Total epoch time: 1.1632 sec
  Batch loading time: 1.0759 sec
  Training computation time: 0.8197 sec
  Evaluation time: 0.2290 sec
  Number of batches: 390
  Training set accuracy: 0.063000 (6.30%)
  Test set accuracy: 0.061500 (6.15%)
  Best test accuracy so far: 0.061500 (6.15%)

Worker 47: Matrix pair 47 transferred in 0.018461 seconds
Compute: Matrix pair 47 computed in 0.015716 seconds (8.14 TFLOPS)
Compute: Result transferred in 0.055470 seconds
Epoch 21: train_acc=0.0584, test_acc=0.0618, time=1.16s
Worker 48: Matrix pair 48 transferred in 0.017645 seconds
Compute: Matrix pair 48 computed in 0.015380 seconds (8.32 TFLOPS)
Compute: Result transferred in 0.072072 seconds
Epoch 22: train_acc=0.0674, test_acc=0.0619, time=1.16s
Worker 49: Matrix pair 49 transferred in 0.018776 seconds
Compute: Matrix pair 49 computed in 0.015535 seconds (8.24 TFLOPS)
Compute: Result transferred in 0.056442 seconds
Epoch 23: train_acc=0.0598, test_acc=0.0621, time=1.16s
Worker 50: Matrix pair 50 transferred in 0.022135 seconds
Compute: Matrix pair 50 computed in 0.009850 seconds (12.99 TFLOPS)
Compute: Result transferred in 0.057333 seconds
Epoch 24: train_acc=0.0678, test_acc=0.0623, time=1.17s
Worker 51: Matrix pair 51 transferred in 0.019560 seconds
Compute: Matrix pair 51 computed in 0.011064 seconds (11.57 TFLOPS)
Compute: Result transferred in 0.057656 seconds
Epoch 25: train_acc=0.0682, test_acc=0.0624, time=1.16s
Worker 52: Matrix pair 52 transferred in 0.020978 seconds
Compute: Matrix pair 52 computed in 0.015454 seconds (8.28 TFLOPS)
Compute: Result transferred in 0.056274 seconds
Epoch 26: train_acc=0.0556, test_acc=0.0626, time=1.17s
Worker 53: Matrix pair 53 transferred in 0.019872 seconds
Compute: Matrix pair 53 computed in 0.015743 seconds (8.13 TFLOPS)
Compute: Result transferred in 0.056473 seconds
Worker 54: Matrix pair 54 transferred in 0.013794 seconds
Compute: Matrix pair 54 computed in 0.018141 seconds (7.06 TFLOPS)
Compute: Result transferred in 0.064018 seconds
Epoch 27: train_acc=0.0648, test_acc=0.0629, time=1.78s
Worker 55: Matrix pair 55 transferred in 0.017159 seconds
Compute: Matrix pair 55 computed in 0.010773 seconds (11.88 TFLOPS)
Compute: Result transferred in 0.057459 seconds
Epoch 28: train_acc=0.0710, test_acc=0.0633, time=1.15s
Worker 56: Matrix pair 56 transferred in 0.017614 seconds
Compute: Matrix pair 56 computed in 0.009243 seconds (13.85 TFLOPS)
Compute: Result transferred in 0.057493 seconds
Epoch 29: train_acc=0.0694, test_acc=0.0634, time=1.17s
Worker 57: Matrix pair 57 transferred in 0.018230 seconds
Compute: Matrix pair 57 computed in 0.011239 seconds (11.39 TFLOPS)
Compute: Result transferred in 0.055694 seconds
Epoch 30:
  Learning rate: 0.00100
  Total epoch time: 1.1660 sec
  Batch loading time: 1.0442 sec
  Training computation time: 0.8545 sec
  Evaluation time: 0.2602 sec
  Number of batches: 390
  Training set accuracy: 0.068600 (6.86%)
  Test set accuracy: 0.063500 (6.35%)
  Best test accuracy so far: 0.063500 (6.35%)

Worker 58: Matrix pair 58 transferred in 0.021438 seconds
Compute: Matrix pair 58 computed in 0.009201 seconds (13.91 TFLOPS)
Compute: Result transferred in 0.058602 seconds
Epoch 31: train_acc=0.0690, test_acc=0.0637, time=1.17s
Worker 59: Matrix pair 59 transferred in 0.019496 seconds
Compute: Matrix pair 59 computed in 0.016153 seconds (7.92 TFLOPS)
Compute: Result transferred in 0.056831 seconds
Epoch 32: train_acc=0.0750, test_acc=0.0640, time=1.19s
Worker 60: Matrix pair 60 transferred in 0.020419 seconds
Compute: Matrix pair 60 computed in 0.009446 seconds (13.55 TFLOPS)
Compute: Result transferred in 0.056836 seconds
Epoch 33: train_acc=0.0742, test_acc=0.0642, time=1.14s
Worker 61: Matrix pair 61 transferred in 0.017477 seconds
Compute: Matrix pair 61 computed in 0.009276 seconds (13.80 TFLOPS)
Compute: Result transferred in 0.057888 seconds
Epoch 34: train_acc=0.0712, test_acc=0.0644, time=1.24s
Warning: Batch queue is empty, waiting for prefetcher...
Worker 62: Matrix pair 62 transferred in 0.018135 seconds
Compute: Matrix pair 62 computed in 0.009209 seconds (13.90 TFLOPS)
Compute: Result transferred in 0.074537 seconds
Epoch 35: train_acc=0.0616, test_acc=0.0644, time=1.13s
Warning: Batch queue is empty, waiting for prefetcher...
Worker 63: Matrix pair 63 transferred in 0.018772 seconds
Compute: Matrix pair 63 computed in 0.033452 seconds (3.83 TFLOPS)
Compute: Result transferred in 0.057618 seconds
Epoch 36: train_acc=0.0648, test_acc=0.0648, time=1.15s
Warning: Batch queue is empty, waiting for prefetcher...
Worker 64: Matrix pair 64 transferred in 0.018228 seconds
Compute: Matrix pair 64 computed in 0.008866 seconds (14.44 TFLOPS)
Compute: Result transferred in 0.057324 seconds
Epoch 37: train_acc=0.0646, test_acc=0.0653, time=1.16s
Worker 65: Matrix pair 65 transferred in 0.021303 seconds
Compute: Matrix pair 65 computed in 0.010222 seconds (12.52 TFLOPS)
Compute: Result transferred in 0.055882 seconds
Epoch 38: train_acc=0.0656, test_acc=0.0651, time=1.17s
Worker 66: Matrix pair 66 transferred in 0.020127 seconds
Compute: Matrix pair 66 computed in 0.010713 seconds (11.95 TFLOPS)
Compute: Result transferred in 0.056978 seconds
Epoch 39: train_acc=0.0662, test_acc=0.0655, time=1.17s
Worker 67: Matrix pair 67 transferred in 0.018475 seconds
Compute: Matrix pair 67 computed in 0.009524 seconds (13.44 TFLOPS)
Compute: Result transferred in 0.057919 seconds
Epoch 40:
  Learning rate: 0.00100
  Total epoch time: 1.1678 sec
  Batch loading time: 1.0612 sec
  Training computation time: 0.8586 sec
  Evaluation time: 0.2578 sec
  Number of batches: 390
  Training set accuracy: 0.066800 (6.68%)
  Test set accuracy: 0.065800 (6.58%)
  Best test accuracy so far: 0.065800 (6.58%)

Worker 68: Matrix pair 68 transferred in 0.020222 seconds
Compute: Matrix pair 68 computed in 0.009583 seconds (13.36 TFLOPS)
Compute: Result transferred in 0.057645 seconds
Epoch 41: train_acc=0.0710, test_acc=0.0660, time=1.16s
Worker 69: Matrix pair 69 transferred in 0.019337 seconds
Compute: Matrix pair 69 computed in 0.009517 seconds (13.45 TFLOPS)
Compute: Result transferred in 0.058257 seconds
Epoch 42: train_acc=0.0662, test_acc=0.0659, time=1.16s
Worker 70: Matrix pair 70 transferred in 0.017683 seconds
Compute: Matrix pair 70 computed in 0.009910 seconds (12.92 TFLOPS)
Compute: Result transferred in 0.058048 seconds
Epoch 43: train_acc=0.0650, test_acc=0.0658, time=1.17s
Worker 71: Matrix pair 71 transferred in 0.084574 seconds
Compute: Matrix pair 71 computed in 0.111670 seconds (1.15 TFLOPS)
Compute: Result transferred in 0.079369 seconds
Epoch 44: train_acc=0.0614, test_acc=0.0664, time=1.83s
Worker 72: Matrix pair 72 transferred in 0.019916 seconds
Compute: Matrix pair 72 computed in 0.015526 seconds (8.24 TFLOPS)
Compute: Result transferred in 0.054879 seconds
Epoch 45: train_acc=0.0666, test_acc=0.0664, time=1.16s
Worker 73: Matrix pair 73 transferred in 0.018381 seconds
Compute: Matrix pair 73 computed in 0.015255 seconds (8.39 TFLOPS)
Compute: Result transferred in 0.055134 seconds
Epoch 46: train_acc=0.0706, test_acc=0.0667, time=1.16s
Worker 74: Matrix pair 74 transferred in 0.020845 seconds
Compute: Matrix pair 74 computed in 0.015835 seconds (8.08 TFLOPS)
Compute: Result transferred in 0.054781 seconds
Epoch 47: train_acc=0.0694, test_acc=0.0670, time=1.16s
Worker 75: Matrix pair 75 transferred in 0.020004 seconds
Compute: Matrix pair 75 computed in 0.015614 seconds (8.20 TFLOPS)
Compute: Result transferred in 0.056657 seconds
Epoch 48: train_acc=0.0758, test_acc=0.0671, time=1.16s
Worker 76: Matrix pair 76 transferred in 0.018675 seconds
Compute: Matrix pair 76 computed in 0.015615 seconds (8.20 TFLOPS)
Compute: Result transferred in 0.056360 seconds
Epoch 49: train_acc=0.0704, test_acc=0.0674, time=1.17s
Worker 77: Matrix pair 77 transferred in 0.016831 seconds
Compute: Matrix pair 77 computed in 0.015884 seconds (8.06 TFLOPS)
Compute: Result transferred in 0.057546 seconds
Epoch 50:
  Learning rate: 0.00100
  Total epoch time: 1.1411 sec
  Batch loading time: 1.0885 sec
  Training computation time: 0.8418 sec
  Evaluation time: 0.1931 sec
  Number of batches: 390
  Training set accuracy: 0.067400 (6.74%)
  Test set accuracy: 0.068000 (6.80%)
  Best test accuracy so far: 0.068000 (6.80%)

Worker 78: Matrix pair 78 transferred in 0.017154 seconds
Compute: Matrix pair 78 computed in 0.016019 seconds (7.99 TFLOPS)
Compute: Result transferred in 0.056448 seconds
Epoch 51: train_acc=0.0686, test_acc=0.0683, time=1.16s
Worker 79: Matrix pair 79 transferred in 0.018348 seconds
Compute: Matrix pair 79 computed in 0.015990 seconds (8.01 TFLOPS)
Compute: Result transferred in 0.057082 seconds
Epoch 52: train_acc=0.0638, test_acc=0.0687, time=1.16s
Worker 80: Matrix pair 80 transferred in 0.018966 seconds
Compute: Matrix pair 80 computed in 0.015624 seconds (8.19 TFLOPS)
Compute: Result transferred in 0.055388 seconds
Epoch 53: train_acc=0.0694, test_acc=0.0688, time=1.20s
Warning: Batch queue is empty, waiting for prefetcher...
Worker 81: Matrix pair 81 transferred in 0.019076 seconds
Compute: Matrix pair 81 computed in 0.008992 seconds (14.23 TFLOPS)
Compute: Result transferred in 0.056107 seconds
Worker 82: Matrix pair 82 transferred in 0.028282 seconds
Epoch 54: train_acc=0.0720, test_acc=0.0692, time=1.29s
Warning: Batch queue is empty, waiting for prefetcher...
Compute: Matrix pair 82 computed in 0.016461 seconds (7.78 TFLOPS)
Compute: Result transferred in 0.070053 seconds
Epoch 55: train_acc=0.0722, test_acc=0.0699, time=1.07s
Warning: Batch queue is empty, waiting for prefetcher...
Worker 83: Matrix pair 83 transferred in 0.016695 seconds
Compute: Matrix pair 83 computed in 0.009957 seconds (12.86 TFLOPS)
Compute: Result transferred in 0.057593 seconds
Epoch 56: train_acc=0.0708, test_acc=0.0700, time=1.16s
Warning: Batch queue is empty, waiting for prefetcher...
Worker 84: Matrix pair 84 transferred in 0.018956 seconds
Compute: Matrix pair 84 computed in 0.009086 seconds (14.09 TFLOPS)
Compute: Result transferred in 0.057555 seconds
Epoch 57: train_acc=0.0706, test_acc=0.0701, time=1.17s
Warning: Batch queue is empty, waiting for prefetcher...
Worker 85: Matrix pair 85 transferred in 0.017263 seconds
Compute: Matrix pair 85 computed in 0.009491 seconds (13.49 TFLOPS)
Compute: Result transferred in 0.057158 seconds
Epoch 58: train_acc=0.0742, test_acc=0.0701, time=1.17s
Warning: Batch queue is empty, waiting for prefetcher...
Worker 86: Matrix pair 86 transferred in 0.018434 seconds
Compute: Matrix pair 86 computed in 0.009651 seconds (13.26 TFLOPS)
Compute: Result transferred in 0.056979 seconds
Epoch 59: train_acc=0.0686, test_acc=0.0703, time=1.15s
Worker 87: Matrix pair 87 transferred in 0.018193 seconds
Compute: Matrix pair 87 computed in 0.015618 seconds (8.20 TFLOPS)
Compute: Result transferred in 0.057171 seconds
Epoch 60:
  Learning rate: 0.00100
  Total epoch time: 1.1642 sec
  Batch loading time: 0.9532 sec
  Training computation time: 0.8235 sec
  Evaluation time: 0.2281 sec
  Number of batches: 390
  Training set accuracy: 0.065400 (6.54%)
  Test set accuracy: 0.070400 (7.04%)
  Best test accuracy so far: 0.070400 (7.04%)

Worker 88: Matrix pair 88 transferred in 0.021147 seconds
Compute: Matrix pair 88 computed in 0.015645 seconds (8.18 TFLOPS)
Compute: Result transferred in 0.056033 seconds
Epoch 61: train_acc=0.0712, test_acc=0.0706, time=1.18s
Worker 89: Matrix pair 89 transferred in 0.018642 seconds
Compute: Matrix pair 89 computed in 0.015797 seconds (8.10 TFLOPS)
Compute: Result transferred in 0.057446 seconds
Worker 90: Matrix pair 90 transferred in 0.013607 seconds
Compute: Matrix pair 90 computed in 0.009911 seconds (12.92 TFLOPS)
Compute: Result transferred in 0.069587 seconds
Epoch 62: train_acc=0.0752, test_acc=0.0707, time=1.77s
Worker 91: Matrix pair 91 transferred in 0.018373 seconds
Compute: Matrix pair 91 computed in 0.024343 seconds (5.26 TFLOPS)
Compute: Result transferred in 0.057199 seconds
Epoch 63: train_acc=0.0662, test_acc=0.0711, time=1.16s
Worker 92: Matrix pair 92 transferred in 0.018390 seconds
Compute: Matrix pair 92 computed in 0.009318 seconds (13.74 TFLOPS)
Compute: Result transferred in 0.057092 seconds
Epoch 64: train_acc=0.0760, test_acc=0.0713, time=1.17s
Worker 93: Matrix pair 93 transferred in 0.019711 seconds
Compute: Matrix pair 93 computed in 0.009614 seconds (13.31 TFLOPS)
Compute: Result transferred in 0.068671 seconds
Epoch 65: train_acc=0.0668, test_acc=0.0717, time=1.19s
Warning: Batch queue is empty, waiting for prefetcher...
Worker 94: Matrix pair 94 transferred in 0.019996 seconds
Compute: Matrix pair 94 computed in 0.009197 seconds (13.92 TFLOPS)
Compute: Result transferred in 0.057690 seconds
Epoch 66: train_acc=0.0708, test_acc=0.0722, time=1.15s
Warning: Batch queue is empty, waiting for prefetcher...
Worker 95: Matrix pair 95 transferred in 0.019463 seconds
Compute: Matrix pair 95 computed in 0.009385 seconds (13.64 TFLOPS)
Compute: Result transferred in 0.057573 seconds
Epoch 67: train_acc=0.0728, test_acc=0.0729, time=1.12s
Warning: Batch queue is empty, waiting for prefetcher...
Worker 96: Matrix pair 96 transferred in 0.021325 seconds
Compute: Matrix pair 96 computed in 0.009313 seconds (13.74 TFLOPS)
Compute: Result transferred in 0.057278 seconds
Epoch 68: train_acc=0.0760, test_acc=0.0730, time=1.17s
Warning: Batch queue is empty, waiting for prefetcher...
Worker 97: Matrix pair 97 transferred in 0.019161 seconds
Compute: Matrix pair 97 computed in 0.011191 seconds (11.44 TFLOPS)
Compute: Result transferred in 0.058301 seconds
Epoch 69: train_acc=0.0692, test_acc=0.0735, time=1.16s
Warning: Batch queue is empty, waiting for prefetcher...
Worker 98: Matrix pair 98 transferred in 0.019107 seconds
Compute: Matrix pair 98 computed in 0.009445 seconds (13.55 TFLOPS)
Compute: Result transferred in 0.057527 seconds
Epoch 70:
  Learning rate: 0.00100
  Total epoch time: 1.1553 sec
  Batch loading time: 1.0154 sec
  Training computation time: 0.8755 sec
  Evaluation time: 0.2275 sec
  Number of batches: 390
  Training set accuracy: 0.071400 (7.14%)
  Test set accuracy: 0.073600 (7.36%)
  Best test accuracy so far: 0.073600 (7.36%)

Worker 99: Matrix pair 99 transferred in 0.018605 seconds
Compute: Matrix pair 99 computed in 0.009691 seconds (13.21 TFLOPS)
Compute: Result transferred in 0.055816 seconds
Epoch 71: train_acc=0.0704, test_acc=0.0740, time=1.16s
Worker 100: Matrix pair 100 transferred in 0.013164 seconds
Compute: Matrix pair 100 computed in 0.044237 seconds (2.89 TFLOPS)
Compute: Result transferred in 0.074238 seconds
Epoch 72: train_acc=0.0748, test_acc=0.0740, time=1.74s
Worker 101: Matrix pair 101 transferred in 0.017581 seconds
Compute: Matrix pair 101 computed in 0.017083 seconds (7.49 TFLOPS)
Compute: Result transferred in 0.056685 seconds
Epoch 73: train_acc=0.0792, test_acc=0.0738, time=1.15s
Worker 102: Matrix pair 102 transferred in 0.020235 seconds
Compute: Matrix pair 102 computed in 0.015817 seconds (8.09 TFLOPS)
Compute: Result transferred in 0.055120 seconds
Worker 103: Matrix pair 103 transferred in 0.016206 seconds
Compute: Matrix pair 103 computed in 0.009397 seconds (13.62 TFLOPS)
Compute: Result transferred in 0.090881 seconds
Epoch 74: train_acc=0.0734, test_acc=0.0743, time=1.76s
Worker 104: Matrix pair 104 transferred in 0.017778 seconds
Compute: Matrix pair 104 computed in 0.009699 seconds (13.20 TFLOPS)
Compute: Result transferred in 0.058036 seconds
Epoch 75: train_acc=0.0750, test_acc=0.0744, time=1.13s
Worker 105: Matrix pair 105 transferred in 0.016494 seconds
Compute: Matrix pair 105 computed in 0.009323 seconds (13.73 TFLOPS)
Compute: Result transferred in 0.058025 seconds
Epoch 76: train_acc=0.0722, test_acc=0.0750, time=1.16s
Worker 106: Matrix pair 106 transferred in 0.017417 seconds
Compute: Matrix pair 106 computed in 0.012702 seconds (10.08 TFLOPS)
Compute: Result transferred in 0.058209 seconds
Epoch 77: train_acc=0.0776, test_acc=0.0751, time=1.17s
Worker 107: Matrix pair 107 transferred in 0.020374 seconds
Compute: Matrix pair 107 computed in 0.009446 seconds (13.55 TFLOPS)
Compute: Result transferred in 0.057464 seconds
Epoch 78: train_acc=0.0748, test_acc=0.0752, time=1.17s
Worker 108: Matrix pair 108 transferred in 0.021092 seconds
Compute: Matrix pair 108 computed in 0.014418 seconds (8.88 TFLOPS)
Compute: Result transferred in 0.056571 seconds
Epoch 79: train_acc=0.0794, test_acc=0.0757, time=1.17s
Worker 109: Matrix pair 109 transferred in 0.017848 seconds
Compute: Matrix pair 109 computed in 0.009372 seconds (13.66 TFLOPS)
Compute: Result transferred in 0.057232 seconds
Epoch 80:
  Learning rate: 0.00100
  Total epoch time: 1.1656 sec
  Batch loading time: 1.0698 sec
  Training computation time: 0.8703 sec
  Evaluation time: 0.2438 sec
  Number of batches: 390
  Training set accuracy: 0.084000 (8.40%)
  Test set accuracy: 0.075900 (7.59%)
  Best test accuracy so far: 0.075900 (7.59%)

Worker 110: Matrix pair 110 transferred in 0.019982 seconds
Compute: Matrix pair 110 computed in 0.009258 seconds (13.83 TFLOPS)
Compute: Result transferred in 0.057280 seconds
Worker 111: Matrix pair 111 transferred in 0.018814 seconds
Epoch 81: train_acc=0.0748, test_acc=0.0758, time=1.76s
Compute: Matrix pair 111 computed in 0.015731 seconds (8.14 TFLOPS)
Compute: Result transferred in 0.057210 seconds
Epoch 82: train_acc=0.0788, test_acc=0.0759, time=1.14s
Warning: Batch queue is empty, waiting for prefetcher...
Worker 112: Matrix pair 112 transferred in 0.018965 seconds
Compute: Matrix pair 112 computed in 0.009363 seconds (13.67 TFLOPS)
Compute: Result transferred in 0.055157 seconds
Epoch 83: train_acc=0.0770, test_acc=0.0763, time=1.15s
Worker 113: Matrix pair 113 transferred in 0.016598 seconds
Compute: Matrix pair 113 computed in 0.015890 seconds (8.06 TFLOPS)
Compute: Result transferred in 0.054890 seconds
Epoch 84: train_acc=0.0802, test_acc=0.0766, time=1.16s
Worker 114: Matrix pair 114 transferred in 0.017784 seconds
Compute: Matrix pair 114 computed in 0.015822 seconds (8.09 TFLOPS)
Compute: Result transferred in 0.056461 seconds
Epoch 85: train_acc=0.0804, test_acc=0.0768, time=1.16s
Worker 115: Matrix pair 115 transferred in 0.018547 seconds
Compute: Matrix pair 115 computed in 0.015934 seconds (8.03 TFLOPS)
Compute: Result transferred in 0.055263 seconds
Epoch 86: train_acc=0.0792, test_acc=0.0770, time=1.16s
Worker 116: Matrix pair 116 transferred in 0.018216 seconds
Compute: Matrix pair 116 computed in 0.015698 seconds (8.15 TFLOPS)
Compute: Result transferred in 0.056337 seconds
Epoch 87: train_acc=0.0820, test_acc=0.0773, time=1.16s
Worker 117: Matrix pair 117 transferred in 0.019101 seconds
Compute: Matrix pair 117 computed in 0.015802 seconds (8.10 TFLOPS)
Compute: Result transferred in 0.056294 seconds
Epoch 88: train_acc=0.0716, test_acc=0.0772, time=1.16s
Worker 118: Matrix pair 118 transferred in 0.020377 seconds
Compute: Matrix pair 118 computed in 0.015708 seconds (8.15 TFLOPS)
Compute: Result transferred in 0.056450 seconds
Epoch 89: train_acc=0.0732, test_acc=0.0775, time=1.16s
Worker 119: Matrix pair 119 transferred in 0.018834 seconds
Compute: Matrix pair 119 computed in 0.016265 seconds (7.87 TFLOPS)
Compute: Result transferred in 0.056529 seconds
Worker 120: Matrix pair 120 transferred in 0.115764 seconds
Compute: Matrix pair 120 computed in 0.019515 seconds (6.56 TFLOPS)
Compute: Result transferred in 0.104040 seconds
Epoch 90:
  Learning rate: 0.00100
  Total epoch time: 1.9012 sec
  Batch loading time: 1.0557 sec
  Training computation time: 1.3151 sec
  Evaluation time: 0.4717 sec
  Number of batches: 390
  Training set accuracy: 0.080000 (8.00%)
  Test set accuracy: 0.077800 (7.78%)
  Best test accuracy so far: 0.077800 (7.78%)

Worker 121: Matrix pair 121 transferred in 0.017858 seconds
Compute: Matrix pair 121 computed in 0.009846 seconds (13.00 TFLOPS)
Compute: Result transferred in 0.056948 seconds
Epoch 91: train_acc=0.0794, test_acc=0.0778, time=1.15s
Worker 122: Matrix pair 122 transferred in 0.021041 seconds
Compute: Matrix pair 122 computed in 0.009408 seconds (13.60 TFLOPS)
Compute: Result transferred in 0.055489 seconds
Epoch 92: train_acc=0.0804, test_acc=0.0780, time=1.17s
Worker 123: Matrix pair 123 transferred in 0.019238 seconds
Compute: Matrix pair 123 computed in 0.009506 seconds (13.47 TFLOPS)
Compute: Result transferred in 0.056317 seconds
Epoch 93: train_acc=0.0810, test_acc=0.0779, time=1.16s
Worker 124: Matrix pair 124 transferred in 0.019347 seconds
Compute: Matrix pair 124 computed in 0.009645 seconds (13.27 TFLOPS)
Compute: Result transferred in 0.055606 seconds
Epoch 94: train_acc=0.0856, test_acc=0.0781, time=1.17s
Worker 125: Matrix pair 125 transferred in 0.021165 seconds
Compute: Matrix pair 125 computed in 0.009600 seconds (13.33 TFLOPS)
Compute: Result transferred in 0.056026 seconds
Epoch 95: train_acc=0.0792, test_acc=0.0784, time=1.17s
Worker 126: Matrix pair 126 transferred in 0.018825 seconds
Compute: Matrix pair 126 computed in 0.009749 seconds (13.13 TFLOPS)
Compute: Result transferred in 0.055332 seconds
Epoch 96: train_acc=0.0810, test_acc=0.0785, time=1.17s
Worker 127: Matrix pair 127 transferred in 0.018275 seconds
Compute: Matrix pair 127 computed in 0.012892 seconds (9.93 TFLOPS)
Compute: Result transferred in 0.057799 seconds
Epoch 97: train_acc=0.0744, test_acc=0.0788, time=1.16s
Worker 128: Matrix pair 128 transferred in 0.017114 seconds
Compute: Matrix pair 128 computed in 0.012435 seconds (10.29 TFLOPS)
Compute: Result transferred in 0.057666 seconds
Epoch 98: train_acc=0.0882, test_acc=0.0791, time=1.74s
Worker 129: Matrix pair 129 transferred in 0.020728 seconds
Compute: Matrix pair 129 computed in 0.017585 seconds (7.28 TFLOPS)
Compute: Result transferred in 0.057301 seconds
Worker 130: Matrix pair 130 transferred in 0.016746 seconds
Compute: Matrix pair 130 computed in 0.016808 seconds (7.62 TFLOPS)
Compute: Result transferred in 0.063951 seconds
Epoch 99: train_acc=0.0840, test_acc=0.0791, time=1.77s
Worker 131: Matrix pair 131 transferred in 0.018291 seconds
Compute: Matrix pair 131 computed in 0.009168 seconds (13.96 TFLOPS)
Compute: Result transferred in 0.057413 seconds
Epoch 100:
  Learning rate: 0.00100
  Total epoch time: 1.1559 sec
  Batch loading time: 0.9736 sec
  Training computation time: 0.8741 sec
  Evaluation time: 0.2360 sec
  Number of batches: 390
  Training set accuracy: 0.082600 (8.26%)
  Test set accuracy: 0.079400 (7.94%)
  Best test accuracy so far: 0.079400 (7.94%)

Worker 132: Matrix pair 132 transferred in 0.019196 seconds
Compute: Matrix pair 132 computed in 0.009739 seconds (13.14 TFLOPS)
Compute: Result transferred in 0.057881 seconds
Epoch 101: train_acc=0.0818, test_acc=0.0796, time=1.17s
Worker 133: Matrix pair 133 transferred in 0.017396 seconds
Compute: Matrix pair 133 computed in 0.009840 seconds (13.01 TFLOPS)
Compute: Result transferred in 0.057275 seconds
Epoch 102: train_acc=0.0858, test_acc=0.0794, time=1.17s
Worker 134: Matrix pair 134 transferred in 0.018842 seconds
Compute: Matrix pair 134 computed in 0.009545 seconds (13.41 TFLOPS)
Compute: Result transferred in 0.057398 seconds
Epoch 103: train_acc=0.0864, test_acc=0.0799, time=1.17s
Worker 135: Matrix pair 135 transferred in 0.019891 seconds
Compute: Matrix pair 135 computed in 0.009817 seconds (13.04 TFLOPS)
Compute: Result transferred in 0.057466 seconds
Epoch 104: train_acc=0.0810, test_acc=0.0803, time=1.17s
Worker 136: Matrix pair 136 transferred in 0.020791 seconds
Compute: Matrix pair 136 computed in 0.010978 seconds (11.66 TFLOPS)
Compute: Result transferred in 0.057411 seconds
Epoch 105: train_acc=0.0770, test_acc=0.0802, time=1.17s
Worker 137: Matrix pair 137 transferred in 0.017764 seconds
Compute: Matrix pair 137 computed in 0.009335 seconds (13.71 TFLOPS)
Compute: Result transferred in 0.058111 seconds
Worker 138: Matrix pair 138 transferred in 0.044573 seconds
Epoch 106: train_acc=0.0886, test_acc=0.0806, time=2.00s
Compute: Matrix pair 138 computed in 0.111714 seconds (1.15 TFLOPS)
Compute: Result transferred in 0.101707 seconds
Worker 139: Matrix pair 139 transferred in 0.012430 seconds
Compute: Matrix pair 139 computed in 0.009505 seconds (13.47 TFLOPS)
Compute: Result transferred in 0.055696 seconds
Epoch 107: train_acc=0.0866, test_acc=0.0808, time=1.54s
Worker 140: Matrix pair 140 transferred in 0.020074 seconds
Compute: Matrix pair 140 computed in 0.010026 seconds (12.77 TFLOPS)
Compute: Result transferred in 0.058054 seconds
Epoch 108: train_acc=0.0836, test_acc=0.0809, time=1.17s
Worker 141: Matrix pair 141 transferred in 0.020781 seconds
Compute: Matrix pair 141 computed in 0.009072 seconds (14.11 TFLOPS)
Compute: Result transferred in 0.065583 seconds
Epoch 109: train_acc=0.0790, test_acc=0.0812, time=1.28s
Warning: Batch queue is empty, waiting for prefetcher...
Worker 142: Matrix pair 142 transferred in 0.017185 seconds
Compute: Matrix pair 142 computed in 0.009181 seconds (13.94 TFLOPS)
Compute: Result transferred in 0.057556 seconds
Epoch 110:
  Learning rate: 0.00100
  Total epoch time: 1.1644 sec
  Batch loading time: 1.3657 sec
  Training computation time: 0.9542 sec
  Evaluation time: 0.0366 sec
  Number of batches: 390
  Training set accuracy: 0.084000 (8.40%)
  Test set accuracy: 0.081400 (8.14%)
  Best test accuracy so far: 0.081400 (8.14%)

Warning: Batch queue is empty, waiting for prefetcher...
Worker 143: Matrix pair 143 transferred in 0.019780 seconds
Compute: Matrix pair 143 computed in 0.012943 seconds (9.89 TFLOPS)
Compute: Result transferred in 0.056067 seconds
Epoch 111: train_acc=0.0754, test_acc=0.0814, time=1.17s
Warning: Batch queue is empty, waiting for prefetcher...
Worker 144: Matrix pair 144 transferred in 0.017524 seconds
Compute: Matrix pair 144 computed in 0.009465 seconds (13.52 TFLOPS)
Compute: Result transferred in 0.057667 seconds
Epoch 112: train_acc=0.0838, test_acc=0.0812, time=1.17s
Warning: Batch queue is empty, waiting for prefetcher...
Worker 145: Matrix pair 145 transferred in 0.018421 seconds
Compute: Matrix pair 145 computed in 0.009295 seconds (13.77 TFLOPS)
Compute: Result transferred in 0.057615 seconds
Epoch 113: train_acc=0.0930, test_acc=0.0815, time=1.16s
Worker 146: Matrix pair 146 transferred in 0.019265 seconds
Compute: Matrix pair 146 computed in 0.009224 seconds (13.88 TFLOPS)
Compute: Result transferred in 0.055563 seconds
Epoch 114: train_acc=0.0864, test_acc=0.0815, time=1.16s
Worker 147: Matrix pair 147 transferred in 0.020522 seconds
Compute: Matrix pair 147 computed in 0.105640 seconds (1.21 TFLOPS)
Compute: Result transferred in 0.067709 seconds
Epoch 115: train_acc=0.0790, test_acc=0.0815, time=1.76s
Worker 148: Matrix pair 148 transferred in 0.019321 seconds
Compute: Matrix pair 148 computed in 0.015956 seconds (8.02 TFLOPS)
Compute: Result transferred in 0.055603 seconds
Epoch 116: train_acc=0.0852, test_acc=0.0816, time=1.15s
Worker 149: Matrix pair 149 transferred in 0.020236 seconds
Compute: Matrix pair 149 computed in 0.015797 seconds (8.10 TFLOPS)
Compute: Result transferred in 0.056103 seconds
Epoch 117: train_acc=0.0888, test_acc=0.0818, time=1.17s
Worker 150: Matrix pair 150 transferred in 0.018075 seconds
Compute: Matrix pair 150 computed in 0.016344 seconds (7.83 TFLOPS)
Compute: Result transferred in 0.056145 seconds
Worker 151: Matrix pair 151 transferred in 0.016741 seconds
Epoch 118: train_acc=0.0872, test_acc=0.0824, time=1.22s
Warning: Batch queue is empty, waiting for prefetcher...
Compute: Matrix pair 151 computed in 0.009876 seconds (12.96 TFLOPS)
Compute: Result transferred in 0.055704 seconds
Epoch 119: train_acc=0.0836, test_acc=0.0825, time=1.13s
Warning: Batch queue is empty, waiting for prefetcher...
Worker 152: Matrix pair 152 transferred in 0.016927 seconds
Compute: Matrix pair 152 computed in 0.009191 seconds (13.93 TFLOPS)
Compute: Result transferred in 0.057269 seconds
Epoch 120:
  Learning rate: 0.00100
  Total epoch time: 1.1625 sec
  Batch loading time: 1.0443 sec
  Training computation time: 0.8870 sec
  Evaluation time: 0.1091 sec
  Number of batches: 390
  Training set accuracy: 0.088200 (8.82%)
  Test set accuracy: 0.082400 (8.24%)
  Best test accuracy so far: 0.082500 (8.25%)

Warning: Batch queue is empty, waiting for prefetcher...
Worker 153: Matrix pair 153 transferred in 0.018070 seconds
Compute: Matrix pair 153 computed in 0.009193 seconds (13.92 TFLOPS)
Compute: Result transferred in 0.055627 seconds
Epoch 121: train_acc=0.0884, test_acc=0.0824, time=1.16s
Warning: Batch queue is empty, waiting for prefetcher...
Worker 154: Matrix pair 154 transferred in 0.018981 seconds
Compute: Matrix pair 154 computed in 0.009064 seconds (14.12 TFLOPS)
Compute: Result transferred in 0.054979 seconds
Epoch 122: train_acc=0.0840, test_acc=0.0828, time=1.16s
Warning: Batch queue is empty, waiting for prefetcher...
Worker 155: Matrix pair 155 transferred in 0.017526 seconds
Compute: Matrix pair 155 computed in 0.008965 seconds (14.28 TFLOPS)
Compute: Result transferred in 0.056992 seconds
Epoch 123: train_acc=0.0874, test_acc=0.0831, time=1.16s
Warning: Batch queue is empty, waiting for prefetcher...
Worker 156: Matrix pair 156 transferred in 0.017978 seconds
Compute: Matrix pair 156 computed in 0.009070 seconds (14.11 TFLOPS)
Compute: Result transferred in 0.057827 seconds
Epoch 124: train_acc=0.0892, test_acc=0.0830, time=1.17s
Warning: Batch queue is empty, waiting for prefetcher...
Worker 157: Matrix pair 157 transferred in 0.017841 seconds
Compute: Matrix pair 157 computed in 0.015660 seconds (8.17 TFLOPS)
Compute: Result transferred in 0.057112 seconds
Epoch 125: train_acc=0.0912, test_acc=0.0834, time=1.16s
Warning: Batch queue is empty, waiting for prefetcher...
Worker 158: Matrix pair 158 transferred in 0.020576 seconds
Compute: Matrix pair 158 computed in 0.009116 seconds (14.04 TFLOPS)
Compute: Result transferred in 0.055608 seconds
Worker 159: Matrix pair 159 transferred in 0.063095 seconds
Compute: Matrix pair 159 computed in 0.009127 seconds (14.02 TFLOPS)
Compute: Result transferred in 0.086586 seconds
Epoch 126: train_acc=0.0900, test_acc=0.0834, time=1.80s
Worker 160: Matrix pair 160 transferred in 0.020633 seconds
Compute: Matrix pair 160 computed in 0.012558 seconds (10.19 TFLOPS)
Compute: Result transferred in 0.055982 seconds
Epoch 127: train_acc=0.0918, test_acc=0.0836, time=1.16s
Worker 161: Matrix pair 161 transferred in 0.018858 seconds
Compute: Matrix pair 161 computed in 0.010897 seconds (11.75 TFLOPS)
Compute: Result transferred in 0.057759 seconds
Epoch 128: train_acc=0.0888, test_acc=0.0838, time=1.17s
Worker 162: Matrix pair 162 transferred in 0.018996 seconds
Compute: Matrix pair 162 computed in 0.009422 seconds (13.59 TFLOPS)
Compute: Result transferred in 0.058166 seconds
Epoch 129: train_acc=0.0848, test_acc=0.0840, time=1.16s
Worker 163: Matrix pair 163 transferred in 0.020303 seconds
Compute: Matrix pair 163 computed in 0.009331 seconds (13.72 TFLOPS)
Compute: Result transferred in 0.055425 seconds
Epoch 130:
  Learning rate: 0.00100
  Total epoch time: 1.1689 sec
  Batch loading time: 1.0654 sec
  Training computation time: 0.8528 sec
  Evaluation time: 0.2642 sec
  Number of batches: 390
  Training set accuracy: 0.083600 (8.36%)
  Test set accuracy: 0.084400 (8.44%)
  Best test accuracy so far: 0.084400 (8.44%)

Worker 164: Matrix pair 164 transferred in 0.017168 seconds
Compute: Matrix pair 164 computed in 0.011045 seconds (11.59 TFLOPS)
Compute: Result transferred in 0.055895 seconds
Epoch 131: train_acc=0.0890, test_acc=0.0843, time=1.15s
Worker 165: Matrix pair 165 transferred in 0.019958 seconds
Compute: Matrix pair 165 computed in 0.009748 seconds (13.13 TFLOPS)
Compute: Result transferred in 0.056092 seconds
Epoch 132: train_acc=0.0874, test_acc=0.0841, time=1.17s
Worker 166: Matrix pair 166 transferred in 0.020196 seconds
Compute: Matrix pair 166 computed in 0.009471 seconds (13.51 TFLOPS)
Compute: Result transferred in 0.055317 seconds
Epoch 133: train_acc=0.0888, test_acc=0.0842, time=1.17s
Worker 167: Matrix pair 167 transferred in 0.019182 seconds
Compute: Matrix pair 167 computed in 0.012469 seconds (10.27 TFLOPS)
Compute: Result transferred in 0.056263 seconds
Epoch 134: train_acc=0.0892, test_acc=0.0844, time=1.17s
Worker 168: Matrix pair 168 transferred in 0.077438 seconds
Compute: Matrix pair 168 computed in 0.057129 seconds (2.24 TFLOPS)
Compute: Result transferred in 0.082143 seconds
Epoch 135: train_acc=0.0890, test_acc=0.0846, time=1.83s
Worker 169: Matrix pair 169 transferred in 0.020706 seconds
Compute: Matrix pair 169 computed in 0.009448 seconds (13.55 TFLOPS)
Compute: Result transferred in 0.057640 seconds
Epoch 136: train_acc=0.0906, test_acc=0.0848, time=1.16s
Worker 170: Matrix pair 170 transferred in 0.018244 seconds
Compute: Matrix pair 170 computed in 0.015244 seconds (8.40 TFLOPS)
Compute: Result transferred in 0.055801 seconds
Epoch 137: train_acc=0.0932, test_acc=0.0851, time=1.16s
Worker 171: Matrix pair 171 transferred in 0.020670 seconds
Compute: Matrix pair 171 computed in 0.015644 seconds (8.18 TFLOPS)
Compute: Result transferred in 0.056711 seconds
Epoch 138: train_acc=0.0864, test_acc=0.0852, time=1.17s
Worker 172: Matrix pair 172 transferred in 0.018490 seconds
Compute: Matrix pair 172 computed in 0.015606 seconds (8.20 TFLOPS)
Compute: Result transferred in 0.056052 seconds
Epoch 139: train_acc=0.0838, test_acc=0.0852, time=1.17s
Worker 173: Matrix pair 173 transferred in 0.018750 seconds
Compute: Matrix pair 173 computed in 0.016101 seconds (7.95 TFLOPS)
Compute: Result transferred in 0.056448 seconds
Epoch 140:
  Learning rate: 0.00100
  Total epoch time: 1.1619 sec
  Batch loading time: 1.0311 sec
  Training computation time: 0.8390 sec
  Evaluation time: 0.2090 sec
  Number of batches: 390
  Training set accuracy: 0.090600 (9.06%)
  Test set accuracy: 0.085600 (8.56%)
  Best test accuracy so far: 0.085600 (8.56%)

Worker 174: Matrix pair 174 transferred in 0.020688 seconds
Compute: Matrix pair 174 computed in 0.015641 seconds (8.18 TFLOPS)
Compute: Result transferred in 0.056229 seconds
Epoch 141: train_acc=0.0934, test_acc=0.0856, time=1.17s
Worker 175: Matrix pair 175 transferred in 0.018893 seconds
Compute: Matrix pair 175 computed in 0.016306 seconds (7.85 TFLOPS)
Compute: Result transferred in 0.056583 seconds
Epoch 142: train_acc=0.0970, test_acc=0.0859, time=1.17s
Worker 176: Matrix pair 176 transferred in 0.018675 seconds
Compute: Matrix pair 176 computed in 0.016412 seconds (7.80 TFLOPS)
Compute: Result transferred in 0.055156 seconds
Epoch 143: train_acc=0.0908, test_acc=0.0864, time=1.17s
Worker 177: Matrix pair 177 transferred in 0.018648 seconds
Compute: Matrix pair 177 computed in 0.015638 seconds (8.19 TFLOPS)
Compute: Result transferred in 0.062675 seconds
Worker 178: Matrix pair 178 transferred in 0.050687 seconds
Epoch 144: train_acc=0.0942, test_acc=0.0865, time=1.32s
Compute: Matrix pair 178 computed in 0.031585 seconds (4.05 TFLOPS)
Compute: Result transferred in 0.064303 seconds
Epoch 145: train_acc=0.0840, test_acc=0.0866, time=1.10s
Warning: Batch queue is empty, waiting for prefetcher...
Worker 179: Matrix pair 179 transferred in 0.016773 seconds
Compute: Matrix pair 179 computed in 0.009774 seconds (13.10 TFLOPS)
Compute: Result transferred in 0.055908 seconds
Epoch 146: train_acc=0.0912, test_acc=0.0867, time=1.16s
Worker 180: Matrix pair 180 transferred in 0.020023 seconds
Compute: Matrix pair 180 computed in 0.015638 seconds (8.19 TFLOPS)
Compute: Result transferred in 0.054293 seconds
Epoch 147: train_acc=0.0946, test_acc=0.0871, time=1.17s
Worker 181: Matrix pair 181 transferred in 0.019037 seconds
Compute: Matrix pair 181 computed in 0.015891 seconds (8.06 TFLOPS)
Compute: Result transferred in 0.056263 seconds
Epoch 148: train_acc=0.0992, test_acc=0.0873, time=1.17s
Worker 182: Matrix pair 182 transferred in 0.018524 seconds
Compute: Matrix pair 182 computed in 0.015718 seconds (8.14 TFLOPS)
Compute: Result transferred in 0.056603 seconds
Epoch 149: train_acc=0.0902, test_acc=0.0871, time=1.17s
Worker 183: Matrix pair 183 transferred in 0.016936 seconds
Compute: Matrix pair 183 computed in 0.015735 seconds (8.13 TFLOPS)
Compute: Result transferred in 0.055581 seconds
Epoch 150:
  Learning rate: 0.00100
  Total epoch time: 1.1644 sec
  Batch loading time: 1.0782 sec
  Training computation time: 0.8482 sec
  Evaluation time: 0.2059 sec
  Number of batches: 390
  Training set accuracy: 0.096400 (9.64%)
  Test set accuracy: 0.087500 (8.75%)
  Best test accuracy so far: 0.087500 (8.75%)

Worker 184: Matrix pair 184 transferred in 0.020715 seconds
Compute: Matrix pair 184 computed in 0.015718 seconds (8.14 TFLOPS)
Compute: Result transferred in 0.054550 seconds
Worker 185: Matrix pair 185 transferred in 0.013570 seconds
Epoch 151: train_acc=0.0902, test_acc=0.0877, time=1.31s
Warning: Batch queue is empty, waiting for prefetcher...
Compute: Matrix pair 185 computed in 0.009680 seconds (13.22 TFLOPS)
Compute: Result transferred in 0.079661 seconds
Worker 186: Matrix pair 186 transferred in 0.012300 seconds
Compute: Matrix pair 186 computed in 0.016026 seconds (7.99 TFLOPS)
Compute: Result transferred in 0.056597 seconds
Epoch 152: train_acc=0.0924, test_acc=0.0880, time=1.65s
Worker 187: Matrix pair 187 transferred in 0.020607 seconds
Compute: Matrix pair 187 computed in 0.009395 seconds (13.62 TFLOPS)
Compute: Result transferred in 0.055859 seconds
Epoch 153: train_acc=0.0928, test_acc=0.0880, time=1.44s
Worker 188: Matrix pair 188 transferred in 0.019073 seconds
Compute: Matrix pair 188 computed in 0.009025 seconds (14.18 TFLOPS)
Compute: Result transferred in 0.055954 seconds
Epoch 154: train_acc=0.0892, test_acc=0.0881, time=1.49s
Worker 189: Matrix pair 189 transferred in 0.017536 seconds
Compute: Matrix pair 189 computed in 0.015626 seconds (8.19 TFLOPS)
Compute: Result transferred in 0.056344 seconds
Epoch 155: train_acc=0.0956, test_acc=0.0886, time=1.16s
Worker 190: Matrix pair 190 transferred in 0.018961 seconds
Compute: Matrix pair 190 computed in 0.015673 seconds (8.17 TFLOPS)
Compute: Result transferred in 0.057656 seconds
Epoch 156: train_acc=0.0906, test_acc=0.0887, time=1.18s
Warning: Batch queue is empty, waiting for prefetcher...
Worker 191: Matrix pair 191 transferred in 0.017067 seconds
Compute: Matrix pair 191 computed in 0.008949 seconds (14.30 TFLOPS)
Compute: Result transferred in 0.056951 seconds
Epoch 157: train_acc=0.0904, test_acc=0.0889, time=1.17s
Warning: Batch queue is empty, waiting for prefetcher...
Worker 192: Matrix pair 192 transferred in 0.016573 seconds
Compute: Matrix pair 192 computed in 0.009050 seconds (14.14 TFLOPS)
Compute: Result transferred in 0.057447 seconds
Epoch 158: train_acc=0.0964, test_acc=0.0889, time=1.17s
Warning: Batch queue is empty, waiting for prefetcher...
Worker 193: Matrix pair 193 transferred in 0.016665 seconds
Compute: Matrix pair 193 computed in 0.009098 seconds (14.07 TFLOPS)
Compute: Result transferred in 0.055692 seconds
Worker 194: Matrix pair 194 transferred in 0.013190 seconds
Epoch 159: train_acc=0.0992, test_acc=0.0893, time=1.26s
Warning: Batch queue is empty, waiting for prefetcher...
Compute: Matrix pair 194 computed in 0.012799 seconds (10.00 TFLOPS)
Compute: Result transferred in 0.066022 seconds
Worker 195: Matrix pair 195 transferred in 0.013140 seconds
Compute: Matrix pair 195 computed in 0.009047 seconds (14.15 TFLOPS)
Compute: Result transferred in 0.057017 seconds
Epoch 160:
  Learning rate: 0.00100
  Total epoch time: 1.7215 sec
  Batch loading time: 1.1540 sec
  Training computation time: 1.0087 sec
  Evaluation time: 0.5699 sec
  Number of batches: 390
  Training set accuracy: 0.096000 (9.60%)
  Test set accuracy: 0.089400 (8.94%)
  Best test accuracy so far: 0.089400 (8.94%)

Worker 196: Matrix pair 196 transferred in 0.019139 seconds
Compute: Matrix pair 196 computed in 0.011079 seconds (11.55 TFLOPS)
Compute: Result transferred in 0.055190 seconds
Epoch 161: train_acc=0.0930, test_acc=0.0895, time=1.12s
Warning: Batch queue is empty, waiting for prefetcher...
Worker 197: Matrix pair 197 transferred in 0.017772 seconds
Compute: Matrix pair 197 computed in 0.010393 seconds (12.32 TFLOPS)
Compute: Result transferred in 0.058037 seconds
Epoch 162: train_acc=0.0986, test_acc=0.0896, time=1.16s
Worker 198: Matrix pair 198 transferred in 0.019727 seconds
Compute: Matrix pair 198 computed in 0.016269 seconds (7.87 TFLOPS)
Compute: Result transferred in 0.066087 seconds
Epoch 163: train_acc=0.1014, test_acc=0.0901, time=1.20s
Warning: Batch queue is empty, waiting for prefetcher...
Worker 199: Matrix pair 199 transferred in 0.018663 seconds
Compute: Matrix pair 199 computed in 0.009803 seconds (13.06 TFLOPS)
Compute: Result transferred in 0.057521 seconds
Epoch 164: train_acc=0.0940, test_acc=0.0900, time=1.16s
Worker 200: Matrix pair 200 transferred in 0.017953 seconds
Compute: Matrix pair 200 computed in 0.009492 seconds (13.49 TFLOPS)
Compute: Result transferred in 0.056093 seconds
Epoch 165: train_acc=0.0872, test_acc=0.0903, time=1.11s
Warning: Batch queue is empty, waiting for prefetcher...
Epoch 166: train_acc=0.0932, test_acc=0.0902, time=1.25s
Epoch 167: train_acc=0.0966, test_acc=0.0902, time=1.12s
Epoch 168: train_acc=0.0978, test_acc=0.0903, time=1.11s
Epoch 169: train_acc=0.0928, test_acc=0.0903, time=1.09s
Epoch 170:
  Learning rate: 0.00100
  Total epoch time: 1.0762 sec
  Batch loading time: 0.8352 sec
  Training computation time: 0.9778 sec
  Evaluation time: 0.0245 sec
  Number of batches: 390
  Training set accuracy: 0.098200 (9.82%)
  Test set accuracy: 0.091100 (9.11%)
  Best test accuracy so far: 0.091100 (9.11%)

Epoch 171: train_acc=0.0954, test_acc=0.0909, time=1.08s
Epoch 172: train_acc=0.0928, test_acc=0.0912, time=1.07s
Epoch 173: train_acc=0.0948, test_acc=0.0912, time=1.07s
Epoch 174: train_acc=0.0950, test_acc=0.0917, time=1.30s
Epoch 175: train_acc=0.0930, test_acc=0.0920, time=1.07s
Epoch 176: train_acc=0.0954, test_acc=0.0921, time=1.07s
Epoch 177: train_acc=0.1054, test_acc=0.0924, time=1.07s
Epoch 178: train_acc=0.0970, test_acc=0.0924, time=1.07s
Epoch 179: train_acc=0.0968, test_acc=0.0925, time=1.08s
Epoch 180:
  Learning rate: 0.00100
  Total epoch time: 1.0678 sec
  Batch loading time: 0.8003 sec
  Training computation time: 1.0036 sec
  Evaluation time: 0.0205 sec
  Number of batches: 390
  Training set accuracy: 0.098800 (9.88%)
  Test set accuracy: 0.092800 (9.28%)
  Best test accuracy so far: 0.092800 (9.28%)

Epoch 181: train_acc=0.0928, test_acc=0.0930, time=1.07s
Epoch 182: train_acc=0.1070, test_acc=0.0931, time=1.07s
Epoch 183: train_acc=0.0980, test_acc=0.0933, time=1.16s
Epoch 184: train_acc=0.1018, test_acc=0.0933, time=1.17s
Epoch 185: train_acc=0.1030, test_acc=0.0936, time=1.06s
Epoch 186: train_acc=0.1030, test_acc=0.0939, time=1.07s
Epoch 187: train_acc=0.1014, test_acc=0.0940, time=1.08s
Epoch 188: train_acc=0.1062, test_acc=0.0941, time=1.08s
Epoch 189: train_acc=0.1000, test_acc=0.0943, time=1.29s
Epoch 190:
  Learning rate: 0.00100
  Total epoch time: 1.0726 sec
  Batch loading time: 0.8790 sec
  Training computation time: 1.0052 sec
  Evaluation time: 0.0220 sec
  Number of batches: 390
  Training set accuracy: 0.101000 (10.10%)
  Test set accuracy: 0.094600 (9.46%)
  Best test accuracy so far: 0.094600 (9.46%)

Epoch 191: train_acc=0.0994, test_acc=0.0951, time=1.07s
Epoch 192: train_acc=0.0994, test_acc=0.0952, time=1.08s
Epoch 193: train_acc=0.0996, test_acc=0.0953, time=1.10s
Epoch 194: train_acc=0.1006, test_acc=0.0953, time=1.06s
Epoch 195: train_acc=0.1020, test_acc=0.0954, time=1.08s
Epoch 196: train_acc=0.0950, test_acc=0.0955, time=1.06s
Epoch 197: train_acc=0.0978, test_acc=0.0958, time=1.07s
Epoch 198: train_acc=0.1056, test_acc=0.0957, time=1.08s
Epoch 199:
  Learning rate: 0.00100
  Total epoch time: 1.2398 sec
  Batch loading time: 0.8198 sec
  Training computation time: 1.0957 sec
  Evaluation time: 0.0537 sec
  Number of batches: 390
  Training set accuracy: 0.103000 (10.30%)
  Test set accuracy: 0.095900 (9.59%)
  Best test accuracy so far: 0.095900 (9.59%)

Batch prefetcher shut down
Matrix 0 transferred in background, took 0.0134 sec
Matrix 1 transferred in background, took 0.0135 sec
Matrix 2 transferred in background, took 0.0110 sec
Matrix 3 transferred in background, took 0.2687 sec
Matrix 4 transferred in background, took 0.0543 sec
Matrix 5 transferred in background, took 0.0636 sec
Matrix 6 transferred in background, took 0.0411 sec
Matrix 7 transferred in background, took 0.0161 sec
Matrix 8 transferred in background, took 0.0168 sec
Matrix 9 transferred in background, took 0.0111 sec
Matrix 10 transferred in background, took 0.0115 sec
Matrix 11 transferred in background, took 0.0128 sec
Matrix 12 transferred in background, took 0.0127 sec
Matrix 13 transferred in background, took 0.0174 sec
Matrix 14 transferred in background, took 0.4895 sec
Matrix 15 transferred in background, took 0.0129 sec
Matrix 16 transferred in background, took 0.0131 sec
Matrix 17 transferred in background, took 0.0129 sec
Matrix 18 transferred in background, took 0.0184 sec
Matrix 19 transferred in background, took 0.0397 sec
Matrix 20 transferred in background, took 0.2401 sec
Matrix 21 transferred in background, took 0.0146 sec
Matrix 22 transferred in background, took 0.0148 sec
Matrix 23 transferred in background, took 0.0183 sec
Matrix 24 transferred in background, took 0.0177 sec
Matrix 25 transferred in background, took 0.0174 sec
Matrix 26 transferred in background, took 0.0190 sec
Matrix 27 transferred in background, took 0.0201 sec
Matrix 28 transferred in background, took 0.0188 sec
Matrix 29 transferred in background, took 0.0198 sec
Matrix 30 transferred in background, took 0.0202 sec
Matrix 31 transferred in background, took 0.0200 sec
Matrix 32 transferred in background, took 0.0189 sec
Matrix 33 transferred in background, took 0.0203 sec
Matrix 34 transferred in background, took 0.0146 sec
Matrix 35 transferred in background, took 0.0183 sec
Matrix 36 transferred in background, took 0.0178 sec
Matrix 37 transferred in background, took 0.0132 sec
Matrix 38 transferred in background, took 0.0175 sec
Matrix 39 transferred in background, took 0.0196 sec
Matrix 40 transferred in background, took 0.0194 sec
Matrix 41 transferred in background, took 0.0188 sec
Matrix 42 transferred in background, took 0.0203 sec
Matrix 43 transferred in background, took 0.0358 sec
Matrix 44 transferred in background, took 0.0193 sec
Matrix 45 transferred in background, took 0.0187 sec
Matrix 46 transferred in background, took 0.0185 sec
Matrix 47 transferred in background, took 0.0176 sec
Matrix 48 transferred in background, took 0.0188 sec
Matrix 49 transferred in background, took 0.0221 sec
Matrix 50 transferred in background, took 0.0196 sec
Matrix 51 transferred in background, took 0.0210 sec
Matrix 52 transferred in background, took 0.0199 sec
Matrix 53 transferred in background, took 0.0138 sec
Matrix 54 transferred in background, took 0.0172 sec
Matrix 55 transferred in background, took 0.0176 sec
Matrix 56 transferred in background, took 0.0182 sec
Matrix 57 transferred in background, took 0.0214 sec
Matrix 58 transferred in background, took 0.0195 sec
Matrix 59 transferred in background, took 0.0204 sec
Matrix 60 transferred in background, took 0.0175 sec
Matrix 61 transferred in background, took 0.0181 sec
Matrix 62 transferred in background, took 0.0188 sec
Matrix 63 transferred in background, took 0.0182 sec
Matrix 64 transferred in background, took 0.0213 sec
Matrix 65 transferred in background, took 0.0201 sec
Matrix 66 transferred in background, took 0.0185 sec
Matrix 67 transferred in background, took 0.0202 sec
Matrix 68 transferred in background, took 0.0193 sec
Matrix 69 transferred in background, took 0.0177 sec
Matrix 70 transferred in background, took 0.0846 sec
Matrix 71 transferred in background, took 0.0199 sec
Matrix 72 transferred in background, took 0.0184 sec
Matrix 73 transferred in background, took 0.0208 sec
Matrix 74 transferred in background, took 0.0200 sec
Matrix 75 transferred in background, took 0.0187 sec
Matrix 76 transferred in background, took 0.0168 sec
Matrix 77 transferred in background, took 0.0172 sec
Matrix 78 transferred in background, took 0.0183 sec
Matrix 79 transferred in background, took 0.0190 sec
Matrix 80 transferred in background, took 0.0191 sec
Matrix 81 transferred in background, took 0.0283 sec
Matrix 82 transferred in background, took 0.0167 sec
Matrix 83 transferred in background, took 0.0190 sec
Matrix 84 transferred in background, took 0.0173 sec
Matrix 85 transferred in background, took 0.0184 sec
Matrix 86 transferred in background, took 0.0182 sec
Matrix 87 transferred in background, took 0.0211 sec
Matrix 88 transferred in background, took 0.0186 sec
Matrix 89 transferred in background, took 0.0136 sec
Matrix 90 transferred in background, took 0.0184 sec
Matrix 91 transferred in background, took 0.0184 sec
Matrix 92 transferred in background, took 0.0197 sec
Matrix 93 transferred in background, took 0.0200 sec
Matrix 94 transferred in background, took 0.0195 sec
Matrix 95 transferred in background, took 0.0213 sec
Matrix 96 transferred in background, took 0.0192 sec
Matrix 97 transferred in background, took 0.0191 sec
Matrix 98 transferred in background, took 0.0186 sec
Matrix 99 transferred in background, took 0.0132 sec
Matrix 100 transferred in background, took 0.0176 sec
Matrix 101 transferred in background, took 0.0202 sec
Matrix 102 transferred in background, took 0.0162 sec
Matrix 103 transferred in background, took 0.0178 sec
Matrix 104 transferred in background, took 0.0165 sec
Matrix 105 transferred in background, took 0.0174 sec
Matrix 106 transferred in background, took 0.0204 sec
Matrix 107 transferred in background, took 0.0211 sec
Matrix 108 transferred in background, took 0.0178 sec
Matrix 109 transferred in background, took 0.0200 sec
Matrix 110 transferred in background, took 0.0188 sec
Matrix 111 transferred in background, took 0.0190 sec
Matrix 112 transferred in background, took 0.0166 sec
Matrix 113 transferred in background, took 0.0178 sec
Matrix 114 transferred in background, took 0.0185 sec
Matrix 115 transferred in background, took 0.0182 sec
Matrix 116 transferred in background, took 0.0191 sec
Matrix 117 transferred in background, took 0.0204 sec
Matrix 118 transferred in background, took 0.0188 sec
Matrix 119 transferred in background, took 0.1158 sec
Matrix 120 transferred in background, took 0.0179 sec
Matrix 121 transferred in background, took 0.0210 sec
Matrix 122 transferred in background, took 0.0192 sec
Matrix 123 transferred in background, took 0.0193 sec
Matrix 124 transferred in background, took 0.0212 sec
Matrix 125 transferred in background, took 0.0188 sec
Matrix 126 transferred in background, took 0.0183 sec
Matrix 127 transferred in background, took 0.0171 sec
Matrix 128 transferred in background, took 0.0207 sec
Matrix 129 transferred in background, took 0.0167 sec
Matrix 130 transferred in background, took 0.0183 sec
Matrix 131 transferred in background, took 0.0192 sec
Matrix 132 transferred in background, took 0.0174 sec
Matrix 133 transferred in background, took 0.0188 sec
Matrix 134 transferred in background, took 0.0199 sec
Matrix 135 transferred in background, took 0.0208 sec
Matrix 136 transferred in background, took 0.0178 sec
Matrix 137 transferred in background, took 0.0446 sec
Matrix 138 transferred in background, took 0.0124 sec
Matrix 139 transferred in background, took 0.0201 sec
Matrix 140 transferred in background, took 0.0208 sec
Matrix 141 transferred in background, took 0.0172 sec
Matrix 142 transferred in background, took 0.0198 sec
Matrix 143 transferred in background, took 0.0175 sec
Matrix 144 transferred in background, took 0.0184 sec
Matrix 145 transferred in background, took 0.0193 sec
Matrix 146 transferred in background, took 0.0205 sec
Matrix 147 transferred in background, took 0.0193 sec
Matrix 148 transferred in background, took 0.0202 sec
Matrix 149 transferred in background, took 0.0181 sec
Matrix 150 transferred in background, took 0.0167 sec
Matrix 151 transferred in background, took 0.0169 sec
Matrix 152 transferred in background, took 0.0181 sec
Matrix 153 transferred in background, took 0.0190 sec
Matrix 154 transferred in background, took 0.0175 sec
Matrix 155 transferred in background, took 0.0180 sec
Matrix 156 transferred in background, took 0.0178 sec
Matrix 157 transferred in background, took 0.0206 sec
Matrix 158 transferred in background, took 0.0631 sec
Matrix 159 transferred in background, took 0.0206 sec
Matrix 160 transferred in background, took 0.0189 sec
Matrix 161 transferred in background, took 0.0190 sec
Matrix 162 transferred in background, took 0.0203 sec
Matrix 163 transferred in background, took 0.0172 sec
Matrix 164 transferred in background, took 0.0200 sec
Matrix 165 transferred in background, took 0.0202 sec
Matrix 166 transferred in background, took 0.0192 sec
Matrix 167 transferred in background, took 0.0774 sec
Matrix 168 transferred in background, took 0.0207 sec
Matrix 169 transferred in background, took 0.0182 sec
Matrix 170 transferred in background, took 0.0207 sec
Matrix 171 transferred in background, took 0.0185 sec
Matrix 172 transferred in background, took 0.0187 sec
Matrix 173 transferred in background, took 0.0207 sec
Matrix 174 transferred in background, took 0.0189 sec
Matrix 175 transferred in background, took 0.0187 sec
Matrix 176 transferred in background, took 0.0186 sec
Matrix 177 transferred in background, took 0.0507 sec
Matrix 178 transferred in background, took 0.0168 sec
Matrix 179 transferred in background, took 0.0200 sec
Matrix 180 transferred in background, took 0.0190 sec
Matrix 181 transferred in background, took 0.0185 sec
Matrix 182 transferred in background, took 0.0169 sec
Matrix 183 transferred in background, took 0.0207 sec
Matrix 184 transferred in background, took 0.0136 sec
Matrix 185 transferred in background, took 0.0123 sec
Matrix 186 transferred in background, took 0.0206 sec
Matrix 187 transferred in background, took 0.0191 sec
Matrix 188 transferred in background, took 0.0175 sec
Matrix 189 transferred in background, took 0.0190 sec
Matrix 190 transferred in background, took 0.0171 sec
Matrix 191 transferred in background, took 0.0166 sec
Matrix 192 transferred in background, took 0.0167 sec
Matrix 193 transferred in background, took 0.0132 sec
Matrix 194 transferred in background, took 0.0131 sec
Matrix 195 transferred in background, took 0.0191 sec
Matrix 196 transferred in background, took 0.0178 sec
Matrix 197 transferred in background, took 0.0197 sec
Matrix 198 transferred in background, took 0.0187 sec
Matrix 199 transferred in background, took 0.0180 sec
All matrix computations completed
=== Training Summary ===
Model initialization time: 19.6966 seconds
Initial dataset loading time: 17.7276 seconds
Function compilation time: 29.6783 seconds
Training loop time: 275.1023 seconds
  - Batch loading time: 209.2724 seconds
  - Computation time: 205.0829 seconds
  - Evaluation time: 50.9073 seconds
Total time: 312.5265 seconds
Final test accuracy: 0.095900 (9.59%)
Best test accuracy: 0.095900 (9.59%)

Reused cached compilation, saved approximately 29.6783 seconds
main executed in 318.882807 seconds
