2025-04-22 10:51:37.559618: E external/local_xla/xla/stream_executor/cuda/cuda_fft.cc:467] Unable to register cuFFT factory: Attempting to register factory for plugin cuFFT when one has already been registered
WARNING: All log messages before absl::InitializeLog() is called are written to STDERR
E0000 00:00:1745311898.084047    5263 cuda_dnn.cc:8579] Unable to register cuDNN factory: Attempting to register factory for plugin cuDNN when one has already been registered
E0000 00:00:1745311898.515040    5263 cuda_blas.cc:1407] Unable to register cuBLAS factory: Attempting to register factory for plugin cuBLAS when one has already been registered
W0000 00:00:1745311899.519866    5263 computation_placer.cc:177] computation placer already registered. Please check linkage and avoid linking the same target more than once.
W0000 00:00:1745311899.520140    5263 computation_placer.cc:177] computation placer already registered. Please check linkage and avoid linking the same target more than once.
W0000 00:00:1745311899.520146    5263 computation_placer.cc:177] computation placer already registered. Please check linkage and avoid linking the same target more than once.
W0000 00:00:1745311899.520149    5263 computation_placer.cc:177] computation placer already registered. Please check linkage and avoid linking the same target more than once.
2025-04-22 10:53:24.729083: E external/xla/xla/stream_executor/cuda/cuda_timer.cc:86] Delay kernel timed out: measured time has sub-optimal accuracy. There may be a missing warmup execution, please investigate in Nsight Systems.
2025-04-22 10:53:24.991653: E external/xla/xla/stream_executor/cuda/cuda_timer.cc:86] Delay kernel timed out: measured time has sub-optimal accuracy. There may be a missing warmup execution, please investigate in Nsight Systems.
2025-04-22 10:53:25.154913: E external/xla/xla/stream_executor/cuda/cuda_timer.cc:86] Delay kernel timed out: measured time has sub-optimal accuracy. There may be a missing warmup execution, please investigate in Nsight Systems.
2025-04-22 10:53:25.302772: E external/xla/xla/stream_executor/cuda/cuda_timer.cc:86] Delay kernel timed out: measured time has sub-optimal accuracy. There may be a missing warmup execution, please investigate in Nsight Systems.
2025-04-22 10:53:25.462601: E external/xla/xla/stream_executor/cuda/cuda_timer.cc:86] Delay kernel timed out: measured time has sub-optimal accuracy. There may be a missing warmup execution, please investigate in Nsight Systems.
2025-04-22 10:53:25.622823: E external/xla/xla/stream_executor/cuda/cuda_timer.cc:86] Delay kernel timed out: measured time has sub-optimal accuracy. There may be a missing warmup execution, please investigate in Nsight Systems.
2025-04-22 10:53:25.778173: E external/xla/xla/stream_executor/cuda/cuda_timer.cc:86] Delay kernel timed out: measured time has sub-optimal accuracy. There may be a missing warmup execution, please investigate in Nsight Systems.
2025-04-22 10:53:25.936040: E external/xla/xla/stream_executor/cuda/cuda_timer.cc:86] Delay kernel timed out: measured time has sub-optimal accuracy. There may be a missing warmup execution, please investigate in Nsight Systems.
2025-04-22 10:53:26.088027: E external/xla/xla/stream_executor/cuda/cuda_timer.cc:86] Delay kernel timed out: measured time has sub-optimal accuracy. There may be a missing warmup execution, please investigate in Nsight Systems.
2025-04-22 10:53:26.238009: E external/xla/xla/stream_executor/cuda/cuda_timer.cc:86] Delay kernel timed out: measured time has sub-optimal accuracy. There may be a missing warmup execution, please investigate in Nsight Systems.
2025-04-22 10:53:26.385514: E external/xla/xla/stream_executor/cuda/cuda_timer.cc:86] Delay kernel timed out: measured time has sub-optimal accuracy. There may be a missing warmup execution, please investigate in Nsight Systems.
2025-04-22 10:53:26.536998: E external/xla/xla/stream_executor/cuda/cuda_timer.cc:86] Delay kernel timed out: measured time has sub-optimal accuracy. There may be a missing warmup execution, please investigate in Nsight Systems.

=== Starting CIFAR-100 CNN with Compilation Caching ===

JAX version: 0.5.3
JAX devices: [CudaDevice(id=0)]

=== Phase 1: Model Initialization ===
Model initialization time: 22.3257 seconds

=== Phase 2: Dataset Loading ===
Dataset info:
  Features: ['id', 'image', 'label', 'coarse_label']
  Label classes: 100
Train: (50000, 32, 32, 3) (50000, 100)
Test: (10000, 32, 32, 3) (10000, 100)
Dataset loading time: 23.0965 seconds

=== Phase 3: Function Compilation ===
Found existing compilation metadata from Tue Apr 22 10:10:25 2025
Using previously compiled function from cache
Previous compilation took 29.6783 seconds

=== Phase 4: Training Loop ===

=== Starting Matrix Computations in Background ===
Initializing matrix worker with control mechanism...
Found existing compilation metadata from Tue Apr 22 10:10:26 2025
Matrix worker started in background
Warning: Batch queue is empty, waiting for prefetcher...
Worker 1: Matrix pair 1 transferred in 0.371810 seconds
Worker 2: Matrix pair 2 transferred in 0.019697 seconds
Worker 3: Matrix pair 3 transferred in 0.011400 seconds
Worker 4: Matrix pair 4 transferred in 0.018243 seconds
Worker 5: Matrix pair 5 transferred in 0.054409 seconds
Worker 6: Matrix pair 6 transferred in 0.090839 seconds
Worker 7: Matrix pair 7 transferred in 0.099247 seconds
Worker 8: Matrix pair 8 transferred in 0.014077 seconds
Worker 9: Matrix pair 9 transferred in 0.017699 seconds
Worker 10: Matrix pair 10 transferred in 0.016584 seconds
Worker 11: Matrix pair 11 transferred in 0.017204 seconds
Worker 12: Matrix pair 12 transferred in 0.016609 seconds
Worker 13: Matrix pair 13 transferred in 0.019251 seconds
Compute: Matrix pair 1 computed in 13.521538 seconds (0.01 TFLOPS)
Compute: Result transferred in 0.084090 seconds
Compute: Matrix pair 2 computed in 0.030368 seconds (4.21 TFLOPS)
Compute: Result transferred in 0.052477 seconds
Worker 14: Matrix pair 14 transferred in 0.010545 seconds
Compute: Matrix pair 3 computed in 1.202645 seconds (0.11 TFLOPS)
Compute: Result transferred in 0.061071 seconds
Compute: Matrix pair 4 computed in 0.086666 seconds (1.48 TFLOPS)
Compute: Result transferred in 0.050443 seconds
Compute: Matrix pair 5 computed in 0.033999 seconds (3.76 TFLOPS)
Compute: Result transferred in 0.049494 seconds
Compute: Matrix pair 6 computed in 0.005584 seconds (22.92 TFLOPS)
Compute: Result transferred in 0.050240 seconds
Compute: Matrix pair 7 computed in 0.005607 seconds (22.83 TFLOPS)
Compute: Result transferred in 0.049539 seconds
Compute: Matrix pair 8 computed in 0.005580 seconds (22.94 TFLOPS)
Compute: Result transferred in 0.049600 seconds
Compute: Matrix pair 9 computed in 0.005615 seconds (22.80 TFLOPS)
Compute: Result transferred in 0.049474 seconds
Compute: Matrix pair 10 computed in 0.005568 seconds (22.99 TFLOPS)
Compute: Result transferred in 0.049821 seconds
Compute: Matrix pair 11 computed in 0.005564 seconds (23.00 TFLOPS)
Compute: Result transferred in 0.056656 seconds
Worker 15: Matrix pair 15 transferred in 0.035452 seconds
Compute: Matrix pair 12 computed in 0.005536 seconds (23.12 TFLOPS)
Compute: Result transferred in 0.050585 seconds
Compute: Matrix pair 13 computed in 0.010523 seconds (12.16 TFLOPS)
Compute: Result transferred in 0.050442 seconds
Compute: Matrix pair 14 computed in 0.005506 seconds (23.25 TFLOPS)
Compute: Result transferred in 0.050054 seconds
Compute: Matrix pair 15 computed in 0.005562 seconds (23.01 TFLOPS)
Compute: Result transferred in 0.050106 seconds
Worker 16: Matrix pair 16 transferred in 0.010915 seconds
Compute: Matrix pair 16 computed in 0.011535 seconds (11.10 TFLOPS)
Compute: Result transferred in 0.047987 seconds
Worker 17: Matrix pair 17 transferred in 0.028484 seconds
Compute: Matrix pair 17 computed in 0.020541 seconds (6.23 TFLOPS)
Compute: Result transferred in 0.057397 seconds
Worker 18: Matrix pair 18 transferred in 0.010503 seconds
Compute: Matrix pair 18 computed in 0.011759 seconds (10.89 TFLOPS)
Compute: Result transferred in 0.049236 seconds
Worker 19: Matrix pair 19 transferred in 0.018520 seconds
Compute: Matrix pair 19 computed in 0.011841 seconds (10.81 TFLOPS)
Compute: Result transferred in 0.050158 seconds
Worker 20: Matrix pair 20 transferred in 0.019564 seconds
Compute: Matrix pair 20 computed in 0.011549 seconds (11.08 TFLOPS)
Compute: Result transferred in 0.048574 seconds
Worker 21: Matrix pair 21 transferred in 0.013531 seconds
Compute: Matrix pair 21 computed in 0.010308 seconds (12.42 TFLOPS)
Compute: Result transferred in 0.049201 seconds
Worker 22: Matrix pair 22 transferred in 0.010913 seconds
Compute: Matrix pair 22 computed in 0.011480 seconds (11.15 TFLOPS)
Compute: Result transferred in 0.049180 seconds
Worker 23: Matrix pair 23 transferred in 0.011179 seconds
Compute: Matrix pair 23 computed in 0.019228 seconds (6.66 TFLOPS)
Compute: Result transferred in 0.052430 seconds
Worker 24: Matrix pair 24 transferred in 0.013080 seconds
Compute: Matrix pair 24 computed in 0.015043 seconds (8.51 TFLOPS)
Compute: Result transferred in 0.050145 seconds
Worker 25: Matrix pair 25 transferred in 0.011366 seconds
Compute: Matrix pair 25 computed in 0.014457 seconds (8.85 TFLOPS)
Compute: Result transferred in 0.051294 seconds
Worker 26: Matrix pair 26 transferred in 0.012966 seconds
Compute: Matrix pair 26 computed in 0.013271 seconds (9.65 TFLOPS)
Compute: Result transferred in 0.050241 seconds
Worker 27: Matrix pair 27 transferred in 0.021931 seconds
Compute: Matrix pair 27 computed in 0.013244 seconds (9.66 TFLOPS)
Compute: Result transferred in 0.053153 seconds
Worker 28: Matrix pair 28 transferred in 0.012089 seconds
Compute: Matrix pair 28 computed in 0.016577 seconds (7.72 TFLOPS)
Compute: Result transferred in 0.066026 seconds
Worker 29: Matrix pair 29 transferred in 0.018018 seconds
Compute: Matrix pair 29 computed in 0.411241 seconds (0.31 TFLOPS)
Compute: Result transferred in 0.053912 seconds
Worker 30: Matrix pair 30 transferred in 0.017868 seconds
Compute: Matrix pair 30 computed in 0.435430 seconds (0.29 TFLOPS)
Compute: Result transferred in 0.055824 seconds
Worker 31: Matrix pair 31 transferred in 0.054601 seconds
Compute: Matrix pair 31 computed in 0.037573 seconds (3.41 TFLOPS)
Compute: Result transferred in 0.065172 seconds
Worker 32: Matrix pair 32 transferred in 0.199083 seconds
Compute: Matrix pair 32 computed in 0.037694 seconds (3.40 TFLOPS)
Compute: Result transferred in 0.064198 seconds
Epoch 0:
  Learning rate: 0.01000
  Total epoch time: 38.8038 sec
  Batch loading time: 0.8746 sec
  Training computation time: 22.5525 sec
  Evaluation time: 13.7761 sec
  Number of batches: 390
Worker 33: Matrix pair 33 transferred in 0.016717 seconds
  Training set accuracy: 0.015000 (1.50%)
  Test set accuracy: 0.012100 (1.21%)
  Best test accuracy so far: 0.012100 (1.21%)

Compute: Matrix pair 33 computed in 0.015191 seconds (8.43 TFLOPS)
Compute: Result transferred in 0.055559 seconds
Worker 34: Matrix pair 34 transferred in 0.017000 seconds
Compute: Matrix pair 34 computed in 0.013875 seconds (9.22 TFLOPS)
Compute: Result transferred in 0.054949 seconds
Worker 35: Matrix pair 35 transferred in 0.027782 seconds
Epoch 1: train_acc=0.0182, test_acc=0.0177, time=2.22s
Compute: Matrix pair 35 computed in 0.013055 seconds (9.80 TFLOPS)
Compute: Result transferred in 0.054505 seconds
Worker 36: Matrix pair 36 transferred in 0.016500 seconds
Compute: Matrix pair 36 computed in 0.008601 seconds (14.88 TFLOPS)
Compute: Result transferred in 0.055178 seconds
Epoch 2: train_acc=0.0216, test_acc=0.0212, time=1.05s
Warning: Batch queue is empty, waiting for prefetcher...
Worker 37: Matrix pair 37 transferred in 0.013811 seconds
Compute: Matrix pair 37 computed in 0.009577 seconds (13.37 TFLOPS)
Compute: Result transferred in 0.054426 seconds
Epoch 3: train_acc=0.0198, test_acc=0.0245, time=1.64s
Worker 38: Matrix pair 38 transferred in 0.015751 seconds
Compute: Matrix pair 38 computed in 0.014381 seconds (8.90 TFLOPS)
Compute: Result transferred in 0.053723 seconds
Epoch 4: train_acc=0.0254, test_acc=0.0279, time=1.65s
Worker 39: Matrix pair 39 transferred in 0.015720 seconds
Compute: Matrix pair 39 computed in 0.011712 seconds (10.93 TFLOPS)
Compute: Result transferred in 0.053568 seconds
Worker 40: Matrix pair 40 transferred in 0.016172 seconds
Compute: Matrix pair 40 computed in 0.007271 seconds (17.60 TFLOPS)
Compute: Result transferred in 0.055727 seconds
Epoch 5: train_acc=0.0290, test_acc=0.0324, time=1.12s
Warning: Batch queue is empty, waiting for prefetcher...
Worker 41: Matrix pair 41 transferred in 0.016797 seconds
Compute: Matrix pair 41 computed in 0.006781 seconds (18.88 TFLOPS)
Compute: Result transferred in 0.054932 seconds
Epoch 6: train_acc=0.0384, test_acc=0.0370, time=1.64s
Worker 42: Matrix pair 42 transferred in 0.019500 seconds
Compute: Matrix pair 42 computed in 0.015487 seconds (8.27 TFLOPS)
Compute: Result transferred in 0.053831 seconds
Worker 43: Matrix pair 43 transferred in 0.021755 seconds
Compute: Matrix pair 43 computed in 0.014879 seconds (8.60 TFLOPS)
Compute: Result transferred in 0.068640 seconds
Worker 44: Matrix pair 44 transferred in 0.010892 seconds
Epoch 7: train_acc=0.0402, test_acc=0.0409, time=2.29s
Compute: Matrix pair 44 computed in 0.015610 seconds (8.20 TFLOPS)
Compute: Result transferred in 0.053419 seconds
Worker 45: Matrix pair 45 transferred in 0.016283 seconds
Compute: Matrix pair 45 computed in 0.014958 seconds (8.56 TFLOPS)
Compute: Result transferred in 0.054939 seconds
Epoch 8: train_acc=0.0418, test_acc=0.0436, time=2.14s
Worker 46: Matrix pair 46 transferred in 0.022117 seconds
Compute: Matrix pair 46 computed in 0.015946 seconds (8.03 TFLOPS)
Compute: Result transferred in 0.055203 seconds
Epoch 9: train_acc=0.0456, test_acc=0.0472, time=1.66s
Worker 47: Matrix pair 47 transferred in 0.019667 seconds
Compute: Matrix pair 47 computed in 0.015241 seconds (8.40 TFLOPS)
Compute: Result transferred in 0.054382 seconds
Worker 48: Matrix pair 48 transferred in 0.022182 seconds
Compute: Matrix pair 48 computed in 0.007861 seconds (16.28 TFLOPS)
Compute: Result transferred in 0.058789 seconds
Epoch 10:
  Learning rate: 0.00500
  Total epoch time: 1.1180 sec
  Batch loading time: 1.0709 sec
  Training computation time: 0.9174 sec
  Evaluation time: 0.0879 sec
  Number of batches: 390
  Training set accuracy: 0.050800 (5.08%)
  Test set accuracy: 0.049500 (4.95%)
  Best test accuracy so far: 0.049500 (4.95%)

Warning: Batch queue is empty, waiting for prefetcher...
Worker 49: Matrix pair 49 transferred in 0.013745 seconds
Compute: Matrix pair 49 computed in 0.007480 seconds (17.11 TFLOPS)
Compute: Result transferred in 0.054975 seconds
Epoch 11: train_acc=0.0500, test_acc=0.0512, time=1.64s
Worker 50: Matrix pair 50 transferred in 0.016564 seconds
Compute: Matrix pair 50 computed in 0.015035 seconds (8.51 TFLOPS)
Compute: Result transferred in 0.054180 seconds
Epoch 12: train_acc=0.0496, test_acc=0.0531, time=1.65s
Worker 51: Matrix pair 51 transferred in 0.022293 seconds
Compute: Matrix pair 51 computed in 0.015240 seconds (8.40 TFLOPS)
Compute: Result transferred in 0.055767 seconds
Worker 52: Matrix pair 52 transferred in 0.017561 seconds
Compute: Matrix pair 52 computed in 0.007082 seconds (18.07 TFLOPS)
Compute: Result transferred in 0.056349 seconds
Epoch 13: train_acc=0.0594, test_acc=0.0550, time=1.12s
Warning: Batch queue is empty, waiting for prefetcher...
Worker 53: Matrix pair 53 transferred in 0.021765 seconds
Compute: Matrix pair 53 computed in 0.007631 seconds (16.77 TFLOPS)
Compute: Result transferred in 0.066219 seconds
Worker 54: Matrix pair 54 transferred in 0.010226 seconds
Compute: Matrix pair 54 computed in 0.014939 seconds (8.57 TFLOPS)
Compute: Result transferred in 0.059664 seconds
Epoch 14: train_acc=0.0574, test_acc=0.0556, time=1.78s
Epoch 15: train_acc=0.0542, test_acc=0.0575, time=1.54s
Worker 55: Matrix pair 55 transferred in 0.016554 seconds
Compute: Matrix pair 55 computed in 0.014284 seconds (8.96 TFLOPS)
Compute: Result transferred in 0.054816 seconds
Worker 56: Matrix pair 56 transferred in 0.016885 seconds
Compute: Matrix pair 56 computed in 0.007132 seconds (17.95 TFLOPS)
Compute: Result transferred in 0.055175 seconds
Epoch 16: train_acc=0.0640, test_acc=0.0578, time=2.19s
Worker 57: Matrix pair 57 transferred in 0.018862 seconds
Compute: Matrix pair 57 computed in 0.015609 seconds (8.20 TFLOPS)
Compute: Result transferred in 0.054324 seconds
Worker 58: Matrix pair 58 transferred in 0.018531 seconds
Compute: Matrix pair 58 computed in 0.008702 seconds (14.71 TFLOPS)
Compute: Result transferred in 0.055205 seconds
Epoch 17: train_acc=0.0628, test_acc=0.0587, time=1.12s
Warning: Batch queue is empty, waiting for prefetcher...
Worker 59: Matrix pair 59 transferred in 0.015818 seconds
Compute: Matrix pair 59 computed in 0.007302 seconds (17.53 TFLOPS)
Compute: Result transferred in 0.054553 seconds
Epoch 18: train_acc=0.0666, test_acc=0.0599, time=1.64s
Worker 60: Matrix pair 60 transferred in 0.017064 seconds
Compute: Matrix pair 60 computed in 0.015839 seconds (8.08 TFLOPS)
Compute: Result transferred in 0.054018 seconds
Epoch 19: train_acc=0.0608, test_acc=0.0611, time=1.65s
Worker 61: Matrix pair 61 transferred in 0.016471 seconds
Compute: Matrix pair 61 computed in 0.015176 seconds (8.43 TFLOPS)
Compute: Result transferred in 0.054717 seconds
Worker 62: Matrix pair 62 transferred in 0.016303 seconds
Compute: Matrix pair 62 computed in 0.016521 seconds (7.75 TFLOPS)
Compute: Result transferred in 0.055080 seconds
Epoch 20:
  Learning rate: 0.00100
  Total epoch time: 1.1171 sec
  Batch loading time: 1.0768 sec
  Training computation time: 0.9164 sec
  Evaluation time: 0.0874 sec
  Number of batches: 390
  Training set accuracy: 0.066800 (6.68%)
  Test set accuracy: 0.061500 (6.15%)
  Best test accuracy so far: 0.061500 (6.15%)

Warning: Batch queue is empty, waiting for prefetcher...
Worker 63: Matrix pair 63 transferred in 0.015842 seconds
Compute: Matrix pair 63 computed in 0.007429 seconds (17.23 TFLOPS)
Compute: Result transferred in 0.065142 seconds
Epoch 21: train_acc=0.0650, test_acc=0.0616, time=1.64s
Worker 64: Matrix pair 64 transferred in 0.016915 seconds
Compute: Matrix pair 64 computed in 0.015656 seconds (8.18 TFLOPS)
Compute: Result transferred in 0.054167 seconds
Epoch 22: train_acc=0.0620, test_acc=0.0616, time=1.65s
Worker 65: Matrix pair 65 transferred in 0.016423 seconds
Compute: Matrix pair 65 computed in 0.014950 seconds (8.56 TFLOPS)
Compute: Result transferred in 0.054126 seconds
Worker 66: Matrix pair 66 transferred in 0.015952 seconds
Compute: Matrix pair 66 computed in 0.008576 seconds (14.93 TFLOPS)
Compute: Result transferred in 0.054497 seconds
Epoch 23: train_acc=0.0636, test_acc=0.0621, time=1.12s
Warning: Batch queue is empty, waiting for prefetcher...
Worker 67: Matrix pair 67 transferred in 0.015558 seconds
Compute: Matrix pair 67 computed in 0.008149 seconds (15.71 TFLOPS)
Compute: Result transferred in 0.063299 seconds
Worker 68: Matrix pair 68 transferred in 0.015955 seconds
Epoch 24: train_acc=0.0686, test_acc=0.0621, time=1.70s
Compute: Matrix pair 68 computed in 0.015360 seconds (8.33 TFLOPS)
Compute: Result transferred in 0.054517 seconds
Epoch 25: train_acc=0.0616, test_acc=0.0623, time=1.59s
Worker 69: Matrix pair 69 transferred in 0.018225 seconds
Compute: Matrix pair 69 computed in 0.015587 seconds (8.21 TFLOPS)
Compute: Result transferred in 0.054446 seconds
Worker 70: Matrix pair 70 transferred in 0.017565 seconds
Compute: Matrix pair 70 computed in 0.016083 seconds (7.96 TFLOPS)
Compute: Result transferred in 0.055349 seconds
Epoch 26: train_acc=0.0656, test_acc=0.0628, time=1.12s
Warning: Batch queue is empty, waiting for prefetcher...
Worker 71: Matrix pair 71 transferred in 0.015849 seconds
Compute: Matrix pair 71 computed in 0.007714 seconds (16.59 TFLOPS)
Compute: Result transferred in 0.055189 seconds
Epoch 27: train_acc=0.0650, test_acc=0.0630, time=1.64s
Worker 72: Matrix pair 72 transferred in 0.018469 seconds
Compute: Matrix pair 72 computed in 0.016718 seconds (7.66 TFLOPS)
Compute: Result transferred in 0.054176 seconds
Worker 73: Matrix pair 73 transferred in 0.010966 seconds
Compute: Matrix pair 73 computed in 0.015238 seconds (8.40 TFLOPS)
Compute: Result transferred in 0.054629 seconds
Epoch 28: train_acc=0.0628, test_acc=0.0630, time=2.24s
Worker 74: Matrix pair 74 transferred in 0.026586 seconds
Compute: Matrix pair 74 computed in 0.013107 seconds (9.77 TFLOPS)
Compute: Result transferred in 0.055034 seconds
Worker 75: Matrix pair 75 transferred in 0.010562 seconds
Epoch 29: train_acc=0.0668, test_acc=0.0636, time=1.71s
Compute: Matrix pair 75 computed in 0.015275 seconds (8.38 TFLOPS)
Compute: Result transferred in 0.054425 seconds
Worker 76: Matrix pair 76 transferred in 0.016363 seconds
Compute: Matrix pair 76 computed in 0.007826 seconds (16.36 TFLOPS)
Compute: Result transferred in 0.055458 seconds
Epoch 30:
  Learning rate: 0.00100
  Total epoch time: 1.5791 sec
  Batch loading time: 1.0882 sec
  Training computation time: 0.9749 sec
  Evaluation time: 0.5512 sec
  Number of batches: 390
  Training set accuracy: 0.068400 (6.84%)
  Test set accuracy: 0.063800 (6.38%)
  Best test accuracy so far: 0.063800 (6.38%)

Worker 77: Matrix pair 77 transferred in 0.016868 seconds
Compute: Matrix pair 77 computed in 0.016314 seconds (7.85 TFLOPS)
Compute: Result transferred in 0.054836 seconds
Epoch 31: train_acc=0.0618, test_acc=0.0640, time=1.11s
Warning: Batch queue is empty, waiting for prefetcher...
Worker 78: Matrix pair 78 transferred in 0.017702 seconds
Compute: Matrix pair 78 computed in 0.007302 seconds (17.53 TFLOPS)
Compute: Result transferred in 0.055114 seconds
Worker 79: Matrix pair 79 transferred in 0.013354 seconds
Compute: Matrix pair 79 computed in 0.015854 seconds (8.07 TFLOPS)
Compute: Result transferred in 0.054158 seconds
Epoch 32: train_acc=0.0660, test_acc=0.0641, time=2.19s
Worker 80: Matrix pair 80 transferred in 0.022511 seconds
Compute: Matrix pair 80 computed in 0.007741 seconds (16.53 TFLOPS)
Compute: Result transferred in 0.055370 seconds
Epoch 33: train_acc=0.0656, test_acc=0.0646, time=1.65s
Worker 81: Matrix pair 81 transferred in 0.018707 seconds
Compute: Matrix pair 81 computed in 0.015955 seconds (8.02 TFLOPS)
Compute: Result transferred in 0.060013 seconds
Worker 82: Matrix pair 82 transferred in 0.019168 seconds
Compute: Matrix pair 82 computed in 0.016055 seconds (7.97 TFLOPS)
Compute: Result transferred in 0.066205 seconds
Worker 83: Matrix pair 83 transferred in 0.012812 seconds
Epoch 34: train_acc=0.0622, test_acc=0.0647, time=2.29s
Compute: Matrix pair 83 computed in 0.015207 seconds (8.42 TFLOPS)
Compute: Result transferred in 0.054092 seconds
Worker 84: Matrix pair 84 transferred in 0.016205 seconds
Compute: Matrix pair 84 computed in 0.017644 seconds (7.25 TFLOPS)
Compute: Result transferred in 0.054544 seconds
Worker 85: Matrix pair 85 transferred in 0.010755 seconds
Epoch 35: train_acc=0.0658, test_acc=0.0647, time=2.19s
Compute: Matrix pair 85 computed in 0.023850 seconds (5.37 TFLOPS)
Compute: Result transferred in 0.054072 seconds
Worker 86: Matrix pair 86 transferred in 0.023667 seconds
Compute: Matrix pair 86 computed in 0.007304 seconds (17.52 TFLOPS)
Compute: Result transferred in 0.055292 seconds
Worker 87: Matrix pair 87 transferred in 0.013866 seconds
Epoch 36: train_acc=0.0686, test_acc=0.0646, time=2.28s
Compute: Matrix pair 87 computed in 0.028441 seconds (4.50 TFLOPS)
Compute: Result transferred in 0.109238 seconds
Worker 88: Matrix pair 88 transferred in 0.016696 seconds
Compute: Matrix pair 88 computed in 0.008235 seconds (15.54 TFLOPS)
Compute: Result transferred in 0.055376 seconds
Epoch 37: train_acc=0.0676, test_acc=0.0648, time=2.08s
Worker 89: Matrix pair 89 transferred in 0.015977 seconds
Compute: Matrix pair 89 computed in 0.015554 seconds (8.23 TFLOPS)
Compute: Result transferred in 0.054463 seconds
Worker 90: Matrix pair 90 transferred in 0.016638 seconds
Compute: Matrix pair 90 computed in 0.006776 seconds (18.89 TFLOPS)
Compute: Result transferred in 0.056748 seconds
Epoch 38: train_acc=0.0696, test_acc=0.0647, time=1.12s
Warning: Batch queue is empty, waiting for prefetcher...
Worker 91: Matrix pair 91 transferred in 0.015756 seconds
Compute: Matrix pair 91 computed in 0.006777 seconds (18.89 TFLOPS)
Compute: Result transferred in 0.054857 seconds
Worker 92: Matrix pair 92 transferred in 0.030437 seconds
Epoch 39: train_acc=0.0690, test_acc=0.0651, time=1.78s
Compute: Matrix pair 92 computed in 0.021108 seconds (6.06 TFLOPS)
Compute: Result transferred in 0.063727 seconds
Epoch 40:
  Learning rate: 0.00100
  Total epoch time: 1.5803 sec
  Batch loading time: 1.2646 sec
  Training computation time: 0.9515 sec
  Evaluation time: 0.5748 sec
  Number of batches: 390
  Training set accuracy: 0.064000 (6.40%)
  Test set accuracy: 0.065400 (6.54%)
  Best test accuracy so far: 0.065400 (6.54%)

Worker 93: Matrix pair 93 transferred in 0.018347 seconds
Compute: Matrix pair 93 computed in 0.014504 seconds (8.83 TFLOPS)
Compute: Result transferred in 0.055100 seconds
Worker 94: Matrix pair 94 transferred in 0.018698 seconds
Compute: Matrix pair 94 computed in 0.007188 seconds (17.81 TFLOPS)
Compute: Result transferred in 0.055167 seconds
Epoch 41: train_acc=0.0710, test_acc=0.0657, time=2.19s
Worker 95: Matrix pair 95 transferred in 0.019390 seconds
Compute: Matrix pair 95 computed in 0.013039 seconds (9.82 TFLOPS)
Compute: Result transferred in 0.054665 seconds
Worker 96: Matrix pair 96 transferred in 0.016601 seconds
Compute: Matrix pair 96 computed in 0.007368 seconds (17.37 TFLOPS)
Compute: Result transferred in 0.055625 seconds
Epoch 42: train_acc=0.0660, test_acc=0.0657, time=1.12s
Warning: Batch queue is empty, waiting for prefetcher...
Worker 97: Matrix pair 97 transferred in 0.021929 seconds
Compute: Matrix pair 97 computed in 0.013735 seconds (9.32 TFLOPS)
Compute: Result transferred in 0.115569 seconds
Worker 98: Matrix pair 98 transferred in 0.017146 seconds
Epoch 43: train_acc=0.0650, test_acc=0.0657, time=1.73s
Compute: Matrix pair 98 computed in 0.015785 seconds (8.11 TFLOPS)
Compute: Result transferred in 0.053695 seconds
Epoch 44: train_acc=0.0672, test_acc=0.0660, time=1.57s
Worker 99: Matrix pair 99 transferred in 0.019039 seconds
Compute: Matrix pair 99 computed in 0.012640 seconds (10.13 TFLOPS)
Compute: Result transferred in 0.054090 seconds
Worker 100: Matrix pair 100 transferred in 0.019458 seconds
Compute: Matrix pair 100 computed in 0.007555 seconds (16.94 TFLOPS)
Compute: Result transferred in 0.054192 seconds
Epoch 45: train_acc=0.0632, test_acc=0.0660, time=1.12s
Warning: Batch queue is empty, waiting for prefetcher...
Worker 101: Matrix pair 101 transferred in 0.013903 seconds
Compute: Matrix pair 101 computed in 0.007670 seconds (16.69 TFLOPS)
Compute: Result transferred in 0.055058 seconds
Worker 102: Matrix pair 102 transferred in 0.153129 seconds
Epoch 46: train_acc=0.0698, test_acc=0.0662, time=1.95s
Compute: Matrix pair 102 computed in 0.013035 seconds (9.82 TFLOPS)
Compute: Result transferred in 0.066232 seconds
Worker 103: Matrix pair 103 transferred in 0.011660 seconds
Compute: Matrix pair 103 computed in 0.014199 seconds (9.01 TFLOPS)
Compute: Result transferred in 0.054084 seconds
Epoch 47: train_acc=0.0716, test_acc=0.0664, time=1.98s
Worker 104: Matrix pair 104 transferred in 0.024415 seconds
Compute: Matrix pair 104 computed in 0.012593 seconds (10.16 TFLOPS)
Compute: Result transferred in 0.053994 seconds
Worker 105: Matrix pair 105 transferred in 0.012932 seconds
Compute: Matrix pair 105 computed in 0.015167 seconds (8.44 TFLOPS)
Compute: Result transferred in 0.054235 seconds
Epoch 48: train_acc=0.0674, test_acc=0.0668, time=2.20s
Worker 106: Matrix pair 106 transferred in 0.022799 seconds
Compute: Matrix pair 106 computed in 0.016515 seconds (7.75 TFLOPS)
Compute: Result transferred in 0.053871 seconds
Epoch 49: train_acc=0.0698, test_acc=0.0671, time=1.63s
Worker 107: Matrix pair 107 transferred in 0.019572 seconds
Compute: Matrix pair 107 computed in 0.012740 seconds (10.05 TFLOPS)
Compute: Result transferred in 0.054950 seconds
Worker 108: Matrix pair 108 transferred in 0.018314 seconds
Compute: Matrix pair 108 computed in 0.016379 seconds (7.81 TFLOPS)
Compute: Result transferred in 0.055577 seconds
Epoch 50:
  Learning rate: 0.00100
  Total epoch time: 1.1188 sec
  Batch loading time: 1.1287 sec
  Training computation time: 0.9212 sec
  Evaluation time: 0.0877 sec
  Number of batches: 390
  Training set accuracy: 0.066800 (6.68%)
  Test set accuracy: 0.067500 (6.75%)
  Best test accuracy so far: 0.067500 (6.75%)

Warning: Batch queue is empty, waiting for prefetcher...
Worker 109: Matrix pair 109 transferred in 0.078848 seconds
Compute: Matrix pair 109 computed in 0.032795 seconds (3.90 TFLOPS)
Compute: Result transferred in 0.061124 seconds
Worker 110: Matrix pair 110 transferred in 0.010260 seconds
Epoch 51: train_acc=0.0714, test_acc=0.0681, time=1.78s
Compute: Matrix pair 110 computed in 0.015618 seconds (8.20 TFLOPS)
Compute: Result transferred in 0.053772 seconds
Worker 111: Matrix pair 111 transferred in 0.065136 seconds
Epoch 52: train_acc=0.0694, test_acc=0.0682, time=1.77s
Compute: Matrix pair 111 computed in 0.011772 seconds (10.87 TFLOPS)
Compute: Result transferred in 0.088383 seconds
Worker 112: Matrix pair 112 transferred in 0.015967 seconds
Compute: Matrix pair 112 computed in 0.017868 seconds (7.16 TFLOPS)
Compute: Result transferred in 0.055057 seconds
Epoch 53: train_acc=0.0682, test_acc=0.0685, time=2.02s
Worker 113: Matrix pair 113 transferred in 0.018646 seconds
Compute: Matrix pair 113 computed in 0.012817 seconds (9.99 TFLOPS)
Compute: Result transferred in 0.054118 seconds
Worker 114: Matrix pair 114 transferred in 0.016869 seconds
Compute: Matrix pair 114 computed in 0.007520 seconds (17.02 TFLOPS)
Compute: Result transferred in 0.054649 seconds
Epoch 54: train_acc=0.0698, test_acc=0.0686, time=1.12s
Warning: Batch queue is empty, waiting for prefetcher...
Worker 115: Matrix pair 115 transferred in 0.016013 seconds
Compute: Matrix pair 115 computed in 0.006746 seconds (18.97 TFLOPS)
Compute: Result transferred in 0.054893 seconds
Worker 116: Matrix pair 116 transferred in 0.016389 seconds
Compute: Matrix pair 116 computed in 0.015872 seconds (8.06 TFLOPS)
Compute: Result transferred in 0.054065 seconds
Epoch 55: train_acc=0.0668, test_acc=0.0690, time=1.78s
Worker 117: Matrix pair 117 transferred in 0.013511 seconds
Compute: Matrix pair 117 computed in 0.015701 seconds (8.15 TFLOPS)
Compute: Result transferred in 0.053956 seconds
Epoch 56: train_acc=0.0690, test_acc=0.0691, time=2.06s
Worker 118: Matrix pair 118 transferred in 0.018599 seconds
Compute: Matrix pair 118 computed in 0.016463 seconds (7.77 TFLOPS)
Compute: Result transferred in 0.054074 seconds
Epoch 57: train_acc=0.0686, test_acc=0.0691, time=1.67s
Worker 119: Matrix pair 119 transferred in 0.019337 seconds
Compute: Matrix pair 119 computed in 0.015092 seconds (8.48 TFLOPS)
Compute: Result transferred in 0.054380 seconds
Worker 120: Matrix pair 120 transferred in 0.019212 seconds
Compute: Matrix pair 120 computed in 0.007633 seconds (16.77 TFLOPS)
Compute: Result transferred in 0.054349 seconds
Worker 121: Matrix pair 121 transferred in 0.017919 seconds
Epoch 58: train_acc=0.0692, test_acc=0.0696, time=2.22s
Compute: Matrix pair 121 computed in 0.016238 seconds (7.88 TFLOPS)
Compute: Result transferred in 0.054326 seconds
Worker 122: Matrix pair 122 transferred in 0.018843 seconds
Compute: Matrix pair 122 computed in 0.017341 seconds (7.38 TFLOPS)
Compute: Result transferred in 0.054749 seconds
Worker 123: Matrix pair 123 transferred in 0.016093 seconds
Epoch 59: train_acc=0.0742, test_acc=0.0697, time=2.21s
Compute: Matrix pair 123 computed in 0.015110 seconds (8.47 TFLOPS)
Compute: Result transferred in 0.054216 seconds
Worker 124: Matrix pair 124 transferred in 0.016205 seconds
Compute: Matrix pair 124 computed in 0.017129 seconds (7.47 TFLOPS)
Compute: Result transferred in 0.055587 seconds
Epoch 60:
  Learning rate: 0.00100
  Total epoch time: 1.0899 sec
  Batch loading time: 0.8854 sec
  Training computation time: 0.9234 sec
  Evaluation time: 0.0867 sec
  Number of batches: 390
  Training set accuracy: 0.080600 (8.06%)
  Test set accuracy: 0.069900 (6.99%)
  Best test accuracy so far: 0.069900 (6.99%)

Warning: Batch queue is empty, waiting for prefetcher...
Worker 125: Matrix pair 125 transferred in 0.016809 seconds
Compute: Matrix pair 125 computed in 0.007450 seconds (17.18 TFLOPS)
Compute: Result transferred in 0.055414 seconds
Worker 126: Matrix pair 126 transferred in 0.016829 seconds
Compute: Matrix pair 126 computed in 0.015974 seconds (8.01 TFLOPS)
Compute: Result transferred in 0.054036 seconds
Epoch 61: train_acc=0.0694, test_acc=0.0703, time=1.77s
Worker 127: Matrix pair 127 transferred in 0.012948 seconds
Compute: Matrix pair 127 computed in 0.015617 seconds (8.20 TFLOPS)
Compute: Result transferred in 0.053942 seconds
Epoch 62: train_acc=0.0726, test_acc=0.0704, time=2.07s
Worker 128: Matrix pair 128 transferred in 0.019033 seconds
Compute: Matrix pair 128 computed in 0.011653 seconds (10.98 TFLOPS)
Compute: Result transferred in 0.053553 seconds
Worker 129: Matrix pair 129 transferred in 0.403974 seconds
Worker 130: Matrix pair 130 transferred in 0.047279 seconds
Compute: Matrix pair 129 computed in 0.064633 seconds (1.98 TFLOPS)
Compute: Result transferred in 0.102132 seconds
Compute: Matrix pair 130 computed in 0.007108 seconds (18.01 TFLOPS)
Compute: Result transferred in 0.055140 seconds
Epoch 63: train_acc=0.0714, test_acc=0.0711, time=2.44s
Worker 131: Matrix pair 131 transferred in 0.013386 seconds
Compute: Matrix pair 131 computed in 0.015688 seconds (8.16 TFLOPS)
Compute: Result transferred in 0.054167 seconds
Worker 132: Matrix pair 132 transferred in 0.016646 seconds
Epoch 64: train_acc=0.0702, test_acc=0.0711, time=2.10s
Compute: Matrix pair 132 computed in 0.024217 seconds (5.29 TFLOPS)
Compute: Result transferred in 0.054843 seconds
Epoch 65: train_acc=0.0696, test_acc=0.0714, time=1.59s
Worker 133: Matrix pair 133 transferred in 0.018970 seconds
Compute: Matrix pair 133 computed in 0.015556 seconds (8.23 TFLOPS)
Compute: Result transferred in 0.054220 seconds
Worker 134: Matrix pair 134 transferred in 0.022936 seconds
Compute: Matrix pair 134 computed in 0.007280 seconds (17.58 TFLOPS)
Compute: Result transferred in 0.055410 seconds
Epoch 66: train_acc=0.0734, test_acc=0.0723, time=1.11s
Warning: Batch queue is empty, waiting for prefetcher...
Worker 135: Matrix pair 135 transferred in 0.015838 seconds
Compute: Matrix pair 135 computed in 0.007272 seconds (17.60 TFLOPS)
Compute: Result transferred in 0.054851 seconds
Worker 136: Matrix pair 136 transferred in 0.017430 seconds
Epoch 67: train_acc=0.0742, test_acc=0.0730, time=1.68s
Compute: Matrix pair 136 computed in 0.015960 seconds (8.02 TFLOPS)
Compute: Result transferred in 0.054218 seconds
Epoch 68: train_acc=0.0728, test_acc=0.0729, time=1.62s
Worker 137: Matrix pair 137 transferred in 0.021993 seconds
Compute: Matrix pair 137 computed in 0.015258 seconds (8.39 TFLOPS)
Compute: Result transferred in 0.054221 seconds
Worker 138: Matrix pair 138 transferred in 0.017900 seconds
Compute: Matrix pair 138 computed in 0.007869 seconds (16.27 TFLOPS)
Compute: Result transferred in 0.054731 seconds
Epoch 69: train_acc=0.0788, test_acc=0.0733, time=1.12s
Warning: Batch queue is empty, waiting for prefetcher...
Worker 139: Matrix pair 139 transferred in 0.016739 seconds
Compute: Matrix pair 139 computed in 0.007048 seconds (18.16 TFLOPS)
Compute: Result transferred in 0.067332 seconds
Worker 140: Matrix pair 140 transferred in 0.017206 seconds
Epoch 70:
  Learning rate: 0.00100
  Total epoch time: 1.6916 sec
  Batch loading time: 1.1489 sec
  Training computation time: 0.6774 sec
  Evaluation time: 0.8331 sec
  Number of batches: 390
  Training set accuracy: 0.077400 (7.74%)
  Test set accuracy: 0.073600 (7.36%)
  Best test accuracy so far: 0.073600 (7.36%)

Compute: Matrix pair 140 computed in 0.021239 seconds (6.03 TFLOPS)
Compute: Result transferred in 0.056811 seconds
Worker 141: Matrix pair 141 transferred in 0.035768 seconds
Compute: Matrix pair 141 computed in 0.028018 seconds (4.57 TFLOPS)
Compute: Result transferred in 0.059944 seconds
Epoch 71: train_acc=0.0792, test_acc=0.0737, time=2.09s
Worker 142: Matrix pair 142 transferred in 0.016186 seconds
Compute: Matrix pair 142 computed in 0.007761 seconds (16.49 TFLOPS)
Compute: Result transferred in 0.055434 seconds
Worker 143: Matrix pair 143 transferred in 0.017162 seconds
Compute: Matrix pair 143 computed in 0.014941 seconds (8.57 TFLOPS)
Compute: Result transferred in 0.053780 seconds
Epoch 72: train_acc=0.0796, test_acc=0.0739, time=2.27s
Worker 144: Matrix pair 144 transferred in 0.018460 seconds
Compute: Matrix pair 144 computed in 0.016070 seconds (7.97 TFLOPS)
Compute: Result transferred in 0.055202 seconds
Worker 145: Matrix pair 145 transferred in 0.016125 seconds
Epoch 73: train_acc=0.0738, test_acc=0.0741, time=1.69s
Compute: Matrix pair 145 computed in 0.014330 seconds (8.93 TFLOPS)
Compute: Result transferred in 0.054000 seconds
Worker 146: Matrix pair 146 transferred in 0.017734 seconds
Compute: Matrix pair 146 computed in 0.008617 seconds (14.85 TFLOPS)
Compute: Result transferred in 0.054337 seconds
Epoch 74: train_acc=0.0758, test_acc=0.0744, time=1.06s
Warning: Batch queue is empty, waiting for prefetcher...
Worker 147: Matrix pair 147 transferred in 0.017277 seconds
Compute: Matrix pair 147 computed in 0.007555 seconds (16.94 TFLOPS)
Compute: Result transferred in 0.054823 seconds
Epoch 75: train_acc=0.0750, test_acc=0.0745, time=1.66s
Worker 148: Matrix pair 148 transferred in 0.018337 seconds
Compute: Matrix pair 148 computed in 0.015874 seconds (8.06 TFLOPS)
Compute: Result transferred in 0.054251 seconds
Epoch 76: train_acc=0.0782, test_acc=0.0745, time=1.64s
Worker 149: Matrix pair 149 transferred in 0.015774 seconds
Compute: Matrix pair 149 computed in 0.015184 seconds (8.43 TFLOPS)
Compute: Result transferred in 0.053975 seconds
Worker 150: Matrix pair 150 transferred in 0.018803 seconds
Compute: Matrix pair 150 computed in 0.007443 seconds (17.20 TFLOPS)
Compute: Result transferred in 0.054809 seconds
Epoch 77: train_acc=0.0748, test_acc=0.0746, time=1.12s
Warning: Batch queue is empty, waiting for prefetcher...
Worker 151: Matrix pair 151 transferred in 0.017635 seconds
Compute: Matrix pair 151 computed in 0.007547 seconds (16.96 TFLOPS)
Compute: Result transferred in 0.054545 seconds
Epoch 78: train_acc=0.0728, test_acc=0.0751, time=1.64s
Worker 152: Matrix pair 152 transferred in 0.019043 seconds
Compute: Matrix pair 152 computed in 0.016591 seconds (7.72 TFLOPS)
Compute: Result transferred in 0.054156 seconds
Worker 153: Matrix pair 153 transferred in 0.015947 seconds
Compute: Matrix pair 153 computed in 0.015814 seconds (8.09 TFLOPS)
Compute: Result transferred in 0.076704 seconds
Epoch 79: train_acc=0.0748, test_acc=0.0751, time=2.22s
Worker 154: Matrix pair 154 transferred in 0.015811 seconds
Compute: Matrix pair 154 computed in 0.011827 seconds (10.82 TFLOPS)
Compute: Result transferred in 0.054754 seconds
Epoch 80:
  Learning rate: 0.00100
  Total epoch time: 1.6477 sec
  Batch loading time: 1.2103 sec
  Training computation time: 0.8781 sec
  Evaluation time: 0.6681 sec
  Number of batches: 390
  Training set accuracy: 0.074800 (7.48%)
  Test set accuracy: 0.075300 (7.53%)
  Best test accuracy so far: 0.075300 (7.53%)

Worker 155: Matrix pair 155 transferred in 0.016819 seconds
Compute: Matrix pair 155 computed in 0.010458 seconds (12.24 TFLOPS)
Compute: Result transferred in 0.054087 seconds
Worker 156: Matrix pair 156 transferred in 0.016493 seconds
Compute: Matrix pair 156 computed in 0.014449 seconds (8.86 TFLOPS)
Compute: Result transferred in 0.055615 seconds
Epoch 81: train_acc=0.0762, test_acc=0.0755, time=1.12s
Warning: Batch queue is empty, waiting for prefetcher...
Worker 157: Matrix pair 157 transferred in 0.017856 seconds
Compute: Matrix pair 157 computed in 0.007074 seconds (18.09 TFLOPS)
Compute: Result transferred in 0.055390 seconds
Epoch 82: train_acc=0.0798, test_acc=0.0758, time=1.64s
Worker 158: Matrix pair 158 transferred in 0.016872 seconds
Compute: Matrix pair 158 computed in 0.015666 seconds (8.17 TFLOPS)
Compute: Result transferred in 0.055776 seconds
Worker 159: Matrix pair 159 transferred in 0.011371 seconds
Compute: Matrix pair 159 computed in 0.014936 seconds (8.57 TFLOPS)
Compute: Result transferred in 0.170470 seconds
Worker 160: Matrix pair 160 transferred in 0.010256 seconds
Compute: Matrix pair 160 computed in 0.015635 seconds (8.19 TFLOPS)
Compute: Result transferred in 0.054349 seconds
Epoch 83: train_acc=0.0842, test_acc=0.0759, time=2.39s
Worker 161: Matrix pair 161 transferred in 0.010359 seconds
Compute: Matrix pair 161 computed in 0.014911 seconds (8.58 TFLOPS)
Compute: Result transferred in 0.054227 seconds
Epoch 84: train_acc=0.0836, test_acc=0.0760, time=2.02s
Worker 162: Matrix pair 162 transferred in 0.016177 seconds
Compute: Matrix pair 162 computed in 0.016467 seconds (7.77 TFLOPS)
Compute: Result transferred in 0.054635 seconds
Epoch 85: train_acc=0.0814, test_acc=0.0762, time=1.68s
Worker 163: Matrix pair 163 transferred in 0.017788 seconds
Compute: Matrix pair 163 computed in 0.016299 seconds (7.85 TFLOPS)
Compute: Result transferred in 0.055031 seconds
Worker 164: Matrix pair 164 transferred in 0.015538 seconds
Compute: Matrix pair 164 computed in 0.007021 seconds (18.23 TFLOPS)
Compute: Result transferred in 0.055441 seconds
Worker 165: Matrix pair 165 transferred in 0.015823 seconds
Epoch 86: train_acc=0.0766, test_acc=0.0765, time=2.23s
Compute: Matrix pair 165 computed in 0.014844 seconds (8.62 TFLOPS)
Compute: Result transferred in 0.054512 seconds
Worker 166: Matrix pair 166 transferred in 0.015372 seconds
Compute: Matrix pair 166 computed in 0.007046 seconds (18.17 TFLOPS)
Compute: Result transferred in 0.055049 seconds
Epoch 87: train_acc=0.0736, test_acc=0.0769, time=1.05s
Warning: Batch queue is empty, waiting for prefetcher...
Worker 167: Matrix pair 167 transferred in 0.016893 seconds
Compute: Matrix pair 167 computed in 0.006721 seconds (19.04 TFLOPS)
Compute: Result transferred in 0.055223 seconds
Epoch 88: train_acc=0.0812, test_acc=0.0769, time=1.64s
Worker 168: Matrix pair 168 transferred in 0.019001 seconds
Compute: Matrix pair 168 computed in 0.011492 seconds (11.14 TFLOPS)
Compute: Result transferred in 0.054161 seconds
Worker 169: Matrix pair 169 transferred in 0.013966 seconds
Compute: Matrix pair 169 computed in 0.015557 seconds (8.23 TFLOPS)
Compute: Result transferred in 0.118436 seconds
Epoch 89: train_acc=0.0794, test_acc=0.0772, time=2.27s
Worker 170: Matrix pair 170 transferred in 0.019043 seconds
Compute: Matrix pair 170 computed in 0.016133 seconds (7.93 TFLOPS)
Compute: Result transferred in 0.054250 seconds
Epoch 90:
  Learning rate: 0.00100
  Total epoch time: 1.6527 sec
  Batch loading time: 1.4566 sec
  Training computation time: 0.8875 sec
  Evaluation time: 0.6511 sec
  Number of batches: 390
  Training set accuracy: 0.074600 (7.46%)
  Test set accuracy: 0.077500 (7.75%)
  Best test accuracy so far: 0.077500 (7.75%)

Worker 171: Matrix pair 171 transferred in 0.016050 seconds
Compute: Matrix pair 171 computed in 0.014566 seconds (8.79 TFLOPS)
Compute: Result transferred in 0.054613 seconds
Worker 172: Matrix pair 172 transferred in 0.019046 seconds
Compute: Matrix pair 172 computed in 0.007422 seconds (17.24 TFLOPS)
Compute: Result transferred in 0.054532 seconds
Epoch 91: train_acc=0.0822, test_acc=0.0772, time=1.11s
Warning: Batch queue is empty, waiting for prefetcher...
Worker 173: Matrix pair 173 transferred in 0.015437 seconds
Compute: Matrix pair 173 computed in 0.009022 seconds (14.19 TFLOPS)
Compute: Result transferred in 0.062557 seconds
Epoch 92: train_acc=0.0736, test_acc=0.0775, time=1.67s
Worker 174: Matrix pair 174 transferred in 0.016837 seconds
Compute: Matrix pair 174 computed in 0.011791 seconds (10.86 TFLOPS)
Compute: Result transferred in 0.054303 seconds
Worker 175: Matrix pair 175 transferred in 0.011410 seconds
Compute: Matrix pair 175 computed in 0.014684 seconds (8.72 TFLOPS)
Compute: Result transferred in 0.054734 seconds
Epoch 93: train_acc=0.0776, test_acc=0.0776, time=2.20s
Worker 176: Matrix pair 176 transferred in 0.018816 seconds
Compute: Matrix pair 176 computed in 0.011368 seconds (11.26 TFLOPS)
Compute: Result transferred in 0.054113 seconds
Epoch 94: train_acc=0.0780, test_acc=0.0777, time=1.65s
Worker 177: Matrix pair 177 transferred in 0.018973 seconds
Compute: Matrix pair 177 computed in 0.014753 seconds (8.68 TFLOPS)
Compute: Result transferred in 0.054989 seconds
Worker 178: Matrix pair 178 transferred in 0.018864 seconds
Compute: Matrix pair 178 computed in 0.006722 seconds (19.04 TFLOPS)
Compute: Result transferred in 0.055636 seconds
Worker 179: Matrix pair 179 transferred in 0.178484 seconds
Compute: Matrix pair 179 computed in 0.016102 seconds (7.95 TFLOPS)
Compute: Result transferred in 0.118511 seconds
Epoch 95: train_acc=0.0758, test_acc=0.0781, time=2.62s
Worker 180: Matrix pair 180 transferred in 0.016826 seconds
Compute: Matrix pair 180 computed in 0.009040 seconds (14.16 TFLOPS)
Compute: Result transferred in 0.054942 seconds
Epoch 96: train_acc=0.0760, test_acc=0.0782, time=1.89s
Worker 181: Matrix pair 181 transferred in 0.018711 seconds
Compute: Matrix pair 181 computed in 0.015717 seconds (8.14 TFLOPS)
Compute: Result transferred in 0.054480 seconds
Worker 182: Matrix pair 182 transferred in 0.016843 seconds
Compute: Matrix pair 182 computed in 0.007504 seconds (17.06 TFLOPS)
Compute: Result transferred in 0.054686 seconds
Epoch 97: train_acc=0.0856, test_acc=0.0787, time=1.11s
Warning: Batch queue is empty, waiting for prefetcher...
Worker 183: Matrix pair 183 transferred in 0.021761 seconds
Compute: Matrix pair 183 computed in 0.007575 seconds (16.90 TFLOPS)
Compute: Result transferred in 0.062369 seconds
Epoch 98: train_acc=0.0858, test_acc=0.0788, time=1.65s
Worker 184: Matrix pair 184 transferred in 0.021775 seconds
Compute: Matrix pair 184 computed in 0.016142 seconds (7.93 TFLOPS)
Compute: Result transferred in 0.054688 seconds
Epoch 99: train_acc=0.0796, test_acc=0.0790, time=1.65s
Worker 185: Matrix pair 185 transferred in 0.022851 seconds
Compute: Matrix pair 185 computed in 0.007128 seconds (17.96 TFLOPS)
Compute: Result transferred in 0.054555 seconds
Worker 186: Matrix pair 186 transferred in 0.022752 seconds
Compute: Matrix pair 186 computed in 0.007398 seconds (17.30 TFLOPS)
Compute: Result transferred in 0.055451 seconds
Epoch 100:
  Learning rate: 0.00100
  Total epoch time: 2.2087 sec
  Batch loading time: 1.0832 sec
  Training computation time: 1.0997 sec
  Evaluation time: 1.0054 sec
  Number of batches: 390
  Training set accuracy: 0.082400 (8.24%)
  Test set accuracy: 0.079300 (7.93%)
  Best test accuracy so far: 0.079300 (7.93%)

Worker 187: Matrix pair 187 transferred in 0.021670 seconds
Compute: Matrix pair 187 computed in 0.014749 seconds (8.68 TFLOPS)
Compute: Result transferred in 0.054965 seconds
Worker 188: Matrix pair 188 transferred in 0.021426 seconds
Compute: Matrix pair 188 computed in 0.009205 seconds (13.91 TFLOPS)
Compute: Result transferred in 0.056391 seconds
Epoch 101: train_acc=0.0868, test_acc=0.0793, time=1.12s
Warning: Batch queue is empty, waiting for prefetcher...
Worker 189: Matrix pair 189 transferred in 0.017093 seconds
Compute: Matrix pair 189 computed in 0.007323 seconds (17.48 TFLOPS)
Compute: Result transferred in 0.102138 seconds
Epoch 102: train_acc=0.0816, test_acc=0.0794, time=1.66s
Worker 190: Matrix pair 190 transferred in 0.016773 seconds
Compute: Matrix pair 190 computed in 0.015393 seconds (8.32 TFLOPS)
Compute: Result transferred in 0.054320 seconds
Epoch 103: train_acc=0.0836, test_acc=0.0797, time=1.65s
Worker 191: Matrix pair 191 transferred in 0.021898 seconds
Compute: Matrix pair 191 computed in 0.014822 seconds (8.64 TFLOPS)
Compute: Result transferred in 0.053893 seconds
Worker 192: Matrix pair 192 transferred in 0.015471 seconds
Compute: Matrix pair 192 computed in 0.007071 seconds (18.10 TFLOPS)
Compute: Result transferred in 0.055380 seconds
Epoch 104: train_acc=0.0798, test_acc=0.0798, time=1.12s
Warning: Batch queue is empty, waiting for prefetcher...
Worker 193: Matrix pair 193 transferred in 0.022063 seconds
Compute: Matrix pair 193 computed in 0.007423 seconds (17.24 TFLOPS)
Compute: Result transferred in 0.064519 seconds
Epoch 105: train_acc=0.0870, test_acc=0.0802, time=1.66s
Worker 194: Matrix pair 194 transferred in 0.018642 seconds
Compute: Matrix pair 194 computed in 0.015753 seconds (8.13 TFLOPS)
Compute: Result transferred in 0.054142 seconds
Epoch 106: train_acc=0.0792, test_acc=0.0803, time=1.64s
Worker 195: Matrix pair 195 transferred in 0.016265 seconds
Compute: Matrix pair 195 computed in 0.015780 seconds (8.11 TFLOPS)
Compute: Result transferred in 0.054658 seconds
Worker 196: Matrix pair 196 transferred in 0.016244 seconds
Compute: Matrix pair 196 computed in 0.007051 seconds (18.15 TFLOPS)
Compute: Result transferred in 0.055379 seconds
Worker 197: Matrix pair 197 transferred in 0.017706 seconds
Epoch 107: train_acc=0.0796, test_acc=0.0803, time=2.24s
Compute: Matrix pair 197 computed in 0.015472 seconds (8.27 TFLOPS)
Compute: Result transferred in 0.054454 seconds
Worker 198: Matrix pair 198 transferred in 0.015733 seconds
Compute: Matrix pair 198 computed in 0.007113 seconds (18.00 TFLOPS)
Compute: Result transferred in 0.054974 seconds
Worker 199: Matrix pair 199 transferred in 0.017056 seconds
Epoch 108: train_acc=0.0890, test_acc=0.0807, time=2.22s
Compute: Matrix pair 199 computed in 0.015599 seconds (8.21 TFLOPS)
Compute: Result transferred in 0.061351 seconds
Worker 200: Matrix pair 200 transferred in 0.017416 seconds
Compute: Matrix pair 200 computed in 0.008000 seconds (16.00 TFLOPS)
Compute: Result transferred in 0.054420 seconds
Epoch 109: train_acc=0.0848, test_acc=0.0808, time=3.85s
Warning: Batch queue is empty, waiting for prefetcher...
Epoch 110:
  Learning rate: 0.00100
  Total epoch time: 1.3549 sec
  Batch loading time: 3.9901 sec
  Training computation time: 1.1120 sec
  Evaluation time: 0.0239 sec
  Number of batches: 390
  Training set accuracy: 0.087400 (8.74%)
  Test set accuracy: 0.080900 (8.09%)
  Best test accuracy so far: 0.080900 (8.09%)

Epoch 111: train_acc=0.0852, test_acc=0.0812, time=1.18s
Epoch 112: train_acc=0.0848, test_acc=0.0814, time=1.18s
Epoch 113: train_acc=0.0808, test_acc=0.0815, time=1.19s
Epoch 114: train_acc=0.0890, test_acc=0.0815, time=1.19s
Epoch 115: train_acc=0.0868, test_acc=0.0818, time=1.37s
Epoch 116: train_acc=0.0734, test_acc=0.0822, time=1.18s
Epoch 117: train_acc=0.0824, test_acc=0.0823, time=1.40s
Epoch 118: train_acc=0.0930, test_acc=0.0822, time=1.19s
Epoch 119: train_acc=0.0814, test_acc=0.0823, time=1.19s
Epoch 120:
  Learning rate: 0.00100
  Total epoch time: 1.1977 sec
  Batch loading time: 1.0283 sec
  Training computation time: 1.1307 sec
  Evaluation time: 0.0206 sec
  Number of batches: 390
  Training set accuracy: 0.091200 (9.12%)
  Test set accuracy: 0.082800 (8.28%)
  Best test accuracy so far: 0.082800 (8.28%)

Epoch 121: train_acc=0.0816, test_acc=0.0832, time=1.19s
Epoch 122: train_acc=0.0908, test_acc=0.0831, time=1.18s
Epoch 123: train_acc=0.0874, test_acc=0.0832, time=1.20s
Epoch 124: train_acc=0.0882, test_acc=0.0836, time=1.33s
Epoch 125: train_acc=0.0894, test_acc=0.0835, time=1.20s
Epoch 126: train_acc=0.0912, test_acc=0.0841, time=1.16s
Epoch 127: train_acc=0.0906, test_acc=0.0840, time=1.17s
Epoch 128: train_acc=0.0876, test_acc=0.0841, time=1.19s
Epoch 129: train_acc=0.0858, test_acc=0.0842, time=1.17s
Epoch 130:
  Learning rate: 0.00100
  Total epoch time: 1.1723 sec
  Batch loading time: 1.0230 sec
  Training computation time: 1.1058 sec
  Evaluation time: 0.0206 sec
  Number of batches: 390
  Training set accuracy: 0.097600 (9.76%)
  Test set accuracy: 0.084400 (8.44%)
  Best test accuracy so far: 0.084400 (8.44%)

Epoch 131: train_acc=0.0882, test_acc=0.0844, time=1.18s
Epoch 132: train_acc=0.0852, test_acc=0.0846, time=1.19s
Epoch 133: train_acc=0.0900, test_acc=0.0845, time=1.26s
Epoch 134: train_acc=0.0930, test_acc=0.0849, time=1.16s
Epoch 135: train_acc=0.0864, test_acc=0.0850, time=1.24s
Epoch 136: train_acc=0.0930, test_acc=0.0854, time=1.18s
Epoch 137: train_acc=0.0902, test_acc=0.0856, time=1.31s
Epoch 138: train_acc=0.0910, test_acc=0.0854, time=1.18s
Epoch 139: train_acc=0.0920, test_acc=0.0857, time=1.17s
Epoch 140:
  Learning rate: 0.00100
  Total epoch time: 1.1729 sec
  Batch loading time: 1.0289 sec
  Training computation time: 1.1061 sec
  Evaluation time: 0.0206 sec
  Number of batches: 390
  Training set accuracy: 0.088400 (8.84%)
  Test set accuracy: 0.086000 (8.60%)
  Best test accuracy so far: 0.086000 (8.60%)

Epoch 141: train_acc=0.0880, test_acc=0.0861, time=1.19s
Epoch 142: train_acc=0.0880, test_acc=0.0863, time=1.19s
Epoch 143: train_acc=0.0906, test_acc=0.0865, time=1.41s
Epoch 144: train_acc=0.0886, test_acc=0.0867, time=1.18s
Epoch 145: train_acc=0.0976, test_acc=0.0869, time=1.16s
Epoch 146: train_acc=0.0882, test_acc=0.0870, time=1.28s
Epoch 147: train_acc=0.0880, test_acc=0.0872, time=1.18s
Epoch 148: train_acc=0.0956, test_acc=0.0871, time=1.19s
Epoch 149: train_acc=0.0992, test_acc=0.0877, time=1.19s
Epoch 150:
  Learning rate: 0.00100
  Total epoch time: 2.2018 sec
  Batch loading time: 1.0724 sec
  Training computation time: 1.9105 sec
  Evaluation time: 0.1290 sec
  Number of batches: 390
  Training set accuracy: 0.094400 (9.44%)
  Test set accuracy: 0.087600 (8.76%)
  Best test accuracy so far: 0.087700 (8.77%)

Epoch 151: train_acc=0.0882, test_acc=0.0878, time=1.17s
Epoch 152: train_acc=0.0946, test_acc=0.0881, time=1.18s
Epoch 153: train_acc=0.0972, test_acc=0.0883, time=1.16s
Epoch 154: train_acc=0.0968, test_acc=0.0886, time=1.27s
Epoch 155: train_acc=0.0928, test_acc=0.0888, time=1.19s
Epoch 156: train_acc=0.0958, test_acc=0.0887, time=1.20s
Epoch 157: train_acc=0.0940, test_acc=0.0889, time=1.19s
Epoch 158: train_acc=0.0938, test_acc=0.0891, time=1.18s
Epoch 159: train_acc=0.0910, test_acc=0.0890, time=1.17s
Epoch 160:
  Learning rate: 0.00100
  Total epoch time: 1.1841 sec
  Batch loading time: 1.0232 sec
  Training computation time: 1.1178 sec
  Evaluation time: 0.0206 sec
  Number of batches: 390
  Training set accuracy: 0.100400 (10.04%)
  Test set accuracy: 0.089500 (8.95%)
  Best test accuracy so far: 0.089500 (8.95%)

Epoch 161: train_acc=0.0958, test_acc=0.0896, time=1.18s
Epoch 162: train_acc=0.1022, test_acc=0.0899, time=1.20s
Epoch 163: train_acc=0.0988, test_acc=0.0898, time=1.27s
Epoch 164: train_acc=0.1040, test_acc=0.0900, time=1.20s
Epoch 165: train_acc=0.0988, test_acc=0.0900, time=1.18s
Epoch 166: train_acc=0.0976, test_acc=0.0902, time=1.18s
Epoch 167: train_acc=0.0900, test_acc=0.0903, time=1.79s
Epoch 168: train_acc=0.0934, test_acc=0.0905, time=1.18s
Epoch 169: train_acc=0.0974, test_acc=0.0909, time=1.17s
Epoch 170:
  Learning rate: 0.00100
  Total epoch time: 1.1772 sec
  Batch loading time: 0.9834 sec
  Training computation time: 1.1104 sec
  Evaluation time: 0.0206 sec
  Number of batches: 390
  Training set accuracy: 0.101400 (10.14%)
  Test set accuracy: 0.091200 (9.12%)
  Best test accuracy so far: 0.091200 (9.12%)

Epoch 171: train_acc=0.0970, test_acc=0.0914, time=1.21s
Epoch 172: train_acc=0.1042, test_acc=0.0915, time=1.40s
Epoch 173: train_acc=0.0988, test_acc=0.0917, time=1.20s
Epoch 174: train_acc=0.0900, test_acc=0.0919, time=1.17s
Epoch 175: train_acc=0.0952, test_acc=0.0921, time=1.18s
Epoch 176: train_acc=0.1034, test_acc=0.0923, time=1.73s
Epoch 177: train_acc=0.0954, test_acc=0.0923, time=1.14s
Epoch 178: train_acc=0.0980, test_acc=0.0922, time=1.19s
Epoch 179: train_acc=0.1014, test_acc=0.0926, time=1.17s
Epoch 180:
  Learning rate: 0.00100
  Total epoch time: 1.1791 sec
  Batch loading time: 1.0436 sec
  Training computation time: 1.0975 sec
  Evaluation time: 0.0213 sec
  Number of batches: 390
  Training set accuracy: 0.104400 (10.44%)
  Test set accuracy: 0.092600 (9.26%)
  Best test accuracy so far: 0.092600 (9.26%)

Epoch 181: train_acc=0.1020, test_acc=0.0928, time=1.26s
Epoch 182: train_acc=0.0964, test_acc=0.0929, time=1.18s
Epoch 183: train_acc=0.0994, test_acc=0.0932, time=1.18s
Epoch 184: train_acc=0.1026, test_acc=0.0935, time=1.17s
Epoch 185: train_acc=0.1020, test_acc=0.0934, time=1.18s
Epoch 186: train_acc=0.0988, test_acc=0.0937, time=1.19s
Epoch 187: train_acc=0.1062, test_acc=0.0936, time=1.17s
Epoch 188: train_acc=0.1066, test_acc=0.0941, time=1.18s
Epoch 189: train_acc=0.0984, test_acc=0.0943, time=1.19s
Epoch 190:
  Learning rate: 0.00100
  Total epoch time: 1.3622 sec
  Batch loading time: 1.0682 sec
  Training computation time: 1.2495 sec
  Evaluation time: 0.0609 sec
  Number of batches: 390
  Training set accuracy: 0.102200 (10.22%)
  Test set accuracy: 0.094200 (9.42%)
  Best test accuracy so far: 0.094300 (9.43%)

Epoch 191: train_acc=0.1034, test_acc=0.0943, time=1.16s
Epoch 192: train_acc=0.1008, test_acc=0.0943, time=1.16s
Epoch 193: train_acc=0.1008, test_acc=0.0952, time=2.27s
Epoch 194: train_acc=0.0936, test_acc=0.0952, time=1.16s
Epoch 195: train_acc=0.1048, test_acc=0.0954, time=1.17s
Epoch 196: train_acc=0.1026, test_acc=0.0961, time=1.20s
Epoch 197: train_acc=0.1098, test_acc=0.0961, time=1.17s
Epoch 198: train_acc=0.1030, test_acc=0.0959, time=1.18s
Epoch 199:
  Learning rate: 0.00100
  Total epoch time: 1.1597 sec
  Batch loading time: 1.0417 sec
  Training computation time: 1.0745 sec
  Evaluation time: 0.0206 sec
  Number of batches: 390
  Training set accuracy: 0.095800 (9.58%)
  Test set accuracy: 0.096100 (9.61%)
  Best test accuracy so far: 0.096100 (9.61%)

Batch prefetcher shut down
Matrix 0 transferred in background, took 0.3718 sec
Matrix 1 transferred in background, took 0.0197 sec
Matrix 2 transferred in background, took 0.0114 sec
Matrix 3 transferred in background, took 0.0182 sec
Matrix 4 transferred in background, took 0.0544 sec
Matrix 5 transferred in background, took 0.0908 sec
Matrix 6 transferred in background, took 0.0992 sec
Matrix 7 transferred in background, took 0.0141 sec
Matrix 8 transferred in background, took 0.0177 sec
Matrix 9 transferred in background, took 0.0166 sec
Matrix 10 transferred in background, took 0.0172 sec
Matrix 11 transferred in background, took 0.0166 sec
Matrix 12 transferred in background, took 0.0193 sec
Matrix 13 transferred in background, took 0.0105 sec
Matrix 14 transferred in background, took 0.0355 sec
Matrix 15 transferred in background, took 0.0109 sec
Matrix 16 transferred in background, took 0.0285 sec
Matrix 17 transferred in background, took 0.0105 sec
Matrix 18 transferred in background, took 0.0185 sec
Matrix 19 transferred in background, took 0.0196 sec
Matrix 20 transferred in background, took 0.0135 sec
Matrix 21 transferred in background, took 0.0109 sec
Matrix 22 transferred in background, took 0.0112 sec
Matrix 23 transferred in background, took 0.0131 sec
Matrix 24 transferred in background, took 0.0114 sec
Matrix 25 transferred in background, took 0.0130 sec
Matrix 26 transferred in background, took 0.0219 sec
Matrix 27 transferred in background, took 0.0121 sec
Matrix 28 transferred in background, took 0.0180 sec
Matrix 29 transferred in background, took 0.0179 sec
Matrix 30 transferred in background, took 0.0546 sec
Matrix 31 transferred in background, took 0.1991 sec
Matrix 32 transferred in background, took 0.0167 sec
Matrix 33 transferred in background, took 0.0170 sec
Matrix 34 transferred in background, took 0.0278 sec
Matrix 35 transferred in background, took 0.0165 sec
Matrix 36 transferred in background, took 0.0138 sec
Matrix 37 transferred in background, took 0.0158 sec
Matrix 38 transferred in background, took 0.0157 sec
Matrix 39 transferred in background, took 0.0162 sec
Matrix 40 transferred in background, took 0.0168 sec
Matrix 41 transferred in background, took 0.0195 sec
Matrix 42 transferred in background, took 0.0218 sec
Matrix 43 transferred in background, took 0.0109 sec
Matrix 44 transferred in background, took 0.0163 sec
Matrix 45 transferred in background, took 0.0221 sec
Matrix 46 transferred in background, took 0.0197 sec
Matrix 47 transferred in background, took 0.0222 sec
Matrix 48 transferred in background, took 0.0137 sec
Matrix 49 transferred in background, took 0.0166 sec
Matrix 50 transferred in background, took 0.0223 sec
Matrix 51 transferred in background, took 0.0176 sec
Matrix 52 transferred in background, took 0.0218 sec
Matrix 53 transferred in background, took 0.0102 sec
Matrix 54 transferred in background, took 0.0166 sec
Matrix 55 transferred in background, took 0.0169 sec
Matrix 56 transferred in background, took 0.0189 sec
Matrix 57 transferred in background, took 0.0185 sec
Matrix 58 transferred in background, took 0.0158 sec
Matrix 59 transferred in background, took 0.0171 sec
Matrix 60 transferred in background, took 0.0165 sec
Matrix 61 transferred in background, took 0.0163 sec
Matrix 62 transferred in background, took 0.0158 sec
Matrix 63 transferred in background, took 0.0169 sec
Matrix 64 transferred in background, took 0.0164 sec
Matrix 65 transferred in background, took 0.0160 sec
Matrix 66 transferred in background, took 0.0156 sec
Matrix 67 transferred in background, took 0.0160 sec
Matrix 68 transferred in background, took 0.0182 sec
Matrix 69 transferred in background, took 0.0176 sec
Matrix 70 transferred in background, took 0.0158 sec
Matrix 71 transferred in background, took 0.0185 sec
Matrix 72 transferred in background, took 0.0110 sec
Matrix 73 transferred in background, took 0.0266 sec
Matrix 74 transferred in background, took 0.0106 sec
Matrix 75 transferred in background, took 0.0164 sec
Matrix 76 transferred in background, took 0.0169 sec
Matrix 77 transferred in background, took 0.0177 sec
Matrix 78 transferred in background, took 0.0134 sec
Matrix 79 transferred in background, took 0.0225 sec
Matrix 80 transferred in background, took 0.0187 sec
Matrix 81 transferred in background, took 0.0192 sec
Matrix 82 transferred in background, took 0.0128 sec
Matrix 83 transferred in background, took 0.0162 sec
Matrix 84 transferred in background, took 0.0108 sec
Matrix 85 transferred in background, took 0.0237 sec
Matrix 86 transferred in background, took 0.0139 sec
Matrix 87 transferred in background, took 0.0167 sec
Matrix 88 transferred in background, took 0.0160 sec
Matrix 89 transferred in background, took 0.0166 sec
Matrix 90 transferred in background, took 0.0158 sec
Matrix 91 transferred in background, took 0.0304 sec
Matrix 92 transferred in background, took 0.0183 sec
Matrix 93 transferred in background, took 0.0187 sec
Matrix 94 transferred in background, took 0.0194 sec
Matrix 95 transferred in background, took 0.0166 sec
Matrix 96 transferred in background, took 0.0219 sec
Matrix 97 transferred in background, took 0.0171 sec
Matrix 98 transferred in background, took 0.0190 sec
Matrix 99 transferred in background, took 0.0195 sec
Matrix 100 transferred in background, took 0.0139 sec
Matrix 101 transferred in background, took 0.1531 sec
Matrix 102 transferred in background, took 0.0117 sec
Matrix 103 transferred in background, took 0.0244 sec
Matrix 104 transferred in background, took 0.0129 sec
Matrix 105 transferred in background, took 0.0228 sec
Matrix 106 transferred in background, took 0.0196 sec
Matrix 107 transferred in background, took 0.0183 sec
Matrix 108 transferred in background, took 0.0788 sec
Matrix 109 transferred in background, took 0.0103 sec
Matrix 110 transferred in background, took 0.0651 sec
Matrix 111 transferred in background, took 0.0160 sec
Matrix 112 transferred in background, took 0.0186 sec
Matrix 113 transferred in background, took 0.0169 sec
Matrix 114 transferred in background, took 0.0160 sec
Matrix 115 transferred in background, took 0.0164 sec
Matrix 116 transferred in background, took 0.0135 sec
Matrix 117 transferred in background, took 0.0186 sec
Matrix 118 transferred in background, took 0.0193 sec
Matrix 119 transferred in background, took 0.0192 sec
Matrix 120 transferred in background, took 0.0179 sec
Matrix 121 transferred in background, took 0.0188 sec
Matrix 122 transferred in background, took 0.0161 sec
Matrix 123 transferred in background, took 0.0162 sec
Matrix 124 transferred in background, took 0.0168 sec
Matrix 125 transferred in background, took 0.0168 sec
Matrix 126 transferred in background, took 0.0129 sec
Matrix 127 transferred in background, took 0.0190 sec
Matrix 128 transferred in background, took 0.4040 sec
Matrix 129 transferred in background, took 0.0473 sec
Matrix 130 transferred in background, took 0.0134 sec
Matrix 131 transferred in background, took 0.0166 sec
Matrix 132 transferred in background, took 0.0190 sec
Matrix 133 transferred in background, took 0.0229 sec
Matrix 134 transferred in background, took 0.0158 sec
Matrix 135 transferred in background, took 0.0174 sec
Matrix 136 transferred in background, took 0.0220 sec
Matrix 137 transferred in background, took 0.0179 sec
Matrix 138 transferred in background, took 0.0167 sec
Matrix 139 transferred in background, took 0.0172 sec
Matrix 140 transferred in background, took 0.0358 sec
Matrix 141 transferred in background, took 0.0162 sec
Matrix 142 transferred in background, took 0.0172 sec
Matrix 143 transferred in background, took 0.0185 sec
Matrix 144 transferred in background, took 0.0161 sec
Matrix 145 transferred in background, took 0.0177 sec
Matrix 146 transferred in background, took 0.0173 sec
Matrix 147 transferred in background, took 0.0183 sec
Matrix 148 transferred in background, took 0.0158 sec
Matrix 149 transferred in background, took 0.0188 sec
Matrix 150 transferred in background, took 0.0176 sec
Matrix 151 transferred in background, took 0.0190 sec
Matrix 152 transferred in background, took 0.0159 sec
Matrix 153 transferred in background, took 0.0158 sec
Matrix 154 transferred in background, took 0.0168 sec
Matrix 155 transferred in background, took 0.0165 sec
Matrix 156 transferred in background, took 0.0179 sec
Matrix 157 transferred in background, took 0.0169 sec
Matrix 158 transferred in background, took 0.0114 sec
Matrix 159 transferred in background, took 0.0103 sec
Matrix 160 transferred in background, took 0.0104 sec
Matrix 161 transferred in background, took 0.0162 sec
Matrix 162 transferred in background, took 0.0178 sec
Matrix 163 transferred in background, took 0.0155 sec
Matrix 164 transferred in background, took 0.0158 sec
Matrix 165 transferred in background, took 0.0154 sec
Matrix 166 transferred in background, took 0.0169 sec
Matrix 167 transferred in background, took 0.0190 sec
Matrix 168 transferred in background, took 0.0140 sec
Matrix 169 transferred in background, took 0.0190 sec
Matrix 170 transferred in background, took 0.0160 sec
Matrix 171 transferred in background, took 0.0190 sec
Matrix 172 transferred in background, took 0.0154 sec
Matrix 173 transferred in background, took 0.0168 sec
Matrix 174 transferred in background, took 0.0114 sec
Matrix 175 transferred in background, took 0.0188 sec
Matrix 176 transferred in background, took 0.0190 sec
Matrix 177 transferred in background, took 0.0189 sec
Matrix 178 transferred in background, took 0.1785 sec
Matrix 179 transferred in background, took 0.0168 sec
Matrix 180 transferred in background, took 0.0187 sec
Matrix 181 transferred in background, took 0.0168 sec
Matrix 182 transferred in background, took 0.0218 sec
Matrix 183 transferred in background, took 0.0218 sec
Matrix 184 transferred in background, took 0.0229 sec
Matrix 185 transferred in background, took 0.0228 sec
Matrix 186 transferred in background, took 0.0217 sec
Matrix 187 transferred in background, took 0.0214 sec
Matrix 188 transferred in background, took 0.0171 sec
Matrix 189 transferred in background, took 0.0168 sec
Matrix 190 transferred in background, took 0.0219 sec
Matrix 191 transferred in background, took 0.0155 sec
Matrix 192 transferred in background, took 0.0221 sec
Matrix 193 transferred in background, took 0.0186 sec
Matrix 194 transferred in background, took 0.0163 sec
Matrix 195 transferred in background, took 0.0162 sec
Matrix 196 transferred in background, took 0.0177 sec
Matrix 197 transferred in background, took 0.0157 sec
Matrix 198 transferred in background, took 0.0171 sec
Matrix 199 transferred in background, took 0.0174 sec
All matrix computations completed
=== Training Summary ===
Model initialization time: 22.3257 seconds
Initial dataset loading time: 23.0965 seconds
Function compilation time: 29.6783 seconds
Training loop time: 338.1440 seconds
  - Batch loading time: 223.8176 seconds
  - Computation time: 228.4768 seconds
  - Evaluation time: 88.2197 seconds
Total time: 383.5662 seconds
Final test accuracy: 0.096100 (9.61%)
Best test accuracy: 0.096100 (9.61%)

Reused cached compilation, saved approximately 29.6783 seconds
main executed in 391.448936 seconds
