2025-04-22 12:50:20.616999: E external/local_xla/xla/stream_executor/cuda/cuda_fft.cc:467] Unable to register cuFFT factory: Attempting to register factory for plugin cuFFT when one has already been registered
WARNING: All log messages before absl::InitializeLog() is called are written to STDERR
E0000 00:00:1745319021.180331   16997 cuda_dnn.cc:8579] Unable to register cuDNN factory: Attempting to register factory for plugin cuDNN when one has already been registered
E0000 00:00:1745319021.532266   16997 cuda_blas.cc:1407] Unable to register cuBLAS factory: Attempting to register factory for plugin cuBLAS when one has already been registered
W0000 00:00:1745319022.616860   16997 computation_placer.cc:177] computation placer already registered. Please check linkage and avoid linking the same target more than once.
W0000 00:00:1745319022.617065   16997 computation_placer.cc:177] computation placer already registered. Please check linkage and avoid linking the same target more than once.
W0000 00:00:1745319022.617069   16997 computation_placer.cc:177] computation placer already registered. Please check linkage and avoid linking the same target more than once.
W0000 00:00:1745319022.617071   16997 computation_placer.cc:177] computation placer already registered. Please check linkage and avoid linking the same target more than once.
2025-04-22 12:52:16.877735: E external/xla/xla/stream_executor/cuda/cuda_timer.cc:86] Delay kernel timed out: measured time has sub-optimal accuracy. There may be a missing warmup execution, please investigate in Nsight Systems.
2025-04-22 12:52:17.031418: E external/xla/xla/stream_executor/cuda/cuda_timer.cc:86] Delay kernel timed out: measured time has sub-optimal accuracy. There may be a missing warmup execution, please investigate in Nsight Systems.
2025-04-22 12:52:17.195179: E external/xla/xla/stream_executor/cuda/cuda_timer.cc:86] Delay kernel timed out: measured time has sub-optimal accuracy. There may be a missing warmup execution, please investigate in Nsight Systems.
2025-04-22 12:52:17.372965: E external/xla/xla/stream_executor/cuda/cuda_timer.cc:86] Delay kernel timed out: measured time has sub-optimal accuracy. There may be a missing warmup execution, please investigate in Nsight Systems.
2025-04-22 12:52:17.519716: E external/xla/xla/stream_executor/cuda/cuda_timer.cc:86] Delay kernel timed out: measured time has sub-optimal accuracy. There may be a missing warmup execution, please investigate in Nsight Systems.
2025-04-22 12:52:17.672253: E external/xla/xla/stream_executor/cuda/cuda_timer.cc:86] Delay kernel timed out: measured time has sub-optimal accuracy. There may be a missing warmup execution, please investigate in Nsight Systems.
2025-04-22 12:52:17.820193: E external/xla/xla/stream_executor/cuda/cuda_timer.cc:86] Delay kernel timed out: measured time has sub-optimal accuracy. There may be a missing warmup execution, please investigate in Nsight Systems.
2025-04-22 12:52:17.978967: E external/xla/xla/stream_executor/cuda/cuda_timer.cc:86] Delay kernel timed out: measured time has sub-optimal accuracy. There may be a missing warmup execution, please investigate in Nsight Systems.
2025-04-22 12:52:18.123514: E external/xla/xla/stream_executor/cuda/cuda_timer.cc:86] Delay kernel timed out: measured time has sub-optimal accuracy. There may be a missing warmup execution, please investigate in Nsight Systems.
2025-04-22 12:52:18.278460: E external/xla/xla/stream_executor/cuda/cuda_timer.cc:86] Delay kernel timed out: measured time has sub-optimal accuracy. There may be a missing warmup execution, please investigate in Nsight Systems.
2025-04-22 12:52:18.441335: E external/xla/xla/stream_executor/cuda/cuda_timer.cc:86] Delay kernel timed out: measured time has sub-optimal accuracy. There may be a missing warmup execution, please investigate in Nsight Systems.
2025-04-22 12:52:18.587081: E external/xla/xla/stream_executor/cuda/cuda_timer.cc:86] Delay kernel timed out: measured time has sub-optimal accuracy. There may be a missing warmup execution, please investigate in Nsight Systems.
2025-04-22 12:52:18.753186: E external/xla/xla/stream_executor/cuda/cuda_timer.cc:86] Delay kernel timed out: measured time has sub-optimal accuracy. There may be a missing warmup execution, please investigate in Nsight Systems.
2025-04-22 12:52:18.904268: E external/xla/xla/stream_executor/cuda/cuda_timer.cc:86] Delay kernel timed out: measured time has sub-optimal accuracy. There may be a missing warmup execution, please investigate in Nsight Systems.
2025-04-22 12:52:19.055668: E external/xla/xla/stream_executor/cuda/cuda_timer.cc:86] Delay kernel timed out: measured time has sub-optimal accuracy. There may be a missing warmup execution, please investigate in Nsight Systems.

=== Starting CIFAR-100 CNN with Compilation Caching ===

JAX version: 0.5.3
JAX devices: [CudaDevice(id=0)]

=== Phase 1: Model Initialization ===
Model initialization time: 25.0644 seconds

=== Phase 2: Dataset Loading ===
Dataset info:
  Features: ['id', 'image', 'label', 'coarse_label']
  Label classes: 100
Train: (50000, 32, 32, 3) (50000, 100)
Test: (10000, 32, 32, 3) (10000, 100)
Dataset loading time: 24.5485 seconds

=== Phase 3: Function Compilation ===
Found existing compilation metadata from Tue Apr 22 10:10:25 2025
Using previously compiled function from cache
Previous compilation took 29.6783 seconds

=== Phase 4: Training Loop ===

=== Starting Matrix Computations in Background ===
Initializing matrix worker with control mechanism...
Found existing compilation metadata from Tue Apr 22 10:10:26 2025
Matrix worker started in background
Warning: Batch queue is empty, waiting for prefetcher...
Worker 2: Matrix pair 2 transferred in 0.092658 seconds
Worker 1: Matrix pair 1 transferred in 0.328240 seconds
Worker 3: Matrix pair 3 transferred in 0.019397 seconds
Worker 4: Matrix pair 4 transferred in 0.011075 seconds
Worker 5: Matrix pair 5 transferred in 0.154605 seconds
Worker 6: Matrix pair 6 transferred in 0.215303 seconds
Worker 7: Matrix pair 7 transferred in 0.146971 seconds
Worker 8: Matrix pair 8 transferred in 0.278215 seconds
Worker 10: Matrix pair 10 transferred in 0.016498 seconds
Worker 9: Matrix pair 9 transferred in 0.016230 seconds
Worker 11: Matrix pair 11 transferred in 0.015577 seconds
Worker 12: Matrix pair 12 transferred in 0.015646 seconds
Worker 13: Matrix pair 13 transferred in 0.018271 seconds
Compute: Matrix pair 2 computed in 15.338967 seconds (0.01 TFLOPS)
Compute: Result transferred in 0.176642 seconds
Compute: Matrix pair 1 computed in 0.234479 seconds (0.55 TFLOPS)
Compute: Result transferred in 0.054299 seconds
Compute: Matrix pair 3 computed in 0.026008 seconds (4.92 TFLOPS)
Compute: Result transferred in 0.053790 seconds
Worker 14: Matrix pair 14 transferred in 0.013687 seconds
Compute: Matrix pair 4 computed in 0.566601 seconds (0.23 TFLOPS)
Compute: Result transferred in 0.053924 seconds
Compute: Matrix pair 5 computed in 0.029325 seconds (4.36 TFLOPS)
Compute: Result transferred in 0.053358 seconds
Worker 15: Matrix pair 15 transferred in 0.012584 seconds
Worker 16: Matrix pair 16 transferred in 0.017718 seconds
Compute: Matrix pair 6 computed in 1.131951 seconds (0.11 TFLOPS)
Compute: Result transferred in 0.053460 seconds
Compute: Matrix pair 7 computed in 0.064995 seconds (1.97 TFLOPS)
Compute: Result transferred in 0.065652 seconds
Compute: Matrix pair 8 computed in 0.025745 seconds (4.97 TFLOPS)
Compute: Result transferred in 0.054882 seconds
Compute: Matrix pair 10 computed in 0.006493 seconds (19.71 TFLOPS)
Compute: Result transferred in 0.054908 seconds
Compute: Matrix pair 9 computed in 0.006521 seconds (19.63 TFLOPS)
Compute: Result transferred in 0.054831 seconds
Compute: Matrix pair 11 computed in 0.006510 seconds (19.66 TFLOPS)
Compute: Result transferred in 0.063887 seconds
Compute: Matrix pair 12 computed in 0.006612 seconds (19.36 TFLOPS)
Compute: Result transferred in 0.055685 seconds
Compute: Matrix pair 13 computed in 0.006443 seconds (19.87 TFLOPS)
Compute: Result transferred in 0.055224 seconds
Compute: Matrix pair 14 computed in 0.006585 seconds (19.44 TFLOPS)
Compute: Result transferred in 0.054838 seconds
Compute: Matrix pair 15 computed in 0.006310 seconds (20.28 TFLOPS)
Compute: Result transferred in 0.054991 seconds
Compute: Matrix pair 16 computed in 0.006448 seconds (19.85 TFLOPS)
Compute: Result transferred in 0.061146 seconds
Worker 17: Matrix pair 17 transferred in 0.027665 seconds
Compute: Matrix pair 17 computed in 0.013867 seconds (9.23 TFLOPS)
Compute: Result transferred in 0.054222 seconds
Worker 18: Matrix pair 18 transferred in 0.010825 seconds
Compute: Matrix pair 18 computed in 0.012615 seconds (10.15 TFLOPS)
Compute: Result transferred in 0.052473 seconds
Worker 19: Matrix pair 19 transferred in 0.010554 seconds
Compute: Matrix pair 19 computed in 0.013459 seconds (9.51 TFLOPS)
Compute: Result transferred in 0.052690 seconds
Worker 20: Matrix pair 20 transferred in 0.010479 seconds
Compute: Matrix pair 20 computed in 0.012932 seconds (9.90 TFLOPS)
Compute: Result transferred in 0.052340 seconds
Worker 21: Matrix pair 21 transferred in 0.011313 seconds
Compute: Matrix pair 21 computed in 0.012166 seconds (10.52 TFLOPS)
Compute: Result transferred in 0.052948 seconds
Worker 22: Matrix pair 22 transferred in 0.010875 seconds
Compute: Matrix pair 22 computed in 0.012252 seconds (10.45 TFLOPS)
Compute: Result transferred in 0.052637 seconds
Worker 23: Matrix pair 23 transferred in 0.016378 seconds
Compute: Matrix pair 23 computed in 0.014053 seconds (9.11 TFLOPS)
Compute: Result transferred in 0.053683 seconds
Worker 24: Matrix pair 24 transferred in 0.015803 seconds
Compute: Matrix pair 24 computed in 0.016171 seconds (7.92 TFLOPS)
Compute: Result transferred in 0.053396 seconds
Worker 25: Matrix pair 25 transferred in 0.067888 seconds
Compute: Matrix pair 25 computed in 0.052266 seconds (2.45 TFLOPS)
Compute: Result transferred in 0.098308 seconds
Worker 26: Matrix pair 26 transferred in 0.207130 seconds
Compute: Matrix pair 26 computed in 0.089472 seconds (1.43 TFLOPS)
Compute: Result transferred in 0.087966 seconds
Worker 27: Matrix pair 27 transferred in 0.010874 seconds
Compute: Matrix pair 27 computed in 0.014184 seconds (9.02 TFLOPS)
Compute: Result transferred in 0.052633 seconds
Worker 28: Matrix pair 28 transferred in 0.011467 seconds
Compute: Matrix pair 28 computed in 0.016475 seconds (7.77 TFLOPS)
Compute: Result transferred in 0.052786 seconds
Worker 29: Matrix pair 29 transferred in 0.011122 seconds
Compute: Matrix pair 29 computed in 0.012563 seconds (10.19 TFLOPS)
Compute: Result transferred in 0.053267 seconds
Worker 30: Matrix pair 30 transferred in 0.010547 seconds
Compute: Matrix pair 30 computed in 0.013431 seconds (9.53 TFLOPS)
Compute: Result transferred in 0.052476 seconds
Worker 31: Matrix pair 31 transferred in 0.010536 seconds
Compute: Matrix pair 31 computed in 0.013715 seconds (9.33 TFLOPS)
Compute: Result transferred in 0.052836 seconds
Worker 32: Matrix pair 32 transferred in 0.010649 seconds
Compute: Matrix pair 32 computed in 0.013225 seconds (9.68 TFLOPS)
Compute: Result transferred in 0.052449 seconds
Worker 33: Matrix pair 33 transferred in 0.195777 seconds
Worker 34: Matrix pair 34 transferred in 0.010932 seconds
Compute: Matrix pair 33 computed in 0.257371 seconds (0.50 TFLOPS)
Compute: Result transferred in 0.064591 seconds
Compute: Matrix pair 34 computed in 0.013013 seconds (9.84 TFLOPS)
Compute: Result transferred in 0.053061 seconds
Worker 35: Matrix pair 35 transferred in 0.020391 seconds
Compute: Matrix pair 35 computed in 0.012446 seconds (10.28 TFLOPS)
Compute: Result transferred in 0.059528 seconds
Worker 36: Matrix pair 36 transferred in 0.011293 seconds
Compute: Matrix pair 36 computed in 0.015610 seconds (8.20 TFLOPS)
Compute: Result transferred in 0.065016 seconds
Worker 37: Matrix pair 37 transferred in 0.030565 seconds
Compute: Matrix pair 37 computed in 0.027117 seconds (4.72 TFLOPS)
Compute: Result transferred in 0.061657 seconds
Worker 38: Matrix pair 38 transferred in 0.037036 seconds
Worker 39: Matrix pair 39 transferred in 0.017534 seconds
Compute: Matrix pair 38 computed in 0.610951 seconds (0.21 TFLOPS)
Compute: Result transferred in 0.054666 seconds
Compute: Matrix pair 39 computed in 0.306125 seconds (0.42 TFLOPS)
Compute: Result transferred in 0.056542 seconds
Worker 40: Matrix pair 40 transferred in 0.011117 seconds
Compute: Matrix pair 40 computed in 0.164438 seconds (0.78 TFLOPS)
Compute: Result transferred in 0.054404 seconds
Worker 41: Matrix pair 41 transferred in 0.015052 seconds
Compute: Matrix pair 41 computed in 0.014278 seconds (8.97 TFLOPS)
Compute: Result transferred in 0.053387 seconds
Worker 42: Matrix pair 42 transferred in 0.013072 seconds
Compute: Matrix pair 42 computed in 0.011344 seconds (11.28 TFLOPS)
Compute: Result transferred in 0.055469 seconds
Worker 43: Matrix pair 43 transferred in 0.013133 seconds
Compute: Matrix pair 43 computed in 0.011554 seconds (11.08 TFLOPS)
Compute: Result transferred in 0.055046 seconds
Worker 44: Matrix pair 44 transferred in 0.013473 seconds
Compute: Matrix pair 44 computed in 0.011870 seconds (10.78 TFLOPS)
Compute: Result transferred in 0.054606 seconds
Worker 45: Matrix pair 45 transferred in 0.022602 seconds
Compute: Matrix pair 45 computed in 0.014256 seconds (8.98 TFLOPS)
Compute: Result transferred in 0.055830 seconds
Worker 46: Matrix pair 46 transferred in 0.047847 seconds
Compute: Matrix pair 46 computed in 0.116682 seconds (1.10 TFLOPS)
Compute: Result transferred in 0.062780 seconds
Worker 47: Matrix pair 47 transferred in 0.019024 seconds
Compute: Matrix pair 47 computed in 0.133844 seconds (0.96 TFLOPS)
Compute: Result transferred in 0.055412 seconds
Worker 48: Matrix pair 48 transferred in 0.010698 seconds
Compute: Matrix pair 48 computed in 0.012064 seconds (10.61 TFLOPS)
Compute: Result transferred in 0.055964 seconds
Worker 49: Matrix pair 49 transferred in 0.015744 seconds
Compute: Matrix pair 49 computed in 0.016497 seconds (7.76 TFLOPS)
Compute: Result transferred in 0.060688 seconds
Worker 50: Matrix pair 50 transferred in 0.011389 seconds
Worker 51: Matrix pair 51 transferred in 0.015584 seconds
Compute: Matrix pair 50 computed in 0.731226 seconds (0.18 TFLOPS)
Compute: Result transferred in 0.052674 seconds
Worker 52: Matrix pair 52 transferred in 0.016441 seconds
Compute: Matrix pair 51 computed in 0.530666 seconds (0.24 TFLOPS)
Compute: Result transferred in 0.058911 seconds
Compute: Matrix pair 52 computed in 0.469644 seconds (0.27 TFLOPS)
Compute: Result transferred in 0.055475 seconds
Epoch 0:
  Learning rate: 0.01000
  Total epoch time: 63.6489 sec
  Batch loading time: 3.0601 sec
  Training computation time: 25.7554 sec
  Evaluation time: 34.1414 sec
  Number of batches: 390
  Training set accuracy: 0.013000 (1.30%)
  Test set accuracy: 0.012400 (1.24%)
  Best test accuracy so far: 0.012400 (1.24%)

Worker 53: Matrix pair 53 transferred in 0.016560 seconds
Compute: Matrix pair 53 computed in 0.015253 seconds (8.39 TFLOPS)
Compute: Result transferred in 0.053685 seconds
Worker 54: Matrix pair 54 transferred in 0.013042 seconds
Compute: Matrix pair 54 computed in 0.011722 seconds (10.92 TFLOPS)
Compute: Result transferred in 0.054438 seconds
Worker 55: Matrix pair 55 transferred in 0.013478 seconds
Compute: Matrix pair 55 computed in 0.006648 seconds (19.26 TFLOPS)
Compute: Result transferred in 0.055363 seconds
Worker 56: Matrix pair 56 transferred in 0.017791 seconds
Compute: Matrix pair 56 computed in 0.012014 seconds (10.65 TFLOPS)
Compute: Result transferred in 0.058578 seconds
Epoch 1: train_acc=0.0164, test_acc=0.0179, time=3.79s
Worker 57: Matrix pair 57 transferred in 0.019171 seconds
Compute: Matrix pair 57 computed in 0.013981 seconds (9.16 TFLOPS)
Compute: Result transferred in 0.052702 seconds
Worker 58: Matrix pair 58 transferred in 0.015852 seconds
Compute: Matrix pair 58 computed in 0.006931 seconds (18.47 TFLOPS)
Compute: Result transferred in 0.054839 seconds
Epoch 2: train_acc=0.0228, test_acc=0.0216, time=2.41s
Worker 59: Matrix pair 59 transferred in 0.016186 seconds
Compute: Matrix pair 59 computed in 0.011906 seconds (10.75 TFLOPS)
Compute: Result transferred in 0.052757 seconds
Worker 60: Matrix pair 60 transferred in 0.019156 seconds
Compute: Matrix pair 60 computed in 0.013927 seconds (9.19 TFLOPS)
Compute: Result transferred in 0.057652 seconds
Epoch 3: train_acc=0.0258, test_acc=0.0245, time=1.70s
Worker 61: Matrix pair 61 transferred in 0.013606 seconds
Compute: Matrix pair 61 computed in 0.011103 seconds (11.53 TFLOPS)
Compute: Result transferred in 0.053909 seconds
Worker 62: Matrix pair 62 transferred in 0.060286 seconds
Compute: Matrix pair 62 computed in 0.140087 seconds (0.91 TFLOPS)
Compute: Result transferred in 0.154119 seconds
Worker 63: Matrix pair 63 transferred in 0.010427 seconds
Compute: Matrix pair 63 computed in 0.011968 seconds (10.70 TFLOPS)
Compute: Result transferred in 0.054513 seconds
Worker 64: Matrix pair 64 transferred in 0.010308 seconds
Compute: Matrix pair 64 computed in 0.012166 seconds (10.52 TFLOPS)
Compute: Result transferred in 0.057874 seconds
Epoch 4: train_acc=0.0328, test_acc=0.0292, time=4.28s
Worker 65: Matrix pair 65 transferred in 0.018194 seconds
Compute: Matrix pair 65 computed in 0.008189 seconds (15.63 TFLOPS)
Compute: Result transferred in 0.056856 seconds
Worker 66: Matrix pair 66 transferred in 0.010974 seconds
Compute: Matrix pair 66 computed in 0.011862 seconds (10.79 TFLOPS)
Compute: Result transferred in 0.055656 seconds
Epoch 5: train_acc=0.0302, test_acc=0.0333, time=3.04s
Worker 67: Matrix pair 67 transferred in 0.016247 seconds
Compute: Matrix pair 67 computed in 0.010214 seconds (12.53 TFLOPS)
Compute: Result transferred in 0.055274 seconds
Worker 68: Matrix pair 68 transferred in 0.016709 seconds
Compute: Matrix pair 68 computed in 0.008343 seconds (15.34 TFLOPS)
Compute: Result transferred in 0.059642 seconds
Epoch 6: train_acc=0.0368, test_acc=0.0371, time=2.20s
Worker 69: Matrix pair 69 transferred in 0.020404 seconds
Compute: Matrix pair 69 computed in 0.015429 seconds (8.30 TFLOPS)
Compute: Result transferred in 0.053594 seconds
Worker 70: Matrix pair 70 transferred in 0.014842 seconds
Compute: Matrix pair 70 computed in 0.011285 seconds (11.34 TFLOPS)
Compute: Result transferred in 0.054821 seconds
Epoch 7: train_acc=0.0392, test_acc=0.0403, time=2.20s
Worker 71: Matrix pair 71 transferred in 0.018752 seconds
Compute: Matrix pair 71 computed in 0.007471 seconds (17.13 TFLOPS)
Compute: Result transferred in 0.055691 seconds
Worker 72: Matrix pair 72 transferred in 0.012583 seconds
Compute: Matrix pair 72 computed in 0.009511 seconds (13.46 TFLOPS)
Compute: Result transferred in 0.058323 seconds
Worker 73: Matrix pair 73 transferred in 0.065482 seconds
Epoch 8: train_acc=0.0442, test_acc=0.0438, time=2.30s
Compute: Matrix pair 73 computed in 0.008689 seconds (14.73 TFLOPS)
Compute: Result transferred in 0.056428 seconds
Worker 74: Matrix pair 74 transferred in 0.011266 seconds
Compute: Matrix pair 74 computed in 0.009101 seconds (14.06 TFLOPS)
Compute: Result transferred in 0.055772 seconds
Worker 75: Matrix pair 75 transferred in 0.010476 seconds
Compute: Matrix pair 75 computed in 0.012114 seconds (10.57 TFLOPS)
Compute: Result transferred in 0.053602 seconds
Epoch 9: train_acc=0.0414, test_acc=0.0477, time=2.63s
Worker 76: Matrix pair 76 transferred in 0.011280 seconds
Compute: Matrix pair 76 computed in 0.012425 seconds (10.30 TFLOPS)
Compute: Result transferred in 0.057840 seconds
Worker 77: Matrix pair 77 transferred in 0.120575 seconds
Epoch 10:
  Learning rate: 0.00500
  Total epoch time: 3.4137 sec
  Batch loading time: 1.5916 sec
  Training computation time: 1.0781 sec
  Evaluation time: 2.2452 sec
  Number of batches: 390
  Training set accuracy: 0.050200 (5.02%)
  Test set accuracy: 0.049500 (4.95%)
  Best test accuracy so far: 0.049500 (4.95%)

Compute: Matrix pair 77 computed in 0.239880 seconds (0.53 TFLOPS)
Compute: Result transferred in 0.178652 seconds
Worker 78: Matrix pair 78 transferred in 0.010463 seconds
Compute: Matrix pair 78 computed in 0.012554 seconds (10.20 TFLOPS)
Compute: Result transferred in 0.054771 seconds
Worker 79: Matrix pair 79 transferred in 0.017112 seconds
Compute: Matrix pair 79 computed in 0.012720 seconds (10.06 TFLOPS)
Compute: Result transferred in 0.054192 seconds
Worker 80: Matrix pair 80 transferred in 0.018985 seconds
Epoch 11: train_acc=0.0520, test_acc=0.0510, time=1.20s
Compute: Matrix pair 80 computed in 0.007090 seconds (18.05 TFLOPS)
Compute: Result transferred in 0.058277 seconds
Worker 81: Matrix pair 81 transferred in 0.015841 seconds
Compute: Matrix pair 81 computed in 0.008026 seconds (15.95 TFLOPS)
Compute: Result transferred in 0.053745 seconds
Epoch 12: train_acc=0.0522, test_acc=0.0529, time=2.67s
Worker 82: Matrix pair 82 transferred in 0.016426 seconds
Compute: Matrix pair 82 computed in 0.012162 seconds (10.52 TFLOPS)
Compute: Result transferred in 0.053531 seconds
Worker 83: Matrix pair 83 transferred in 0.061750 seconds
Compute: Matrix pair 83 computed in 0.010877 seconds (11.77 TFLOPS)
Compute: Result transferred in 0.087204 seconds
Worker 84: Matrix pair 84 transferred in 0.010372 seconds
Compute: Matrix pair 84 computed in 0.012713 seconds (10.07 TFLOPS)
Compute: Result transferred in 0.056774 seconds
Epoch 13: train_acc=0.0534, test_acc=0.0550, time=2.92s
Worker 85: Matrix pair 85 transferred in 0.018848 seconds
Compute: Matrix pair 85 computed in 0.015478 seconds (8.27 TFLOPS)
Compute: Result transferred in 0.052700 seconds
Epoch 14: train_acc=0.0584, test_acc=0.0553, time=2.07s
Worker 86: Matrix pair 86 transferred in 0.016782 seconds
Compute: Matrix pair 86 computed in 0.011803 seconds (10.85 TFLOPS)
Compute: Result transferred in 0.054892 seconds
Worker 87: Matrix pair 87 transferred in 0.013197 seconds
Compute: Matrix pair 87 computed in 0.007079 seconds (18.08 TFLOPS)
Compute: Result transferred in 0.053880 seconds
Worker 88: Matrix pair 88 transferred in 0.016281 seconds
Compute: Matrix pair 88 computed in 0.013150 seconds (9.73 TFLOPS)
Compute: Result transferred in 0.057479 seconds
Epoch 15: train_acc=0.0598, test_acc=0.0567, time=2.11s
Worker 89: Matrix pair 89 transferred in 0.014219 seconds
Compute: Matrix pair 89 computed in 0.013950 seconds (9.18 TFLOPS)
Compute: Result transferred in 0.052845 seconds
Worker 90: Matrix pair 90 transferred in 0.010837 seconds
Compute: Matrix pair 90 computed in 0.006649 seconds (19.25 TFLOPS)
Compute: Result transferred in 0.055595 seconds
Epoch 16: train_acc=0.0588, test_acc=0.0580, time=2.97s
Worker 91: Matrix pair 91 transferred in 0.022529 seconds
Compute: Matrix pair 91 computed in 0.009853 seconds (12.99 TFLOPS)
Compute: Result transferred in 0.053553 seconds
Worker 92: Matrix pair 92 transferred in 0.015380 seconds
Compute: Matrix pair 92 computed in 0.007208 seconds (17.76 TFLOPS)
Compute: Result transferred in 0.058805 seconds
Epoch 17: train_acc=0.0576, test_acc=0.0587, time=2.21s
Worker 93: Matrix pair 93 transferred in 0.012139 seconds
Compute: Matrix pair 93 computed in 0.013655 seconds (9.37 TFLOPS)
Compute: Result transferred in 0.052693 seconds
Worker 94: Matrix pair 94 transferred in 0.016159 seconds
Compute: Matrix pair 94 computed in 0.013237 seconds (9.67 TFLOPS)
Compute: Result transferred in 0.055027 seconds
Worker 95: Matrix pair 95 transferred in 0.015577 seconds
Epoch 18: train_acc=0.0594, test_acc=0.0594, time=2.37s
Compute: Matrix pair 95 computed in 0.105138 seconds (1.22 TFLOPS)
Compute: Result transferred in 0.054660 seconds
Worker 96: Matrix pair 96 transferred in 0.011912 seconds
Compute: Matrix pair 96 computed in 0.007751 seconds (16.51 TFLOPS)
Compute: Result transferred in 0.057508 seconds
Worker 97: Matrix pair 97 transferred in 0.368073 seconds
Epoch 19: train_acc=0.0592, test_acc=0.0606, time=2.65s
Compute: Matrix pair 97 computed in 0.019932 seconds (6.42 TFLOPS)
Compute: Result transferred in 0.127923 seconds
Worker 98: Matrix pair 98 transferred in 0.015966 seconds
Compute: Matrix pair 98 computed in 0.011670 seconds (10.97 TFLOPS)
Compute: Result transferred in 0.053738 seconds
Worker 99: Matrix pair 99 transferred in 0.014110 seconds
Compute: Matrix pair 99 computed in 0.006667 seconds (19.20 TFLOPS)
Compute: Result transferred in 0.056671 seconds
Epoch 20:
  Learning rate: 0.00100
  Total epoch time: 2.2021 sec
  Batch loading time: 2.7439 sec
  Training computation time: 0.6761 sec
  Evaluation time: 1.4744 sec
  Number of batches: 390
  Training set accuracy: 0.061200 (6.12%)
  Test set accuracy: 0.061000 (6.10%)
  Best test accuracy so far: 0.061000 (6.10%)

Worker 100: Matrix pair 100 transferred in 0.018098 seconds
Compute: Matrix pair 100 computed in 0.012713 seconds (10.07 TFLOPS)
Compute: Result transferred in 0.057452 seconds
Worker 101: Matrix pair 101 transferred in 0.010995 seconds
Epoch 21: train_acc=0.0640, test_acc=0.0610, time=2.81s
Compute: Matrix pair 101 computed in 0.015013 seconds (8.53 TFLOPS)
Compute: Result transferred in 0.053497 seconds
Worker 102: Matrix pair 102 transferred in 0.039900 seconds
Compute: Matrix pair 102 computed in 0.013372 seconds (9.57 TFLOPS)
Compute: Result transferred in 0.054971 seconds
Worker 103: Matrix pair 103 transferred in 0.012149 seconds
Compute: Matrix pair 103 computed in 0.012149 seconds (10.54 TFLOPS)
Compute: Result transferred in 0.054513 seconds
Epoch 22: train_acc=0.0616, test_acc=0.0615, time=1.61s
Worker 104: Matrix pair 104 transferred in 0.017821 seconds
Compute: Matrix pair 104 computed in 0.007463 seconds (17.15 TFLOPS)
Compute: Result transferred in 0.058823 seconds
Worker 105: Matrix pair 105 transferred in 0.015405 seconds
Compute: Matrix pair 105 computed in 0.206089 seconds (0.62 TFLOPS)
Compute: Result transferred in 0.104921 seconds
Worker 106: Matrix pair 106 transferred in 0.015750 seconds
Compute: Matrix pair 106 computed in 0.007581 seconds (16.88 TFLOPS)
Compute: Result transferred in 0.055511 seconds
Worker 107: Matrix pair 107 transferred in 0.011749 seconds
Compute: Matrix pair 107 computed in 0.016701 seconds (7.66 TFLOPS)
Compute: Result transferred in 0.073400 seconds
Epoch 23: train_acc=0.0630, test_acc=0.0617, time=4.02s
Worker 108: Matrix pair 108 transferred in 0.016282 seconds
Compute: Matrix pair 108 computed in 0.013134 seconds (9.75 TFLOPS)
Compute: Result transferred in 0.057591 seconds
Epoch 24: train_acc=0.0618, test_acc=0.0622, time=1.53s
Worker 109: Matrix pair 109 transferred in 0.014415 seconds
Compute: Matrix pair 109 computed in 0.008460 seconds (15.13 TFLOPS)
Compute: Result transferred in 0.053144 seconds
Worker 110: Matrix pair 110 transferred in 0.011347 seconds
Compute: Matrix pair 110 computed in 0.007081 seconds (18.08 TFLOPS)
Compute: Result transferred in 0.055827 seconds
Epoch 25: train_acc=0.0672, test_acc=0.0624, time=2.75s
Worker 111: Matrix pair 111 transferred in 0.016732 seconds
Compute: Matrix pair 111 computed in 0.012213 seconds (10.48 TFLOPS)
Compute: Result transferred in 0.053220 seconds
Worker 112: Matrix pair 112 transferred in 0.022777 seconds
Compute: Matrix pair 112 computed in 0.013219 seconds (9.68 TFLOPS)
Compute: Result transferred in 0.058101 seconds
Epoch 26: train_acc=0.0658, test_acc=0.0625, time=1.16s
Worker 113: Matrix pair 113 transferred in 0.015463 seconds
Compute: Matrix pair 113 computed in 0.013779 seconds (9.29 TFLOPS)
Compute: Result transferred in 0.052973 seconds
Worker 114: Matrix pair 114 transferred in 0.010980 seconds
Compute: Matrix pair 114 computed in 0.006659 seconds (19.22 TFLOPS)
Compute: Result transferred in 0.056237 seconds
Epoch 27: train_acc=0.0640, test_acc=0.0631, time=3.30s
Worker 115: Matrix pair 115 transferred in 0.018204 seconds
Compute: Matrix pair 115 computed in 0.079282 seconds (1.61 TFLOPS)
Compute: Result transferred in 0.053655 seconds
Worker 116: Matrix pair 116 transferred in 0.016703 seconds
Compute: Matrix pair 116 computed in 0.010820 seconds (11.83 TFLOPS)
Compute: Result transferred in 0.058922 seconds
Worker 117: Matrix pair 117 transferred in 0.012040 seconds
Compute: Matrix pair 117 computed in 0.010922 seconds (11.72 TFLOPS)
Compute: Result transferred in 0.107463 seconds
Epoch 28: train_acc=0.0700, test_acc=0.0634, time=2.95s
Worker 118: Matrix pair 118 transferred in 0.016726 seconds
Compute: Matrix pair 118 computed in 0.013081 seconds (9.79 TFLOPS)
Compute: Result transferred in 0.054802 seconds
Epoch 29: train_acc=0.0638, test_acc=0.0638, time=1.47s
Worker 119: Matrix pair 119 transferred in 0.017492 seconds
Compute: Matrix pair 119 computed in 0.007328 seconds (17.47 TFLOPS)
Compute: Result transferred in 0.054549 seconds
Worker 120: Matrix pair 120 transferred in 0.011536 seconds
Compute: Matrix pair 120 computed in 0.013209 seconds (9.69 TFLOPS)
Compute: Result transferred in 0.058339 seconds
Worker 121: Matrix pair 121 transferred in 0.015378 seconds
Epoch 30:
  Learning rate: 0.00100
  Total epoch time: 2.2307 sec
  Batch loading time: 1.3746 sec
  Training computation time: 1.0443 sec
  Evaluation time: 1.0352 sec
  Number of batches: 390
  Training set accuracy: 0.068000 (6.80%)
  Test set accuracy: 0.064000 (6.40%)
  Best test accuracy so far: 0.064000 (6.40%)

Compute: Matrix pair 121 computed in 0.013862 seconds (9.23 TFLOPS)
Compute: Result transferred in 0.052814 seconds
Worker 122: Matrix pair 122 transferred in 0.018194 seconds
Compute: Matrix pair 122 computed in 0.007237 seconds (17.69 TFLOPS)
Compute: Result transferred in 0.055868 seconds
Epoch 31: train_acc=0.0678, test_acc=0.0643, time=2.20s
Worker 123: Matrix pair 123 transferred in 0.016445 seconds
Compute: Matrix pair 123 computed in 0.009161 seconds (13.97 TFLOPS)
Compute: Result transferred in 0.053092 seconds
Worker 124: Matrix pair 124 transferred in 0.016994 seconds
Compute: Matrix pair 124 computed in 0.013357 seconds (9.58 TFLOPS)
Compute: Result transferred in 0.058049 seconds
Epoch 32: train_acc=0.0620, test_acc=0.0641, time=1.13s
Worker 125: Matrix pair 125 transferred in 0.012139 seconds
Compute: Matrix pair 125 computed in 0.014037 seconds (9.12 TFLOPS)
Compute: Result transferred in 0.053155 seconds
Worker 126: Matrix pair 126 transferred in 0.010737 seconds
Compute: Matrix pair 126 computed in 0.006638 seconds (19.28 TFLOPS)
Compute: Result transferred in 0.055929 seconds
Worker 127: Matrix pair 127 transferred in 0.120689 seconds
Compute: Matrix pair 127 computed in 0.195922 seconds (0.65 TFLOPS)
Compute: Result transferred in 0.113201 seconds
Worker 128: Matrix pair 128 transferred in 0.015939 seconds
Compute: Matrix pair 128 computed in 0.012390 seconds (10.33 TFLOPS)
Compute: Result transferred in 0.058647 seconds
Epoch 33: train_acc=0.0672, test_acc=0.0644, time=3.98s
Epoch 34: train_acc=0.0712, test_acc=0.0646, time=2.13s
Worker 129: Matrix pair 129 transferred in 0.018950 seconds
Compute: Matrix pair 129 computed in 0.014165 seconds (9.04 TFLOPS)
Compute: Result transferred in 0.052280 seconds
Worker 130: Matrix pair 130 transferred in 0.017148 seconds
Compute: Matrix pair 130 computed in 0.012968 seconds (9.87 TFLOPS)
Compute: Result transferred in 0.055019 seconds
Worker 131: Matrix pair 131 transferred in 0.017371 seconds
Epoch 35: train_acc=0.0670, test_acc=0.0649, time=1.72s
Compute: Matrix pair 131 computed in 0.014148 seconds (9.05 TFLOPS)
Compute: Result transferred in 0.054871 seconds
Worker 132: Matrix pair 132 transferred in 0.013323 seconds
Compute: Matrix pair 132 computed in 0.006974 seconds (18.35 TFLOPS)
Compute: Result transferred in 0.058698 seconds
Epoch 36: train_acc=0.0662, test_acc=0.0651, time=2.20s
Worker 133: Matrix pair 133 transferred in 0.017210 seconds
Compute: Matrix pair 133 computed in 0.011776 seconds (10.87 TFLOPS)
Compute: Result transferred in 0.052819 seconds
Worker 134: Matrix pair 134 transferred in 0.014642 seconds
Compute: Matrix pair 134 computed in 0.006938 seconds (18.45 TFLOPS)
Compute: Result transferred in 0.055424 seconds
Epoch 37: train_acc=0.0694, test_acc=0.0650, time=2.20s
Worker 135: Matrix pair 135 transferred in 0.016907 seconds
Compute: Matrix pair 135 computed in 0.011926 seconds (10.73 TFLOPS)
Compute: Result transferred in 0.054032 seconds
Worker 136: Matrix pair 136 transferred in 0.015466 seconds
Compute: Matrix pair 136 computed in 0.013471 seconds (9.50 TFLOPS)
Compute: Result transferred in 0.058214 seconds
Epoch 38: train_acc=0.0704, test_acc=0.0655, time=1.12s
Worker 137: Matrix pair 137 transferred in 0.097744 seconds
Compute: Matrix pair 137 computed in 0.215298 seconds (0.59 TFLOPS)
Compute: Result transferred in 0.112654 seconds
Worker 138: Matrix pair 138 transferred in 0.010696 seconds
Compute: Matrix pair 138 computed in 0.006425 seconds (19.92 TFLOPS)
Compute: Result transferred in 0.054470 seconds
Worker 139: Matrix pair 139 transferred in 0.010832 seconds
Compute: Matrix pair 139 computed in 0.011307 seconds (11.32 TFLOPS)
Compute: Result transferred in 0.053448 seconds
Worker 140: Matrix pair 140 transferred in 0.010347 seconds
Compute: Matrix pair 140 computed in 0.011887 seconds (10.77 TFLOPS)
Compute: Result transferred in 0.058265 seconds
Epoch 39: train_acc=0.0680, test_acc=0.0656, time=3.98s
Worker 141: Matrix pair 141 transferred in 0.016473 seconds
Epoch 40:
  Learning rate: 0.00100
  Total epoch time: 2.1598 sec
  Batch loading time: 2.1177 sec
  Training computation time: 0.7225 sec
  Evaluation time: 1.3942 sec
  Number of batches: 390
  Training set accuracy: 0.063800 (6.38%)
  Test set accuracy: 0.065600 (6.56%)
  Best test accuracy so far: 0.065600 (6.56%)

Compute: Matrix pair 141 computed in 0.014317 seconds (8.94 TFLOPS)
Compute: Result transferred in 0.053194 seconds
Worker 142: Matrix pair 142 transferred in 0.016184 seconds
Compute: Matrix pair 142 computed in 0.012878 seconds (9.94 TFLOPS)
Compute: Result transferred in 0.054828 seconds
Worker 143: Matrix pair 143 transferred in 0.017111 seconds
Epoch 41: train_acc=0.0652, test_acc=0.0658, time=1.67s
Compute: Matrix pair 143 computed in 0.015049 seconds (8.51 TFLOPS)
Compute: Result transferred in 0.054952 seconds
Worker 144: Matrix pair 144 transferred in 0.012795 seconds
Compute: Matrix pair 144 computed in 0.006941 seconds (18.44 TFLOPS)
Compute: Result transferred in 0.058792 seconds
Epoch 42: train_acc=0.0630, test_acc=0.0662, time=2.14s
Worker 145: Matrix pair 145 transferred in 0.017679 seconds
Compute: Matrix pair 145 computed in 0.014411 seconds (8.88 TFLOPS)
Compute: Result transferred in 0.053441 seconds
Worker 146: Matrix pair 146 transferred in 0.014477 seconds
Compute: Matrix pair 146 computed in 0.006680 seconds (19.16 TFLOPS)
Compute: Result transferred in 0.055603 seconds
Epoch 43: train_acc=0.0638, test_acc=0.0664, time=2.20s
Worker 147: Matrix pair 147 transferred in 0.016731 seconds
Compute: Matrix pair 147 computed in 0.011663 seconds (10.98 TFLOPS)
Compute: Result transferred in 0.053770 seconds
Worker 148: Matrix pair 148 transferred in 0.017036 seconds
Compute: Matrix pair 148 computed in 0.013135 seconds (9.74 TFLOPS)
Compute: Result transferred in 0.057718 seconds
Epoch 44: train_acc=0.0700, test_acc=0.0665, time=1.49s
Worker 149: Matrix pair 149 transferred in 0.020411 seconds
Compute: Matrix pair 149 computed in 0.054678 seconds (2.34 TFLOPS)
Compute: Result transferred in 0.077171 seconds
Worker 150: Matrix pair 150 transferred in 0.011907 seconds
Compute: Matrix pair 150 computed in 0.006821 seconds (18.77 TFLOPS)
Compute: Result transferred in 0.054962 seconds
Worker 151: Matrix pair 151 transferred in 0.010577 seconds
Compute: Matrix pair 151 computed in 0.011915 seconds (10.74 TFLOPS)
Compute: Result transferred in 0.053114 seconds
Epoch 45: train_acc=0.0706, test_acc=0.0664, time=3.64s
Worker 152: Matrix pair 152 transferred in 0.016607 seconds
Compute: Matrix pair 152 computed in 0.010427 seconds (12.28 TFLOPS)
Compute: Result transferred in 0.058191 seconds
Epoch 46: train_acc=0.0718, test_acc=0.0666, time=2.27s
Worker 153: Matrix pair 153 transferred in 0.020568 seconds
Compute: Matrix pair 153 computed in 0.014093 seconds (9.08 TFLOPS)
Compute: Result transferred in 0.052843 seconds
Worker 154: Matrix pair 154 transferred in 0.019158 seconds
Compute: Matrix pair 154 computed in 0.013297 seconds (9.63 TFLOPS)
Compute: Result transferred in 0.054914 seconds
Worker 155: Matrix pair 155 transferred in 0.021773 seconds
Epoch 47: train_acc=0.0654, test_acc=0.0668, time=1.69s
Compute: Matrix pair 155 computed in 0.007766 seconds (16.48 TFLOPS)
Compute: Result transferred in 0.054879 seconds
Worker 156: Matrix pair 156 transferred in 0.011606 seconds
Compute: Matrix pair 156 computed in 0.007833 seconds (16.34 TFLOPS)
Compute: Result transferred in 0.058727 seconds
Epoch 48: train_acc=0.0690, test_acc=0.0672, time=2.14s
Worker 157: Matrix pair 157 transferred in 0.016580 seconds
Compute: Matrix pair 157 computed in 0.014759 seconds (8.67 TFLOPS)
Compute: Result transferred in 0.053385 seconds
Worker 158: Matrix pair 158 transferred in 0.014830 seconds
Compute: Matrix pair 158 computed in 0.006721 seconds (19.04 TFLOPS)
Compute: Result transferred in 0.056062 seconds
Worker 159: Matrix pair 159 transferred in 0.011918 seconds
Epoch 49: train_acc=0.0670, test_acc=0.0675, time=2.34s
Compute: Matrix pair 159 computed in 0.046343 seconds (2.76 TFLOPS)
Compute: Result transferred in 0.055994 seconds
Worker 160: Matrix pair 160 transferred in 0.016697 seconds
Compute: Matrix pair 160 computed in 0.013118 seconds (9.76 TFLOPS)
Compute: Result transferred in 0.057793 seconds
Epoch 50:
  Learning rate: 0.00100
  Total epoch time: 0.9984 sec
  Batch loading time: 0.9084 sec
  Training computation time: 0.7357 sec
  Evaluation time: 0.2105 sec
  Number of batches: 390
  Training set accuracy: 0.070600 (7.06%)
  Test set accuracy: 0.068000 (6.80%)
  Best test accuracy so far: 0.068000 (6.80%)

Worker 161: Matrix pair 161 transferred in 0.017664 seconds
Compute: Matrix pair 161 computed in 0.013890 seconds (9.22 TFLOPS)
Compute: Result transferred in 0.076896 seconds
Worker 162: Matrix pair 162 transferred in 0.017236 seconds
Compute: Matrix pair 162 computed in 0.094290 seconds (1.36 TFLOPS)
Compute: Result transferred in 0.055094 seconds
Worker 163: Matrix pair 163 transferred in 0.010328 seconds
Compute: Matrix pair 163 computed in 0.011328 seconds (11.30 TFLOPS)
Compute: Result transferred in 0.053804 seconds
Worker 164: Matrix pair 164 transferred in 0.014710 seconds
Epoch 51: train_acc=0.0682, test_acc=0.0683, time=3.90s
Compute: Matrix pair 164 computed in 0.012852 seconds (9.96 TFLOPS)
Compute: Result transferred in 0.057720 seconds
Epoch 52: train_acc=0.0774, test_acc=0.0686, time=2.14s
Worker 165: Matrix pair 165 transferred in 0.016549 seconds
Compute: Matrix pair 165 computed in 0.014233 seconds (8.99 TFLOPS)
Compute: Result transferred in 0.053232 seconds
Worker 166: Matrix pair 166 transferred in 0.017122 seconds
Compute: Matrix pair 166 computed in 0.013654 seconds (9.37 TFLOPS)
Compute: Result transferred in 0.054785 seconds
Worker 167: Matrix pair 167 transferred in 0.022825 seconds
Epoch 53: train_acc=0.0694, test_acc=0.0689, time=1.66s
Compute: Matrix pair 167 computed in 0.007200 seconds (17.78 TFLOPS)
Compute: Result transferred in 0.054414 seconds
Worker 168: Matrix pair 168 transferred in 0.014675 seconds
Compute: Matrix pair 168 computed in 0.007871 seconds (16.26 TFLOPS)
Compute: Result transferred in 0.059528 seconds
Epoch 54: train_acc=0.0672, test_acc=0.0691, time=2.18s
Worker 169: Matrix pair 169 transferred in 0.016932 seconds
Compute: Matrix pair 169 computed in 0.014017 seconds (9.13 TFLOPS)
Compute: Result transferred in 0.052726 seconds
Worker 170: Matrix pair 170 transferred in 0.015072 seconds
Compute: Matrix pair 170 computed in 0.007045 seconds (18.17 TFLOPS)
Compute: Result transferred in 0.055464 seconds
Epoch 55: train_acc=0.0762, test_acc=0.0692, time=2.21s
Worker 171: Matrix pair 171 transferred in 0.018304 seconds
Compute: Matrix pair 171 computed in 0.012002 seconds (10.66 TFLOPS)
Compute: Result transferred in 0.052682 seconds
Worker 172: Matrix pair 172 transferred in 0.018317 seconds
Compute: Matrix pair 172 computed in 0.013213 seconds (9.69 TFLOPS)
Compute: Result transferred in 0.058777 seconds
Epoch 56: train_acc=0.0760, test_acc=0.0695, time=1.12s
Worker 173: Matrix pair 173 transferred in 0.013040 seconds
Compute: Matrix pair 173 computed in 0.028044 seconds (4.56 TFLOPS)
Compute: Result transferred in 0.066879 seconds
Worker 174: Matrix pair 174 transferred in 0.015314 seconds
Compute: Matrix pair 174 computed in 0.006857 seconds (18.67 TFLOPS)
Compute: Result transferred in 0.056318 seconds
Epoch 57: train_acc=0.0680, test_acc=0.0700, time=3.32s
Worker 175: Matrix pair 175 transferred in 0.016207 seconds
Compute: Matrix pair 175 computed in 0.012262 seconds (10.44 TFLOPS)
Compute: Result transferred in 0.053225 seconds
Worker 176: Matrix pair 176 transferred in 0.016659 seconds
Compute: Matrix pair 176 computed in 0.012153 seconds (10.53 TFLOPS)
Compute: Result transferred in 0.059497 seconds
Epoch 58: train_acc=0.0716, test_acc=0.0703, time=2.20s
Worker 177: Matrix pair 177 transferred in 0.099170 seconds
Compute: Matrix pair 177 computed in 0.012088 seconds (10.59 TFLOPS)
Compute: Result transferred in 0.098605 seconds
Worker 178: Matrix pair 178 transferred in 0.015966 seconds
Compute: Matrix pair 178 computed in 0.014159 seconds (9.04 TFLOPS)
Compute: Result transferred in 0.054603 seconds
Worker 179: Matrix pair 179 transferred in 0.016440 seconds
Epoch 59: train_acc=0.0724, test_acc=0.0708, time=2.29s
Compute: Matrix pair 179 computed in 0.017049 seconds (7.51 TFLOPS)
Compute: Result transferred in 0.054624 seconds
Worker 180: Matrix pair 180 transferred in 0.013932 seconds
Compute: Matrix pair 180 computed in 0.007628 seconds (16.78 TFLOPS)
Compute: Result transferred in 0.058864 seconds
Epoch 60:
  Learning rate: 0.00100
  Total epoch time: 2.1280 sec
  Batch loading time: 1.1283 sec
  Training computation time: 1.0535 sec
  Evaluation time: 0.9701 sec
  Number of batches: 390
  Training set accuracy: 0.071600 (7.16%)
  Test set accuracy: 0.070900 (7.09%)
  Best test accuracy so far: 0.070900 (7.09%)

Worker 181: Matrix pair 181 transferred in 0.017775 seconds
Compute: Matrix pair 181 computed in 0.013897 seconds (9.21 TFLOPS)
Compute: Result transferred in 0.052687 seconds
Worker 182: Matrix pair 182 transferred in 0.015051 seconds
Compute: Matrix pair 182 computed in 0.006864 seconds (18.65 TFLOPS)
Compute: Result transferred in 0.056789 seconds
Worker 183: Matrix pair 183 transferred in 0.010893 seconds
Compute: Matrix pair 183 computed in 0.011753 seconds (10.89 TFLOPS)
Compute: Result transferred in 0.052896 seconds
Epoch 61: train_acc=0.0700, test_acc=0.0712, time=2.55s
Worker 184: Matrix pair 184 transferred in 0.021212 seconds
Compute: Matrix pair 184 computed in 0.013036 seconds (9.82 TFLOPS)
Compute: Result transferred in 0.057912 seconds
Worker 185: Matrix pair 185 transferred in 0.062646 seconds
Epoch 62: train_acc=0.0774, test_acc=0.0713, time=3.42s
Compute: Matrix pair 185 computed in 0.247388 seconds (0.52 TFLOPS)
Compute: Result transferred in 0.124728 seconds
Worker 186: Matrix pair 186 transferred in 0.015340 seconds
Compute: Matrix pair 186 computed in 0.013666 seconds (9.37 TFLOPS)
Compute: Result transferred in 0.054141 seconds
Worker 187: Matrix pair 187 transferred in 0.015554 seconds
Compute: Matrix pair 187 computed in 0.011677 seconds (10.96 TFLOPS)
Compute: Result transferred in 0.053850 seconds
Worker 188: Matrix pair 188 transferred in 0.283532 seconds
Compute: Matrix pair 188 computed in 0.037119 seconds (3.45 TFLOPS)
Compute: Result transferred in 0.118094 seconds
Epoch 63: train_acc=0.0730, test_acc=0.0713, time=1.75s
Worker 189: Matrix pair 189 transferred in 0.011873 seconds
Compute: Matrix pair 189 computed in 0.013569 seconds (9.43 TFLOPS)
Compute: Result transferred in 0.052590 seconds
Worker 190: Matrix pair 190 transferred in 0.018459 seconds
Epoch 64: train_acc=0.0828, test_acc=0.0718, time=2.50s
Compute: Matrix pair 190 computed in 0.007211 seconds (17.75 TFLOPS)
Compute: Result transferred in 0.054641 seconds
Worker 191: Matrix pair 191 transferred in 0.016142 seconds
Compute: Matrix pair 191 computed in 0.011221 seconds (11.41 TFLOPS)
Compute: Result transferred in 0.053006 seconds
Worker 192: Matrix pair 192 transferred in 0.013374 seconds
Compute: Matrix pair 192 computed in 0.007138 seconds (17.93 TFLOPS)
Compute: Result transferred in 0.058808 seconds
Epoch 65: train_acc=0.0760, test_acc=0.0717, time=2.69s
Worker 193: Matrix pair 193 transferred in 0.013950 seconds
Compute: Matrix pair 193 computed in 0.013579 seconds (9.43 TFLOPS)
Compute: Result transferred in 0.052855 seconds
Worker 194: Matrix pair 194 transferred in 0.013202 seconds
Compute: Matrix pair 194 computed in 0.007080 seconds (18.08 TFLOPS)
Compute: Result transferred in 0.056651 seconds
Epoch 66: train_acc=0.0718, test_acc=0.0722, time=2.75s
Worker 195: Matrix pair 195 transferred in 0.016835 seconds
Compute: Matrix pair 195 computed in 0.011755 seconds (10.89 TFLOPS)
Compute: Result transferred in 0.054065 seconds
Worker 196: Matrix pair 196 transferred in 0.024228 seconds
Compute: Matrix pair 196 computed in 0.153675 seconds (0.83 TFLOPS)
Compute: Result transferred in 0.057779 seconds
Epoch 67: train_acc=0.0752, test_acc=0.0725, time=1.12s
Worker 197: Matrix pair 197 transferred in 0.299554 seconds
Compute: Matrix pair 197 computed in 0.157914 seconds (0.81 TFLOPS)
Compute: Result transferred in 0.093606 seconds
Worker 198: Matrix pair 198 transferred in 0.012840 seconds
Compute: Matrix pair 198 computed in 0.009288 seconds (13.78 TFLOPS)
Compute: Result transferred in 0.055171 seconds
Worker 199: Matrix pair 199 transferred in 0.012136 seconds
Epoch 68: train_acc=0.0734, test_acc=0.0726, time=3.41s
Compute: Matrix pair 199 computed in 0.015508 seconds (8.25 TFLOPS)
Compute: Result transferred in 0.053499 seconds
Worker 200: Matrix pair 200 transferred in 0.019336 seconds
Compute: Matrix pair 200 computed in 0.008497 seconds (15.06 TFLOPS)
Compute: Result transferred in 0.054844 seconds
Epoch 69: train_acc=0.0756, test_acc=0.0730, time=1.11s
Epoch 70:
  Learning rate: 0.00100
  Total epoch time: 1.3745 sec
  Batch loading time: 2.1824 sec
  Training computation time: 1.2449 sec
  Evaluation time: 0.0263 sec
  Number of batches: 390
  Training set accuracy: 0.074800 (7.48%)
  Test set accuracy: 0.073300 (7.33%)
  Best test accuracy so far: 0.073300 (7.33%)

Epoch 71: train_acc=0.0690, test_acc=0.0740, time=1.17s
Epoch 72: train_acc=0.0804, test_acc=0.0746, time=1.13s
Epoch 73: train_acc=0.0720, test_acc=0.0745, time=1.16s
Epoch 74: train_acc=0.0694, test_acc=0.0747, time=1.15s
Epoch 75: train_acc=0.0782, test_acc=0.0747, time=1.16s
Epoch 76: train_acc=0.0762, test_acc=0.0748, time=1.21s
Epoch 77: train_acc=0.0728, test_acc=0.0750, time=1.39s
Epoch 78: train_acc=0.0790, test_acc=0.0752, time=1.38s
Epoch 79: train_acc=0.0778, test_acc=0.0757, time=1.19s
Epoch 80:
  Learning rate: 0.00100
  Total epoch time: 1.1760 sec
  Batch loading time: 0.9812 sec
  Training computation time: 1.0805 sec
  Evaluation time: 0.0207 sec
  Number of batches: 390
  Training set accuracy: 0.075000 (7.50%)
  Test set accuracy: 0.075600 (7.56%)
  Best test accuracy so far: 0.075700 (7.57%)

Epoch 81: train_acc=0.0726, test_acc=0.0757, time=1.55s
Epoch 82: train_acc=0.0784, test_acc=0.0764, time=1.18s
Epoch 83: train_acc=0.0782, test_acc=0.0767, time=1.20s
Epoch 84: train_acc=0.0724, test_acc=0.0768, time=1.17s
Epoch 85: train_acc=0.0854, test_acc=0.0770, time=1.14s
Epoch 86: train_acc=0.0796, test_acc=0.0776, time=1.16s
Epoch 87: train_acc=0.0798, test_acc=0.0778, time=1.35s
Epoch 88: train_acc=0.0756, test_acc=0.0780, time=1.16s
Epoch 89: train_acc=0.0806, test_acc=0.0779, time=1.15s
Epoch 90:
  Learning rate: 0.00100
  Total epoch time: 1.5337 sec
  Batch loading time: 0.9786 sec
  Training computation time: 1.4678 sec
  Evaluation time: 0.0207 sec
  Number of batches: 390
  Training set accuracy: 0.074200 (7.42%)
  Test set accuracy: 0.078100 (7.81%)
  Best test accuracy so far: 0.078100 (7.81%)

Epoch 91: train_acc=0.0790, test_acc=0.0781, time=1.17s
Epoch 92: train_acc=0.0832, test_acc=0.0781, time=1.14s
Epoch 93: train_acc=0.0824, test_acc=0.0781, time=1.88s
Epoch 94: train_acc=0.0774, test_acc=0.0785, time=1.14s
Epoch 95: train_acc=0.0766, test_acc=0.0788, time=1.47s
Epoch 96: train_acc=0.0762, test_acc=0.0790, time=1.17s
Epoch 97: train_acc=0.0778, test_acc=0.0794, time=1.17s
Epoch 98: train_acc=0.0866, test_acc=0.0799, time=1.16s
Epoch 99: train_acc=0.0804, test_acc=0.0797, time=1.14s
Epoch 100:
  Learning rate: 0.00100
  Total epoch time: 1.2281 sec
  Batch loading time: 0.9920 sec
  Training computation time: 1.1127 sec
  Evaluation time: 0.0339 sec
  Number of batches: 390
  Training set accuracy: 0.080400 (8.04%)
  Test set accuracy: 0.079800 (7.98%)
  Best test accuracy so far: 0.079900 (7.99%)

Epoch 101: train_acc=0.0810, test_acc=0.0800, time=1.16s
Epoch 102: train_acc=0.0862, test_acc=0.0802, time=1.66s
Epoch 103: train_acc=0.0848, test_acc=0.0803, time=1.17s
Epoch 104: train_acc=0.0870, test_acc=0.0804, time=1.49s
Epoch 105: train_acc=0.0822, test_acc=0.0808, time=1.17s
Epoch 106: train_acc=0.0880, test_acc=0.0812, time=1.15s
Epoch 107: train_acc=0.0866, test_acc=0.0813, time=1.15s
Epoch 108: train_acc=0.0834, test_acc=0.0814, time=1.20s
Epoch 109: train_acc=0.0902, test_acc=0.0815, time=1.17s
Epoch 110:
  Learning rate: 0.00100
  Total epoch time: 1.1564 sec
  Batch loading time: 0.3159 sec
  Training computation time: 1.0858 sec
  Evaluation time: 0.0207 sec
  Number of batches: 390
  Training set accuracy: 0.081800 (8.18%)
  Test set accuracy: 0.081800 (8.18%)
  Best test accuracy so far: 0.081800 (8.18%)

Epoch 111: train_acc=0.0876, test_acc=0.0821, time=1.48s
Epoch 112: train_acc=0.0816, test_acc=0.0820, time=1.17s
Epoch 113: train_acc=0.0862, test_acc=0.0823, time=1.15s
Epoch 114: train_acc=0.0898, test_acc=0.0822, time=1.18s
Epoch 115: train_acc=0.0826, test_acc=0.0823, time=1.17s
Epoch 116: train_acc=0.0888, test_acc=0.0825, time=1.15s
Epoch 117: train_acc=0.0892, test_acc=0.0827, time=1.28s
Epoch 118: train_acc=0.0846, test_acc=0.0830, time=1.17s
Epoch 119: train_acc=0.0822, test_acc=0.0832, time=1.71s
Epoch 120:
  Learning rate: 0.00100
  Total epoch time: 1.0780 sec
  Batch loading time: 0.9868 sec
  Training computation time: 0.9677 sec
  Evaluation time: 0.0208 sec
  Number of batches: 390
  Training set accuracy: 0.084800 (8.48%)
  Test set accuracy: 0.083200 (8.32%)
  Best test accuracy so far: 0.083200 (8.32%)

Epoch 121: train_acc=0.0850, test_acc=0.0834, time=1.21s
Epoch 122: train_acc=0.0822, test_acc=0.0834, time=1.18s
Epoch 123: train_acc=0.0876, test_acc=0.0833, time=1.17s
Epoch 124: train_acc=0.0870, test_acc=0.0837, time=1.18s
Epoch 125: train_acc=0.0872, test_acc=0.0838, time=1.16s
Epoch 126: train_acc=0.0936, test_acc=0.0841, time=1.18s
Epoch 127: train_acc=0.0908, test_acc=0.0843, time=1.18s
Epoch 128: train_acc=0.0874, test_acc=0.0846, time=1.56s
Epoch 129: train_acc=0.0904, test_acc=0.0847, time=1.12s
Epoch 130:
  Learning rate: 0.00100
  Total epoch time: 1.1833 sec
  Batch loading time: 1.2318 sec
  Training computation time: 1.0688 sec
  Evaluation time: 0.0208 sec
  Number of batches: 390
  Training set accuracy: 0.094200 (9.42%)
  Test set accuracy: 0.084800 (8.48%)
  Best test accuracy so far: 0.084800 (8.48%)

Epoch 131: train_acc=0.0932, test_acc=0.0848, time=1.16s
Epoch 132: train_acc=0.0932, test_acc=0.0847, time=1.17s
Epoch 133: train_acc=0.0874, test_acc=0.0851, time=1.16s
Epoch 134: train_acc=0.0856, test_acc=0.0850, time=1.07s
Epoch 135: train_acc=0.0900, test_acc=0.0853, time=1.18s
Epoch 136: train_acc=0.0914, test_acc=0.0857, time=1.64s
Epoch 137: train_acc=0.0884, test_acc=0.0856, time=1.44s
Epoch 138: train_acc=0.0914, test_acc=0.0856, time=1.21s
Epoch 139: train_acc=0.0810, test_acc=0.0860, time=1.15s
Epoch 140:
  Learning rate: 0.00100
  Total epoch time: 1.1333 sec
  Batch loading time: 0.9606 sec
  Training computation time: 1.0635 sec
  Evaluation time: 0.0207 sec
  Number of batches: 390
  Training set accuracy: 0.090200 (9.02%)
  Test set accuracy: 0.086300 (8.63%)
  Best test accuracy so far: 0.086300 (8.63%)

Epoch 141: train_acc=0.0914, test_acc=0.0861, time=1.16s
Epoch 142: train_acc=0.0906, test_acc=0.0863, time=1.15s
Epoch 143: train_acc=0.0902, test_acc=0.0866, time=2.44s
Epoch 144: train_acc=0.1016, test_acc=0.0865, time=1.17s
Epoch 145: train_acc=0.0876, test_acc=0.0866, time=1.19s
Epoch 146: train_acc=0.0996, test_acc=0.0870, time=1.17s
Epoch 147: train_acc=0.0940, test_acc=0.0874, time=1.16s
Epoch 148: train_acc=0.0900, test_acc=0.0876, time=1.17s
Epoch 149: train_acc=0.0928, test_acc=0.0879, time=1.17s
Epoch 150:
  Learning rate: 0.00100
  Total epoch time: 1.8731 sec
  Batch loading time: 1.0040 sec
  Training computation time: 1.5058 sec
  Evaluation time: 0.2489 sec
  Number of batches: 390
  Training set accuracy: 0.090400 (9.04%)
  Test set accuracy: 0.087800 (8.78%)
  Best test accuracy so far: 0.087900 (8.79%)

Epoch 151: train_acc=0.0958, test_acc=0.0884, time=1.11s
Epoch 152: train_acc=0.0908, test_acc=0.0887, time=1.12s
Epoch 153: train_acc=0.0930, test_acc=0.0888, time=1.19s
Epoch 154: train_acc=0.0922, test_acc=0.0887, time=1.16s
Epoch 155: train_acc=0.0954, test_acc=0.0890, time=1.18s
Epoch 156: train_acc=0.0874, test_acc=0.0892, time=1.16s
Epoch 157: train_acc=0.0942, test_acc=0.0892, time=1.17s
Epoch 158: train_acc=0.0892, test_acc=0.0894, time=1.17s
Epoch 159: train_acc=0.1002, test_acc=0.0895, time=1.17s
Epoch 160:
  Learning rate: 0.00100
  Total epoch time: 1.3543 sec
  Batch loading time: 1.0043 sec
  Training computation time: 1.2405 sec
  Evaluation time: 0.0275 sec
  Number of batches: 390
  Training set accuracy: 0.091200 (9.12%)
  Test set accuracy: 0.089900 (8.99%)
  Best test accuracy so far: 0.089900 (8.99%)

Epoch 161: train_acc=0.0874, test_acc=0.0900, time=1.54s
Epoch 162: train_acc=0.1004, test_acc=0.0905, time=1.15s
Epoch 163: train_acc=0.0934, test_acc=0.0906, time=1.17s
Epoch 164: train_acc=0.0950, test_acc=0.0909, time=1.18s
Epoch 165: train_acc=0.0888, test_acc=0.0911, time=1.18s
Epoch 166: train_acc=0.0940, test_acc=0.0912, time=1.17s
Epoch 167: train_acc=0.0974, test_acc=0.0907, time=1.62s
Epoch 168: train_acc=0.0898, test_acc=0.0910, time=1.51s
Epoch 169: train_acc=0.1048, test_acc=0.0915, time=1.13s
Epoch 170:
  Learning rate: 0.00100
  Total epoch time: 1.1925 sec
  Batch loading time: 0.8786 sec
  Training computation time: 1.0257 sec
  Evaluation time: 0.1164 sec
  Number of batches: 390
  Training set accuracy: 0.092200 (9.22%)
  Test set accuracy: 0.091600 (9.16%)
  Best test accuracy so far: 0.091600 (9.16%)

Epoch 171: train_acc=0.0994, test_acc=0.0917, time=1.13s
Epoch 172: train_acc=0.1028, test_acc=0.0920, time=1.14s
Epoch 173: train_acc=0.0942, test_acc=0.0919, time=1.14s
Epoch 174: train_acc=0.0964, test_acc=0.0922, time=1.14s
Epoch 175: train_acc=0.1032, test_acc=0.0922, time=1.14s
Epoch 176: train_acc=0.0966, test_acc=0.0925, time=1.48s
Epoch 177: train_acc=0.0974, test_acc=0.0925, time=1.11s
Epoch 178: train_acc=0.0964, test_acc=0.0923, time=1.51s
Epoch 179: train_acc=0.0994, test_acc=0.0927, time=1.16s
Epoch 180:
  Learning rate: 0.00100
  Total epoch time: 1.1101 sec
  Batch loading time: 0.9246 sec
  Training computation time: 1.0109 sec
  Evaluation time: 0.0208 sec
  Number of batches: 390
  Training set accuracy: 0.094200 (9.42%)
  Test set accuracy: 0.092800 (9.28%)
  Best test accuracy so far: 0.092800 (9.28%)

Epoch 181: train_acc=0.0912, test_acc=0.0932, time=1.12s
Epoch 182: train_acc=0.1008, test_acc=0.0932, time=1.13s
Epoch 183: train_acc=0.1026, test_acc=0.0934, time=1.14s
Epoch 184: train_acc=0.1036, test_acc=0.0933, time=1.14s
Epoch 185: train_acc=0.0964, test_acc=0.0937, time=1.14s
Epoch 186: train_acc=0.0992, test_acc=0.0943, time=1.13s
Epoch 187: train_acc=0.1000, test_acc=0.0946, time=1.31s
Epoch 188: train_acc=0.1050, test_acc=0.0945, time=1.39s
Epoch 189: train_acc=0.1022, test_acc=0.0945, time=1.13s
Epoch 190:
  Learning rate: 0.00100
  Total epoch time: 1.1322 sec
  Batch loading time: 0.8810 sec
  Training computation time: 1.0622 sec
  Evaluation time: 0.0208 sec
  Number of batches: 390
  Training set accuracy: 0.104800 (10.48%)
  Test set accuracy: 0.094700 (9.47%)
  Best test accuracy so far: 0.094700 (9.47%)

Epoch 191: train_acc=0.1036, test_acc=0.0949, time=1.13s
Epoch 192: train_acc=0.1036, test_acc=0.0952, time=1.11s
Epoch 193: train_acc=0.1112, test_acc=0.0950, time=1.59s
Epoch 194: train_acc=0.1006, test_acc=0.0952, time=1.12s
Epoch 195: train_acc=0.1018, test_acc=0.0955, time=1.28s
Epoch 196: train_acc=0.1066, test_acc=0.0959, time=1.14s
Epoch 197: train_acc=0.1046, test_acc=0.0961, time=1.34s
Epoch 198: train_acc=0.1032, test_acc=0.0959, time=1.14s
Epoch 199:
  Learning rate: 0.00100
  Total epoch time: 1.1418 sec
  Batch loading time: 0.8747 sec
  Training computation time: 1.0710 sec
  Evaluation time: 0.0217 sec
  Number of batches: 390
  Training set accuracy: 0.099600 (9.96%)
  Test set accuracy: 0.096000 (9.60%)
  Best test accuracy so far: 0.096100 (9.61%)

Batch prefetcher shut down
Matrix 1 transferred in background, took 0.0927 sec
Matrix 0 transferred in background, took 0.3282 sec
Matrix 2 transferred in background, took 0.0194 sec
Matrix 3 transferred in background, took 0.0111 sec
Matrix 4 transferred in background, took 0.1546 sec
Matrix 5 transferred in background, took 0.2153 sec
Matrix 6 transferred in background, took 0.1470 sec
Matrix 7 transferred in background, took 0.2782 sec
Matrix 9 transferred in background, took 0.0165 sec
Matrix 8 transferred in background, took 0.0162 sec
Matrix 10 transferred in background, took 0.0156 sec
Matrix 11 transferred in background, took 0.0156 sec
Matrix 12 transferred in background, took 0.0183 sec
Matrix 13 transferred in background, took 0.0137 sec
Matrix 14 transferred in background, took 0.0126 sec
Matrix 15 transferred in background, took 0.0177 sec
Matrix 16 transferred in background, took 0.0277 sec
Matrix 17 transferred in background, took 0.0108 sec
Matrix 18 transferred in background, took 0.0106 sec
Matrix 19 transferred in background, took 0.0105 sec
Matrix 20 transferred in background, took 0.0113 sec
Matrix 21 transferred in background, took 0.0109 sec
Matrix 22 transferred in background, took 0.0164 sec
Matrix 23 transferred in background, took 0.0158 sec
Matrix 24 transferred in background, took 0.0679 sec
Matrix 25 transferred in background, took 0.2071 sec
Matrix 26 transferred in background, took 0.0109 sec
Matrix 27 transferred in background, took 0.0115 sec
Matrix 28 transferred in background, took 0.0111 sec
Matrix 29 transferred in background, took 0.0105 sec
Matrix 30 transferred in background, took 0.0105 sec
Matrix 31 transferred in background, took 0.0106 sec
Matrix 32 transferred in background, took 0.1958 sec
Matrix 33 transferred in background, took 0.0109 sec
Matrix 34 transferred in background, took 0.0204 sec
Matrix 35 transferred in background, took 0.0113 sec
Matrix 36 transferred in background, took 0.0306 sec
Matrix 37 transferred in background, took 0.0370 sec
Matrix 38 transferred in background, took 0.0175 sec
Matrix 39 transferred in background, took 0.0111 sec
Matrix 40 transferred in background, took 0.0151 sec
Matrix 41 transferred in background, took 0.0131 sec
Matrix 42 transferred in background, took 0.0131 sec
Matrix 43 transferred in background, took 0.0135 sec
Matrix 44 transferred in background, took 0.0226 sec
Matrix 45 transferred in background, took 0.0478 sec
Matrix 46 transferred in background, took 0.0190 sec
Matrix 47 transferred in background, took 0.0107 sec
Matrix 48 transferred in background, took 0.0157 sec
Matrix 49 transferred in background, took 0.0114 sec
Matrix 50 transferred in background, took 0.0156 sec
Matrix 51 transferred in background, took 0.0164 sec
Matrix 52 transferred in background, took 0.0166 sec
Matrix 53 transferred in background, took 0.0130 sec
Matrix 54 transferred in background, took 0.0135 sec
Matrix 55 transferred in background, took 0.0178 sec
Matrix 56 transferred in background, took 0.0192 sec
Matrix 57 transferred in background, took 0.0159 sec
Matrix 58 transferred in background, took 0.0162 sec
Matrix 59 transferred in background, took 0.0192 sec
Matrix 60 transferred in background, took 0.0136 sec
Matrix 61 transferred in background, took 0.0603 sec
Matrix 62 transferred in background, took 0.0104 sec
Matrix 63 transferred in background, took 0.0103 sec
Matrix 64 transferred in background, took 0.0182 sec
Matrix 65 transferred in background, took 0.0110 sec
Matrix 66 transferred in background, took 0.0162 sec
Matrix 67 transferred in background, took 0.0167 sec
Matrix 68 transferred in background, took 0.0204 sec
Matrix 69 transferred in background, took 0.0148 sec
Matrix 70 transferred in background, took 0.0188 sec
Matrix 71 transferred in background, took 0.0126 sec
Matrix 72 transferred in background, took 0.0655 sec
Matrix 73 transferred in background, took 0.0113 sec
Matrix 74 transferred in background, took 0.0105 sec
Matrix 75 transferred in background, took 0.0113 sec
Matrix 76 transferred in background, took 0.1206 sec
Matrix 77 transferred in background, took 0.0105 sec
Matrix 78 transferred in background, took 0.0171 sec
Matrix 79 transferred in background, took 0.0190 sec
Matrix 80 transferred in background, took 0.0158 sec
Matrix 81 transferred in background, took 0.0164 sec
Matrix 82 transferred in background, took 0.0617 sec
Matrix 83 transferred in background, took 0.0104 sec
Matrix 84 transferred in background, took 0.0188 sec
Matrix 85 transferred in background, took 0.0168 sec
Matrix 86 transferred in background, took 0.0132 sec
Matrix 87 transferred in background, took 0.0163 sec
Matrix 88 transferred in background, took 0.0142 sec
Matrix 89 transferred in background, took 0.0108 sec
Matrix 90 transferred in background, took 0.0225 sec
Matrix 91 transferred in background, took 0.0154 sec
Matrix 92 transferred in background, took 0.0121 sec
Matrix 93 transferred in background, took 0.0162 sec
Matrix 94 transferred in background, took 0.0156 sec
Matrix 95 transferred in background, took 0.0119 sec
Matrix 96 transferred in background, took 0.3681 sec
Matrix 97 transferred in background, took 0.0160 sec
Matrix 98 transferred in background, took 0.0141 sec
Matrix 99 transferred in background, took 0.0181 sec
Matrix 100 transferred in background, took 0.0110 sec
Matrix 101 transferred in background, took 0.0399 sec
Matrix 102 transferred in background, took 0.0121 sec
Matrix 103 transferred in background, took 0.0178 sec
Matrix 104 transferred in background, took 0.0154 sec
Matrix 105 transferred in background, took 0.0157 sec
Matrix 106 transferred in background, took 0.0117 sec
Matrix 107 transferred in background, took 0.0163 sec
Matrix 108 transferred in background, took 0.0144 sec
Matrix 109 transferred in background, took 0.0113 sec
Matrix 110 transferred in background, took 0.0167 sec
Matrix 111 transferred in background, took 0.0228 sec
Matrix 112 transferred in background, took 0.0155 sec
Matrix 113 transferred in background, took 0.0110 sec
Matrix 114 transferred in background, took 0.0182 sec
Matrix 115 transferred in background, took 0.0167 sec
Matrix 116 transferred in background, took 0.0120 sec
Matrix 117 transferred in background, took 0.0167 sec
Matrix 118 transferred in background, took 0.0175 sec
Matrix 119 transferred in background, took 0.0115 sec
Matrix 120 transferred in background, took 0.0154 sec
Matrix 121 transferred in background, took 0.0182 sec
Matrix 122 transferred in background, took 0.0164 sec
Matrix 123 transferred in background, took 0.0170 sec
Matrix 124 transferred in background, took 0.0121 sec
Matrix 125 transferred in background, took 0.0107 sec
Matrix 126 transferred in background, took 0.1207 sec
Matrix 127 transferred in background, took 0.0159 sec
Matrix 128 transferred in background, took 0.0190 sec
Matrix 129 transferred in background, took 0.0171 sec
Matrix 130 transferred in background, took 0.0174 sec
Matrix 131 transferred in background, took 0.0133 sec
Matrix 132 transferred in background, took 0.0172 sec
Matrix 133 transferred in background, took 0.0146 sec
Matrix 134 transferred in background, took 0.0169 sec
Matrix 135 transferred in background, took 0.0155 sec
Matrix 136 transferred in background, took 0.0977 sec
Matrix 137 transferred in background, took 0.0107 sec
Matrix 138 transferred in background, took 0.0108 sec
Matrix 139 transferred in background, took 0.0103 sec
Matrix 140 transferred in background, took 0.0165 sec
Matrix 141 transferred in background, took 0.0162 sec
Matrix 142 transferred in background, took 0.0171 sec
Matrix 143 transferred in background, took 0.0128 sec
Matrix 144 transferred in background, took 0.0177 sec
Matrix 145 transferred in background, took 0.0145 sec
Matrix 146 transferred in background, took 0.0167 sec
Matrix 147 transferred in background, took 0.0170 sec
Matrix 148 transferred in background, took 0.0204 sec
Matrix 149 transferred in background, took 0.0119 sec
Matrix 150 transferred in background, took 0.0106 sec
Matrix 151 transferred in background, took 0.0166 sec
Matrix 152 transferred in background, took 0.0206 sec
Matrix 153 transferred in background, took 0.0192 sec
Matrix 154 transferred in background, took 0.0218 sec
Matrix 155 transferred in background, took 0.0116 sec
Matrix 156 transferred in background, took 0.0166 sec
Matrix 157 transferred in background, took 0.0148 sec
Matrix 158 transferred in background, took 0.0119 sec
Matrix 159 transferred in background, took 0.0167 sec
Matrix 160 transferred in background, took 0.0177 sec
Matrix 161 transferred in background, took 0.0172 sec
Matrix 162 transferred in background, took 0.0103 sec
Matrix 163 transferred in background, took 0.0147 sec
Matrix 164 transferred in background, took 0.0165 sec
Matrix 165 transferred in background, took 0.0171 sec
Matrix 166 transferred in background, took 0.0228 sec
Matrix 167 transferred in background, took 0.0147 sec
Matrix 168 transferred in background, took 0.0169 sec
Matrix 169 transferred in background, took 0.0151 sec
Matrix 170 transferred in background, took 0.0183 sec
Matrix 171 transferred in background, took 0.0183 sec
Matrix 172 transferred in background, took 0.0130 sec
Matrix 173 transferred in background, took 0.0153 sec
Matrix 174 transferred in background, took 0.0162 sec
Matrix 175 transferred in background, took 0.0167 sec
Matrix 176 transferred in background, took 0.0992 sec
Matrix 177 transferred in background, took 0.0160 sec
Matrix 178 transferred in background, took 0.0164 sec
Matrix 179 transferred in background, took 0.0139 sec
Matrix 180 transferred in background, took 0.0178 sec
Matrix 181 transferred in background, took 0.0151 sec
Matrix 182 transferred in background, took 0.0109 sec
Matrix 183 transferred in background, took 0.0212 sec
Matrix 184 transferred in background, took 0.0626 sec
Matrix 185 transferred in background, took 0.0153 sec
Matrix 186 transferred in background, took 0.0156 sec
Matrix 187 transferred in background, took 0.2835 sec
Matrix 188 transferred in background, took 0.0119 sec
Matrix 189 transferred in background, took 0.0185 sec
Matrix 190 transferred in background, took 0.0161 sec
Matrix 191 transferred in background, took 0.0134 sec
Matrix 192 transferred in background, took 0.0139 sec
Matrix 193 transferred in background, took 0.0132 sec
Matrix 194 transferred in background, took 0.0168 sec
Matrix 195 transferred in background, took 0.0242 sec
Matrix 196 transferred in background, took 0.2996 sec
Matrix 197 transferred in background, took 0.0128 sec
Matrix 198 transferred in background, took 0.0121 sec
Matrix 199 transferred in background, took 0.0193 sec
All matrix computations completed
=== Training Summary ===
Model initialization time: 25.0644 seconds
Initial dataset loading time: 24.5485 seconds
Function compilation time: 29.6783 seconds
Training loop time: 388.4366 seconds
  - Batch loading time: 275.6842 seconds
  - Computation time: 239.3199 seconds
  - Evaluation time: 127.8292 seconds
Total time: 438.0495 seconds
Final test accuracy: 0.096000 (9.60%)
Best test accuracy: 0.096100 (9.61%)

Reused cached compilation, saved approximately 29.6783 seconds
main executed in 445.889944 seconds
