2025-04-22 12:31:54.351382: E external/local_xla/xla/stream_executor/cuda/cuda_fft.cc:467] Unable to register cuFFT factory: Attempting to register factory for plugin cuFFT when one has already been registered
WARNING: All log messages before absl::InitializeLog() is called are written to STDERR
E0000 00:00:1745317914.916399   14874 cuda_dnn.cc:8579] Unable to register cuDNN factory: Attempting to register factory for plugin cuDNN when one has already been registered
E0000 00:00:1745317915.246534   14874 cuda_blas.cc:1407] Unable to register cuBLAS factory: Attempting to register factory for plugin cuBLAS when one has already been registered
W0000 00:00:1745317916.255099   14874 computation_placer.cc:177] computation placer already registered. Please check linkage and avoid linking the same target more than once.
W0000 00:00:1745317916.255149   14874 computation_placer.cc:177] computation placer already registered. Please check linkage and avoid linking the same target more than once.
W0000 00:00:1745317916.255152   14874 computation_placer.cc:177] computation placer already registered. Please check linkage and avoid linking the same target more than once.
W0000 00:00:1745317916.255154   14874 computation_placer.cc:177] computation placer already registered. Please check linkage and avoid linking the same target more than once.
2025-04-22 12:33:51.788178: E external/xla/xla/stream_executor/cuda/cuda_timer.cc:86] Delay kernel timed out: measured time has sub-optimal accuracy. There may be a missing warmup execution, please investigate in Nsight Systems.
2025-04-22 12:33:51.966568: E external/xla/xla/stream_executor/cuda/cuda_timer.cc:86] Delay kernel timed out: measured time has sub-optimal accuracy. There may be a missing warmup execution, please investigate in Nsight Systems.
2025-04-22 12:33:52.119320: E external/xla/xla/stream_executor/cuda/cuda_timer.cc:86] Delay kernel timed out: measured time has sub-optimal accuracy. There may be a missing warmup execution, please investigate in Nsight Systems.
2025-04-22 12:33:52.268532: E external/xla/xla/stream_executor/cuda/cuda_timer.cc:86] Delay kernel timed out: measured time has sub-optimal accuracy. There may be a missing warmup execution, please investigate in Nsight Systems.
2025-04-22 12:33:52.420191: E external/xla/xla/stream_executor/cuda/cuda_timer.cc:86] Delay kernel timed out: measured time has sub-optimal accuracy. There may be a missing warmup execution, please investigate in Nsight Systems.
2025-04-22 12:33:52.578448: E external/xla/xla/stream_executor/cuda/cuda_timer.cc:86] Delay kernel timed out: measured time has sub-optimal accuracy. There may be a missing warmup execution, please investigate in Nsight Systems.
2025-04-22 12:33:52.732465: E external/xla/xla/stream_executor/cuda/cuda_timer.cc:86] Delay kernel timed out: measured time has sub-optimal accuracy. There may be a missing warmup execution, please investigate in Nsight Systems.
2025-04-22 12:33:52.884538: E external/xla/xla/stream_executor/cuda/cuda_timer.cc:86] Delay kernel timed out: measured time has sub-optimal accuracy. There may be a missing warmup execution, please investigate in Nsight Systems.
2025-04-22 12:33:53.031732: E external/xla/xla/stream_executor/cuda/cuda_timer.cc:86] Delay kernel timed out: measured time has sub-optimal accuracy. There may be a missing warmup execution, please investigate in Nsight Systems.
2025-04-22 12:33:53.184155: E external/xla/xla/stream_executor/cuda/cuda_timer.cc:86] Delay kernel timed out: measured time has sub-optimal accuracy. There may be a missing warmup execution, please investigate in Nsight Systems.
2025-04-22 12:33:53.329170: E external/xla/xla/stream_executor/cuda/cuda_timer.cc:86] Delay kernel timed out: measured time has sub-optimal accuracy. There may be a missing warmup execution, please investigate in Nsight Systems.

=== Starting CIFAR-100 CNN with Compilation Caching ===

JAX version: 0.5.3
JAX devices: [CudaDevice(id=0)]

=== Phase 1: Model Initialization ===
Model initialization time: 22.8810 seconds

=== Phase 2: Dataset Loading ===
Dataset info:
  Features: ['id', 'image', 'label', 'coarse_label']
  Label classes: 100
Train: (50000, 32, 32, 3) (50000, 100)
Test: (10000, 32, 32, 3) (10000, 100)
Dataset loading time: 25.6931 seconds

=== Phase 3: Function Compilation ===
Found existing compilation metadata from Tue Apr 22 10:10:25 2025
Using previously compiled function from cache
Previous compilation took 29.6783 seconds

=== Phase 4: Training Loop ===

=== Starting Matrix Computations in Background ===
Initializing matrix worker with control mechanism...
Found existing compilation metadata from Tue Apr 22 10:10:26 2025
Matrix worker started in background
Warning: Batch queue is empty, waiting for prefetcher...
Worker 2: Matrix pair 2 transferred in 1.275643 seconds
Worker 3: Matrix pair 3 transferred in 0.627497 seconds
Worker 1: Matrix pair 1 transferred in 2.223113 seconds
Worker 4: Matrix pair 4 transferred in 0.024293 seconds
Worker 5: Matrix pair 5 transferred in 0.021534 seconds
Worker 6: Matrix pair 6 transferred in 0.016750 seconds
Worker 7: Matrix pair 7 transferred in 0.156676 seconds
Worker 8: Matrix pair 8 transferred in 0.160943 seconds
Worker 9: Matrix pair 9 transferred in 0.087356 seconds
Worker 10: Matrix pair 10 transferred in 0.043815 seconds
Worker 11: Matrix pair 11 transferred in 0.020028 seconds
Worker 12: Matrix pair 12 transferred in 0.016705 seconds
Worker 13: Matrix pair 13 transferred in 0.016717 seconds
Worker 14: Matrix pair 14 transferred in 0.019120 seconds
Worker 15: Matrix pair 15 transferred in 0.018157 seconds
Compute: Matrix pair 2 computed in 13.735618 seconds (0.01 TFLOPS)
Compute: Result transferred in 0.159384 seconds
Compute: Matrix pair 3 computed in 0.427042 seconds (0.30 TFLOPS)
Compute: Result transferred in 0.062259 seconds
Compute: Matrix pair 1 computed in 0.062918 seconds (2.03 TFLOPS)
Compute: Result transferred in 0.050574 seconds
Compute: Matrix pair 4 computed in 1.109463 seconds (0.12 TFLOPS)
Compute: Result transferred in 0.053080 seconds
Compute: Matrix pair 5 computed in 0.030885 seconds (4.14 TFLOPS)
Compute: Result transferred in 0.051889 seconds
Worker 16: Matrix pair 16 transferred in 0.012733 seconds
Worker 17: Matrix pair 17 transferred in 0.019310 seconds
Worker 18: Matrix pair 18 transferred in 0.016829 seconds
Compute: Matrix pair 6 computed in 1.203064 seconds (0.11 TFLOPS)
Compute: Result transferred in 0.051617 seconds
Compute: Matrix pair 7 computed in 0.064864 seconds (1.97 TFLOPS)
Compute: Result transferred in 0.052378 seconds
Compute: Matrix pair 8 computed in 0.025981 seconds (4.93 TFLOPS)
Compute: Result transferred in 0.051821 seconds
Compute: Matrix pair 9 computed in 0.005385 seconds (23.77 TFLOPS)
Compute: Result transferred in 0.052090 seconds
Compute: Matrix pair 10 computed in 0.005469 seconds (23.40 TFLOPS)
Compute: Result transferred in 0.051994 seconds
Compute: Matrix pair 11 computed in 0.005377 seconds (23.81 TFLOPS)
Compute: Result transferred in 0.051307 seconds
Compute: Matrix pair 12 computed in 0.005445 seconds (23.51 TFLOPS)
Compute: Result transferred in 0.052211 seconds
Compute: Matrix pair 13 computed in 0.005460 seconds (23.45 TFLOPS)
Compute: Result transferred in 0.061561 seconds
Compute: Matrix pair 14 computed in 0.005482 seconds (23.35 TFLOPS)
Compute: Result transferred in 0.051265 seconds
Compute: Matrix pair 15 computed in 0.005367 seconds (23.85 TFLOPS)
Compute: Result transferred in 0.051198 seconds
Compute: Matrix pair 16 computed in 0.005731 seconds (22.33 TFLOPS)
Compute: Result transferred in 0.052277 seconds
Compute: Matrix pair 17 computed in 0.005506 seconds (23.25 TFLOPS)
Compute: Result transferred in 0.052498 seconds
Compute: Matrix pair 18 computed in 0.005608 seconds (22.82 TFLOPS)
Compute: Result transferred in 0.050978 seconds
Worker 19: Matrix pair 19 transferred in 0.015041 seconds
Compute: Matrix pair 19 computed in 0.014597 seconds (8.77 TFLOPS)
Compute: Result transferred in 0.050852 seconds
Worker 20: Matrix pair 20 transferred in 0.011245 seconds
Compute: Matrix pair 20 computed in 0.011885 seconds (10.77 TFLOPS)
Compute: Result transferred in 0.051210 seconds
Worker 21: Matrix pair 21 transferred in 0.012042 seconds
Compute: Matrix pair 21 computed in 0.011696 seconds (10.94 TFLOPS)
Compute: Result transferred in 0.053247 seconds
Worker 22: Matrix pair 22 transferred in 0.010731 seconds
Compute: Matrix pair 22 computed in 0.015029 seconds (8.52 TFLOPS)
Compute: Result transferred in 0.051219 seconds
Worker 23: Matrix pair 23 transferred in 0.011316 seconds
Compute: Matrix pair 23 computed in 0.011889 seconds (10.77 TFLOPS)
Compute: Result transferred in 0.051497 seconds
Worker 24: Matrix pair 24 transferred in 0.011276 seconds
Compute: Matrix pair 24 computed in 0.011528 seconds (11.10 TFLOPS)
Compute: Result transferred in 0.053024 seconds
Worker 25: Matrix pair 25 transferred in 0.028009 seconds
Compute: Matrix pair 25 computed in 0.034079 seconds (3.76 TFLOPS)
Compute: Result transferred in 0.057458 seconds
Worker 26: Matrix pair 26 transferred in 0.017632 seconds
Compute: Matrix pair 26 computed in 0.011505 seconds (11.13 TFLOPS)
Compute: Result transferred in 0.053082 seconds
Worker 27: Matrix pair 27 transferred in 0.014757 seconds
Compute: Matrix pair 27 computed in 0.011533 seconds (11.10 TFLOPS)
Compute: Result transferred in 0.054012 seconds
Worker 28: Matrix pair 28 transferred in 0.076660 seconds
Compute: Matrix pair 28 computed in 0.020282 seconds (6.31 TFLOPS)
Compute: Result transferred in 0.060640 seconds
Worker 29: Matrix pair 29 transferred in 0.013011 seconds
Compute: Matrix pair 29 computed in 0.012491 seconds (10.25 TFLOPS)
Compute: Result transferred in 0.053035 seconds
Worker 30: Matrix pair 30 transferred in 0.011756 seconds
Compute: Matrix pair 30 computed in 0.011927 seconds (10.73 TFLOPS)
Compute: Result transferred in 0.053657 seconds
Worker 31: Matrix pair 31 transferred in 0.011032 seconds
Compute: Matrix pair 31 computed in 0.015422 seconds (8.30 TFLOPS)
Compute: Result transferred in 0.052001 seconds
Worker 32: Matrix pair 32 transferred in 0.011300 seconds
Compute: Matrix pair 32 computed in 0.012170 seconds (10.52 TFLOPS)
Compute: Result transferred in 0.052553 seconds
Worker 33: Matrix pair 33 transferred in 0.011894 seconds
Compute: Matrix pair 33 computed in 0.012172 seconds (10.52 TFLOPS)
Compute: Result transferred in 0.062303 seconds
Worker 34: Matrix pair 34 transferred in 0.013353 seconds
Compute: Matrix pair 34 computed in 0.015644 seconds (8.18 TFLOPS)
Compute: Result transferred in 0.052457 seconds
Worker 35: Matrix pair 35 transferred in 0.015248 seconds
Compute: Matrix pair 35 computed in 0.013033 seconds (9.82 TFLOPS)
Compute: Result transferred in 0.054520 seconds
Worker 36: Matrix pair 36 transferred in 0.011495 seconds
Compute: Matrix pair 36 computed in 0.126740 seconds (1.01 TFLOPS)
Compute: Result transferred in 0.055385 seconds
Worker 37: Matrix pair 37 transferred in 0.013697 seconds
Compute: Matrix pair 37 computed in 0.078604 seconds (1.63 TFLOPS)
Compute: Result transferred in 0.054009 seconds
Worker 38: Matrix pair 38 transferred in 0.014930 seconds
Compute: Matrix pair 38 computed in 0.012750 seconds (10.04 TFLOPS)
Compute: Result transferred in 0.054113 seconds
Worker 39: Matrix pair 39 transferred in 0.015312 seconds
Compute: Matrix pair 39 computed in 0.012645 seconds (10.12 TFLOPS)
Compute: Result transferred in 0.191942 seconds
Worker 40: Matrix pair 40 transferred in 0.024543 seconds
Compute: Matrix pair 40 computed in 0.031715 seconds (4.04 TFLOPS)
Compute: Result transferred in 0.058593 seconds
Worker 41: Matrix pair 41 transferred in 0.012741 seconds
Compute: Matrix pair 41 computed in 0.012351 seconds (10.36 TFLOPS)
Compute: Result transferred in 0.053059 seconds
Worker 42: Matrix pair 42 transferred in 0.013037 seconds
Compute: Matrix pair 42 computed in 0.012770 seconds (10.02 TFLOPS)
Compute: Result transferred in 0.054808 seconds
Worker 43: Matrix pair 43 transferred in 0.017078 seconds
Compute: Matrix pair 43 computed in 0.016214 seconds (7.89 TFLOPS)
Compute: Result transferred in 0.056976 seconds
Worker 44: Matrix pair 44 transferred in 0.014419 seconds
Compute: Matrix pair 44 computed in 0.013209 seconds (9.69 TFLOPS)
Compute: Result transferred in 0.052121 seconds
Worker 45: Matrix pair 45 transferred in 0.012043 seconds
Compute: Matrix pair 45 computed in 0.012508 seconds (10.23 TFLOPS)
Compute: Result transferred in 0.054518 seconds
Worker 46: Matrix pair 46 transferred in 0.018560 seconds
Worker 47: Matrix pair 47 transferred in 0.018849 seconds
Compute: Matrix pair 46 computed in 0.786321 seconds (0.16 TFLOPS)
Compute: Result transferred in 0.052976 seconds
Compute: Matrix pair 47 computed in 0.012760 seconds (10.03 TFLOPS)
Compute: Result transferred in 0.054209 seconds
Worker 48: Matrix pair 48 transferred in 0.015836 seconds
Compute: Matrix pair 48 computed in 0.012483 seconds (10.25 TFLOPS)
Compute: Result transferred in 0.056113 seconds
Worker 49: Matrix pair 49 transferred in 0.040215 seconds
Compute: Matrix pair 49 computed in 0.019518 seconds (6.56 TFLOPS)
Compute: Result transferred in 0.067935 seconds
Worker 50: Matrix pair 50 transferred in 0.056120 seconds
Compute: Matrix pair 50 computed in 0.036893 seconds (3.47 TFLOPS)
Compute: Result transferred in 0.062416 seconds
Worker 51: Matrix pair 51 transferred in 0.011032 seconds
Compute: Matrix pair 51 computed in 0.013337 seconds (9.60 TFLOPS)
Compute: Result transferred in 0.055800 seconds
Worker 52: Matrix pair 52 transferred in 0.012769 seconds
Compute: Matrix pair 52 computed in 0.013571 seconds (9.43 TFLOPS)
Compute: Result transferred in 0.053810 seconds
Worker 53: Matrix pair 53 transferred in 0.014520 seconds
Compute: Matrix pair 53 computed in 0.013074 seconds (9.79 TFLOPS)
Compute: Result transferred in 0.054153 seconds
Worker 54: Matrix pair 54 transferred in 0.014499 seconds
Compute: Matrix pair 54 computed in 0.013100 seconds (9.77 TFLOPS)
Compute: Result transferred in 0.054773 seconds
Worker 55: Matrix pair 55 transferred in 0.014630 seconds
Compute: Matrix pair 55 computed in 0.013998 seconds (9.14 TFLOPS)
Compute: Result transferred in 0.053349 seconds
Worker 56: Matrix pair 56 transferred in 0.014382 seconds
Compute: Matrix pair 56 computed in 0.012915 seconds (9.91 TFLOPS)
Compute: Result transferred in 0.054609 seconds
Worker 57: Matrix pair 57 transferred in 0.019171 seconds
Compute: Matrix pair 57 computed in 0.013347 seconds (9.59 TFLOPS)
Compute: Result transferred in 0.063463 seconds
Epoch 0:
  Learning rate: 0.01000
  Total epoch time: 66.5225 sec
  Batch loading time: 1.4202 sec
  Training computation time: 29.8049 sec
  Evaluation time: 26.6229 sec
  Number of batches: 390
  Training set accuracy: 0.014800 (1.48%)
  Test set accuracy: 0.012400 (1.24%)
  Best test accuracy so far: 0.012400 (1.24%)

Worker 58: Matrix pair 58 transferred in 0.010466 seconds
Compute: Matrix pair 58 computed in 0.015595 seconds (8.21 TFLOPS)
Compute: Result transferred in 0.052950 seconds
Worker 59: Matrix pair 59 transferred in 0.014639 seconds
Compute: Matrix pair 59 computed in 0.006591 seconds (19.42 TFLOPS)
Compute: Result transferred in 0.054250 seconds
Worker 60: Matrix pair 60 transferred in 0.011054 seconds
Compute: Matrix pair 60 computed in 0.012638 seconds (10.13 TFLOPS)
Compute: Result transferred in 0.055534 seconds
Epoch 1: train_acc=0.0178, test_acc=0.0172, time=3.92s
Worker 61: Matrix pair 61 transferred in 0.016856 seconds
Compute: Matrix pair 61 computed in 0.017162 seconds (7.46 TFLOPS)
Compute: Result transferred in 0.053318 seconds
Worker 62: Matrix pair 62 transferred in 0.016254 seconds
Compute: Matrix pair 62 computed in 0.009951 seconds (12.86 TFLOPS)
Compute: Result transferred in 0.055475 seconds
Epoch 2: train_acc=0.0234, test_acc=0.0205, time=1.72s
Worker 63: Matrix pair 63 transferred in 0.017163 seconds
Compute: Matrix pair 63 computed in 0.013100 seconds (9.77 TFLOPS)
Compute: Result transferred in 0.055400 seconds
Epoch 3: train_acc=0.0212, test_acc=0.0240, time=1.64s
Worker 64: Matrix pair 64 transferred in 0.016780 seconds
Compute: Matrix pair 64 computed in 0.015023 seconds (8.52 TFLOPS)
Compute: Result transferred in 0.053775 seconds
Worker 65: Matrix pair 65 transferred in 0.016026 seconds
Compute: Matrix pair 65 computed in 0.006848 seconds (18.69 TFLOPS)
Compute: Result transferred in 0.054738 seconds
Epoch 4: train_acc=0.0280, test_acc=0.0292, time=1.62s
Worker 66: Matrix pair 66 transferred in 0.018524 seconds
Compute: Matrix pair 66 computed in 0.013364 seconds (9.58 TFLOPS)
Compute: Result transferred in 0.055357 seconds
Worker 67: Matrix pair 67 transferred in 0.057838 seconds
Compute: Matrix pair 67 computed in 0.011289 seconds (11.34 TFLOPS)
Compute: Result transferred in 0.085932 seconds
Epoch 5: train_acc=0.0300, test_acc=0.0325, time=2.58s
Worker 68: Matrix pair 68 transferred in 0.017138 seconds
Compute: Matrix pair 68 computed in 0.013867 seconds (9.23 TFLOPS)
Compute: Result transferred in 0.053997 seconds
Worker 69: Matrix pair 69 transferred in 0.183445 seconds
Compute: Matrix pair 69 computed in 0.057293 seconds (2.23 TFLOPS)
Compute: Result transferred in 0.123936 seconds
Worker 70: Matrix pair 70 transferred in 0.018695 seconds
Compute: Matrix pair 70 computed in 0.016161 seconds (7.92 TFLOPS)
Compute: Result transferred in 0.053218 seconds
Worker 71: Matrix pair 71 transferred in 0.011725 seconds
Compute: Matrix pair 71 computed in 0.013141 seconds (9.74 TFLOPS)
Compute: Result transferred in 0.060095 seconds
Epoch 6: train_acc=0.0402, test_acc=0.0364, time=3.80s
Worker 72: Matrix pair 72 transferred in 0.016406 seconds
Compute: Matrix pair 72 computed in 0.014514 seconds (8.82 TFLOPS)
Compute: Result transferred in 0.055794 seconds
Epoch 7: train_acc=0.0386, test_acc=0.0403, time=1.01s
Warning: Batch queue is empty, waiting for prefetcher...
Worker 73: Matrix pair 73 transferred in 0.015137 seconds
Compute: Matrix pair 73 computed in 0.007382 seconds (17.34 TFLOPS)
Compute: Result transferred in 0.054116 seconds
Epoch 8: train_acc=0.0390, test_acc=0.0440, time=2.18s
Worker 74: Matrix pair 74 transferred in 0.020873 seconds
Compute: Matrix pair 74 computed in 0.007105 seconds (18.02 TFLOPS)
Compute: Result transferred in 0.053360 seconds
Worker 75: Matrix pair 75 transferred in 0.017947 seconds
Compute: Matrix pair 75 computed in 0.007241 seconds (17.68 TFLOPS)
Compute: Result transferred in 0.056225 seconds
Epoch 9: train_acc=0.0458, test_acc=0.0473, time=1.63s
Worker 76: Matrix pair 76 transferred in 0.015969 seconds
Compute: Matrix pair 76 computed in 0.014444 seconds (8.86 TFLOPS)
Compute: Result transferred in 0.053727 seconds
Worker 77: Matrix pair 77 transferred in 0.181134 seconds
Compute: Matrix pair 77 computed in 0.018312 seconds (6.99 TFLOPS)
Compute: Result transferred in 0.076144 seconds
Worker 78: Matrix pair 78 transferred in 0.018360 seconds
Epoch 10:
  Learning rate: 0.00500
  Total epoch time: 2.3436 sec
  Batch loading time: 1.0789 sec
  Training computation time: 0.7154 sec
  Evaluation time: 1.5501 sec
  Number of batches: 390
  Training set accuracy: 0.046000 (4.60%)
  Test set accuracy: 0.049600 (4.96%)
  Best test accuracy so far: 0.049600 (4.96%)

Warning: Batch queue is empty, waiting for prefetcher...
Compute: Matrix pair 78 computed in 0.016553 seconds (7.73 TFLOPS)
Compute: Result transferred in 0.055975 seconds
Worker 79: Matrix pair 79 transferred in 0.012175 seconds
Compute: Matrix pair 79 computed in 0.014823 seconds (8.64 TFLOPS)
Compute: Result transferred in 0.053339 seconds
Epoch 11: train_acc=0.0498, test_acc=0.0510, time=2.66s
Worker 80: Matrix pair 80 transferred in 0.020024 seconds
Compute: Matrix pair 80 computed in 0.007836 seconds (16.34 TFLOPS)
Compute: Result transferred in 0.054106 seconds
Worker 81: Matrix pair 81 transferred in 0.018245 seconds
Compute: Matrix pair 81 computed in 0.007179 seconds (17.83 TFLOPS)
Compute: Result transferred in 0.054428 seconds
Epoch 12: train_acc=0.0564, test_acc=0.0532, time=2.22s
Worker 83: Matrix pair 83 transferred in 0.019319 seconds
Compute: Matrix pair 83 computed in 0.013054 seconds (9.81 TFLOPS)
Compute: Result transferred in 0.053973 seconds
Worker 82: Matrix pair 82 transferred in 0.016372 seconds
Compute: Matrix pair 82 computed in 0.007290 seconds (17.56 TFLOPS)
Compute: Result transferred in 0.054392 seconds
Epoch 13: train_acc=0.0490, test_acc=0.0547, time=1.62s
Worker 84: Matrix pair 84 transferred in 0.018180 seconds
Compute: Matrix pair 84 computed in 0.012710 seconds (10.07 TFLOPS)
Compute: Result transferred in 0.053998 seconds
Worker 85: Matrix pair 85 transferred in 0.047182 seconds
Compute: Matrix pair 85 computed in 0.013036 seconds (9.82 TFLOPS)
Compute: Result transferred in 0.073562 seconds
Worker 86: Matrix pair 86 transferred in 0.012284 seconds
Compute: Matrix pair 86 computed in 0.015946 seconds (8.03 TFLOPS)
Compute: Result transferred in 0.053951 seconds
Worker 87: Matrix pair 87 transferred in 0.267830 seconds
Compute: Matrix pair 87 computed in 0.018127 seconds (7.06 TFLOPS)
Compute: Result transferred in 0.069704 seconds
Epoch 14: train_acc=0.0642, test_acc=0.0560, time=3.90s
Worker 88: Matrix pair 88 transferred in 0.011323 seconds
Compute: Matrix pair 88 computed in 0.013010 seconds (9.84 TFLOPS)
Compute: Result transferred in 0.053284 seconds
Epoch 15: train_acc=0.0532, test_acc=0.0571, time=2.42s
Worker 89: Matrix pair 89 transferred in 0.018525 seconds
Compute: Matrix pair 89 computed in 0.015635 seconds (8.19 TFLOPS)
Compute: Result transferred in 0.053780 seconds
Worker 90: Matrix pair 90 transferred in 0.016307 seconds
Compute: Matrix pair 90 computed in 0.013804 seconds (9.27 TFLOPS)
Compute: Result transferred in 0.053901 seconds
Epoch 16: train_acc=0.0570, test_acc=0.0581, time=1.10s
Warning: Batch queue is empty, waiting for prefetcher...
Worker 91: Matrix pair 91 transferred in 0.015808 seconds
Compute: Matrix pair 91 computed in 0.007270 seconds (17.61 TFLOPS)
Compute: Result transferred in 0.056216 seconds
Worker 92: Matrix pair 92 transferred in 0.011047 seconds
Compute: Matrix pair 92 computed in 0.007120 seconds (17.98 TFLOPS)
Compute: Result transferred in 0.053441 seconds
Epoch 17: train_acc=0.0630, test_acc=0.0585, time=2.46s
Worker 93: Matrix pair 93 transferred in 0.020949 seconds
Compute: Matrix pair 93 computed in 0.008550 seconds (14.97 TFLOPS)
Compute: Result transferred in 0.056193 seconds
Epoch 18: train_acc=0.0570, test_acc=0.0593, time=1.93s
Worker 94: Matrix pair 94 transferred in 0.017141 seconds
Compute: Matrix pair 94 computed in 0.013231 seconds (9.67 TFLOPS)
Compute: Result transferred in 0.054131 seconds
Worker 95: Matrix pair 95 transferred in 0.018954 seconds
Compute: Matrix pair 95 computed in 0.007496 seconds (17.08 TFLOPS)
Compute: Result transferred in 0.054463 seconds
Epoch 19: train_acc=0.0638, test_acc=0.0612, time=1.63s
Worker 96: Matrix pair 96 transferred in 0.019876 seconds
Compute: Matrix pair 96 computed in 0.013149 seconds (9.73 TFLOPS)
Compute: Result transferred in 0.056631 seconds
Worker 97: Matrix pair 97 transferred in 0.015510 seconds
Compute: Matrix pair 97 computed in 0.013395 seconds (9.56 TFLOPS)
Compute: Result transferred in 0.082724 seconds
Epoch 20:
  Learning rate: 0.00100
  Total epoch time: 2.7365 sec
  Batch loading time: 1.4219 sec
  Training computation time: 1.3673 sec
  Evaluation time: 1.2213 sec
  Number of batches: 390
  Training set accuracy: 0.067400 (6.74%)
  Test set accuracy: 0.061600 (6.16%)
  Best test accuracy so far: 0.061600 (6.16%)

Worker 98: Matrix pair 98 transferred in 0.018510 seconds
Compute: Matrix pair 98 computed in 0.014630 seconds (8.75 TFLOPS)
Compute: Result transferred in 0.053980 seconds
Worker 99: Matrix pair 99 transferred in 0.018102 seconds
Compute: Matrix pair 99 computed in 0.007426 seconds (17.24 TFLOPS)
Compute: Result transferred in 0.056198 seconds
Epoch 21: train_acc=0.0576, test_acc=0.0620, time=1.62s
Worker 100: Matrix pair 100 transferred in 0.019834 seconds
Compute: Matrix pair 100 computed in 0.014657 seconds (8.73 TFLOPS)
Compute: Result transferred in 0.054810 seconds
Worker 101: Matrix pair 101 transferred in 0.017780 seconds
Compute: Matrix pair 101 computed in 0.007655 seconds (16.72 TFLOPS)
Compute: Result transferred in 0.060198 seconds
Epoch 22: train_acc=0.0612, test_acc=0.0621, time=1.73s
Warning: Batch queue is empty, waiting for prefetcher...
Worker 102: Matrix pair 102 transferred in 0.018463 seconds
Compute: Matrix pair 102 computed in 0.015633 seconds (8.19 TFLOPS)
Compute: Result transferred in 0.054414 seconds
Epoch 23: train_acc=0.0662, test_acc=0.0616, time=2.63s
Worker 103: Matrix pair 103 transferred in 0.017503 seconds
Compute: Matrix pair 103 computed in 0.013080 seconds (9.79 TFLOPS)
Compute: Result transferred in 0.055137 seconds
Worker 104: Matrix pair 104 transferred in 0.016477 seconds
Compute: Matrix pair 104 computed in 0.016456 seconds (7.78 TFLOPS)
Compute: Result transferred in 0.054279 seconds
Epoch 24: train_acc=0.0632, test_acc=0.0623, time=1.10s
Warning: Batch queue is empty, waiting for prefetcher...
Worker 105: Matrix pair 105 transferred in 0.020247 seconds
Compute: Matrix pair 105 computed in 0.007109 seconds (18.00 TFLOPS)
Compute: Result transferred in 0.055838 seconds
Worker 106: Matrix pair 106 transferred in 0.014235 seconds
Compute: Matrix pair 106 computed in 0.013147 seconds (9.74 TFLOPS)
Compute: Result transferred in 0.053711 seconds
Epoch 25: train_acc=0.0620, test_acc=0.0625, time=2.17s
Worker 107: Matrix pair 107 transferred in 0.035434 seconds
Compute: Matrix pair 107 computed in 0.018920 seconds (6.77 TFLOPS)
Compute: Result transferred in 0.084827 seconds
Worker 108: Matrix pair 108 transferred in 0.021079 seconds
Compute: Matrix pair 108 computed in 0.011071 seconds (11.56 TFLOPS)
Compute: Result transferred in 0.060266 seconds
Epoch 26: train_acc=0.0652, test_acc=0.0628, time=1.67s
Warning: Batch queue is empty, waiting for prefetcher...
Worker 109: Matrix pair 109 transferred in 0.016376 seconds
Compute: Matrix pair 109 computed in 0.007347 seconds (17.42 TFLOPS)
Compute: Result transferred in 0.055925 seconds
Epoch 27: train_acc=0.0614, test_acc=0.0633, time=2.17s
Worker 110: Matrix pair 110 transferred in 0.016219 seconds
Compute: Matrix pair 110 computed in 0.013368 seconds (9.57 TFLOPS)
Compute: Result transferred in 0.052887 seconds
Worker 111: Matrix pair 111 transferred in 0.017742 seconds
Compute: Matrix pair 111 computed in 0.009198 seconds (13.92 TFLOPS)
Compute: Result transferred in 0.056589 seconds
Epoch 28: train_acc=0.0684, test_acc=0.0635, time=2.20s
Worker 112: Matrix pair 112 transferred in 0.019022 seconds
Compute: Matrix pair 112 computed in 0.013238 seconds (9.67 TFLOPS)
Compute: Result transferred in 0.053889 seconds
Worker 113: Matrix pair 113 transferred in 0.018551 seconds
Compute: Matrix pair 113 computed in 0.007324 seconds (17.48 TFLOPS)
Compute: Result transferred in 0.054725 seconds
Epoch 29: train_acc=0.0638, test_acc=0.0635, time=1.64s
Worker 114: Matrix pair 114 transferred in 0.020059 seconds
Compute: Matrix pair 114 computed in 0.013596 seconds (9.41 TFLOPS)
Compute: Result transferred in 0.053977 seconds
Epoch 30:
  Learning rate: 0.00100
  Total epoch time: 2.1758 sec
  Batch loading time: 1.3079 sec
  Training computation time: 0.8652 sec
  Evaluation time: 1.2085 sec
  Number of batches: 390
  Training set accuracy: 0.067400 (6.74%)
  Test set accuracy: 0.063700 (6.37%)
  Best test accuracy so far: 0.063700 (6.37%)

Worker 115: Matrix pair 115 transferred in 0.018823 seconds
Compute: Matrix pair 115 computed in 0.013565 seconds (9.44 TFLOPS)
Compute: Result transferred in 0.055048 seconds
Worker 116: Matrix pair 116 transferred in 0.015724 seconds
Compute: Matrix pair 116 computed in 0.017098 seconds (7.49 TFLOPS)
Compute: Result transferred in 0.054392 seconds
Worker 117: Matrix pair 117 transferred in 0.018951 seconds
Epoch 31: train_acc=0.0698, test_acc=0.0642, time=1.13s
Warning: Batch queue is empty, waiting for prefetcher...
Compute: Matrix pair 117 computed in 0.015471 seconds (8.27 TFLOPS)
Compute: Result transferred in 0.057327 seconds
Worker 118: Matrix pair 118 transferred in 0.027147 seconds
Compute: Matrix pair 118 computed in 0.007854 seconds (16.30 TFLOPS)
Compute: Result transferred in 0.068427 seconds
Epoch 32: train_acc=0.0644, test_acc=0.0646, time=2.71s
Worker 119: Matrix pair 119 transferred in 0.016539 seconds
Compute: Matrix pair 119 computed in 0.016555 seconds (7.73 TFLOPS)
Compute: Result transferred in 0.054398 seconds
Worker 120: Matrix pair 120 transferred in 0.018176 seconds
Compute: Matrix pair 120 computed in 0.014748 seconds (8.68 TFLOPS)
Compute: Result transferred in 0.054969 seconds
Epoch 33: train_acc=0.0604, test_acc=0.0649, time=1.08s
Warning: Batch queue is empty, waiting for prefetcher...
Worker 121: Matrix pair 121 transferred in 0.015969 seconds
Compute: Matrix pair 121 computed in 0.007665 seconds (16.70 TFLOPS)
Compute: Result transferred in 0.056001 seconds
Worker 122: Matrix pair 122 transferred in 0.011095 seconds
Compute: Matrix pair 122 computed in 0.015106 seconds (8.47 TFLOPS)
Compute: Result transferred in 0.053334 seconds
Epoch 34: train_acc=0.0756, test_acc=0.0652, time=2.37s
Worker 123: Matrix pair 123 transferred in 0.017612 seconds
Compute: Matrix pair 123 computed in 0.006988 seconds (18.32 TFLOPS)
Compute: Result transferred in 0.055056 seconds
Worker 124: Matrix pair 124 transferred in 0.018101 seconds
Epoch 35: train_acc=0.0634, test_acc=0.0650, time=2.01s
Compute: Matrix pair 124 computed in 0.013511 seconds (9.47 TFLOPS)
Compute: Result transferred in 0.053871 seconds
Worker 125: Matrix pair 125 transferred in 0.018672 seconds
Compute: Matrix pair 125 computed in 0.007631 seconds (16.77 TFLOPS)
Compute: Result transferred in 0.054523 seconds
Worker 126: Matrix pair 126 transferred in 0.010902 seconds
Epoch 36: train_acc=0.0668, test_acc=0.0653, time=1.66s
Compute: Matrix pair 126 computed in 0.013394 seconds (9.56 TFLOPS)
Compute: Result transferred in 0.054238 seconds
Worker 127: Matrix pair 127 transferred in 0.010945 seconds
Compute: Matrix pair 127 computed in 0.012817 seconds (9.99 TFLOPS)
Compute: Result transferred in 0.055360 seconds
Epoch 37: train_acc=0.0678, test_acc=0.0658, time=2.67s
Worker 128: Matrix pair 128 transferred in 0.018263 seconds
Compute: Matrix pair 128 computed in 0.016496 seconds (7.76 TFLOPS)
Compute: Result transferred in 0.054484 seconds
Worker 129: Matrix pair 129 transferred in 0.019224 seconds
Compute: Matrix pair 129 computed in 0.011178 seconds (11.45 TFLOPS)
Compute: Result transferred in 0.101842 seconds
Epoch 38: train_acc=0.0698, test_acc=0.0659, time=2.22s
Worker 130: Matrix pair 130 transferred in 0.017068 seconds
Compute: Matrix pair 130 computed in 0.010702 seconds (11.96 TFLOPS)
Compute: Result transferred in 0.053646 seconds
Worker 131: Matrix pair 131 transferred in 0.018528 seconds
Compute: Matrix pair 131 computed in 0.007380 seconds (17.34 TFLOPS)
Compute: Result transferred in 0.055168 seconds
Epoch 39: train_acc=0.0614, test_acc=0.0663, time=1.64s
Worker 132: Matrix pair 132 transferred in 0.018398 seconds
Compute: Matrix pair 132 computed in 0.013879 seconds (9.22 TFLOPS)
Compute: Result transferred in 0.054632 seconds
Worker 133: Matrix pair 133 transferred in 0.011481 seconds
Compute: Matrix pair 133 computed in 0.012940 seconds (9.89 TFLOPS)
Compute: Result transferred in 0.055266 seconds
Worker 134: Matrix pair 134 transferred in 0.016096 seconds
Epoch 40:
  Learning rate: 0.00100
  Total epoch time: 2.7663 sec
  Batch loading time: 1.4061 sec
  Training computation time: 1.0276 sec
  Evaluation time: 1.6206 sec
  Number of batches: 390
  Training set accuracy: 0.067600 (6.76%)
  Test set accuracy: 0.066600 (6.66%)
  Best test accuracy so far: 0.066600 (6.66%)

Compute: Matrix pair 134 computed in 0.016369 seconds (7.82 TFLOPS)
Compute: Result transferred in 0.054093 seconds
Worker 135: Matrix pair 135 transferred in 0.018793 seconds
Compute: Matrix pair 135 computed in 0.007877 seconds (16.25 TFLOPS)
Compute: Result transferred in 0.055066 seconds
Worker 136: Matrix pair 136 transferred in 0.012177 seconds
Epoch 41: train_acc=0.0662, test_acc=0.0668, time=2.32s
Compute: Matrix pair 136 computed in 0.011950 seconds (10.71 TFLOPS)
Compute: Result transferred in 0.123393 seconds
Worker 137: Matrix pair 137 transferred in 0.016006 seconds
Compute: Matrix pair 137 computed in 0.007348 seconds (17.42 TFLOPS)
Compute: Result transferred in 0.054525 seconds
Epoch 42: train_acc=0.0732, test_acc=0.0668, time=1.49s
Worker 138: Matrix pair 138 transferred in 0.020607 seconds
Compute: Matrix pair 138 computed in 0.013643 seconds (9.38 TFLOPS)
Compute: Result transferred in 0.054657 seconds
Worker 139: Matrix pair 139 transferred in 0.050219 seconds
Compute: Matrix pair 139 computed in 0.082844 seconds (1.55 TFLOPS)
Compute: Result transferred in 0.073820 seconds
Worker 140: Matrix pair 140 transferred in 0.011636 seconds
Compute: Matrix pair 140 computed in 0.007588 seconds (16.87 TFLOPS)
Compute: Result transferred in 0.054499 seconds
Epoch 43: train_acc=0.0670, test_acc=0.0667, time=2.89s
Worker 141: Matrix pair 141 transferred in 0.018521 seconds
Compute: Matrix pair 141 computed in 0.007395 seconds (17.31 TFLOPS)
Compute: Result transferred in 0.056418 seconds
Epoch 44: train_acc=0.0634, test_acc=0.0666, time=2.03s
Worker 142: Matrix pair 142 transferred in 0.018309 seconds
Compute: Matrix pair 142 computed in 0.010678 seconds (11.99 TFLOPS)
Compute: Result transferred in 0.053231 seconds
Worker 143: Matrix pair 143 transferred in 0.017799 seconds
Compute: Matrix pair 143 computed in 0.007385 seconds (17.33 TFLOPS)
Compute: Result transferred in 0.054289 seconds
Worker 144: Matrix pair 144 transferred in 0.011455 seconds
Compute: Matrix pair 144 computed in 0.013127 seconds (9.75 TFLOPS)
Compute: Result transferred in 0.054033 seconds
Epoch 45: train_acc=0.0676, test_acc=0.0671, time=1.80s
Worker 145: Matrix pair 145 transferred in 0.112348 seconds
Compute: Matrix pair 145 computed in 0.030955 seconds (4.14 TFLOPS)
Compute: Result transferred in 0.065100 seconds
Epoch 46: train_acc=0.0656, test_acc=0.0671, time=2.57s
Worker 146: Matrix pair 146 transferred in 0.016305 seconds
Compute: Matrix pair 146 computed in 0.016332 seconds (7.84 TFLOPS)
Compute: Result transferred in 0.054234 seconds
Worker 147: Matrix pair 147 transferred in 0.016477 seconds
Compute: Matrix pair 147 computed in 0.009203 seconds (13.91 TFLOPS)
Compute: Result transferred in 0.055348 seconds
Epoch 47: train_acc=0.0738, test_acc=0.0676, time=1.63s
Worker 148: Matrix pair 148 transferred in 0.020029 seconds
Compute: Matrix pair 148 computed in 0.014610 seconds (8.76 TFLOPS)
Compute: Result transferred in 0.054657 seconds
Worker 149: Matrix pair 149 transferred in 0.021863 seconds
Epoch 48: train_acc=0.0750, test_acc=0.0677, time=1.71s
Warning: Batch queue is empty, waiting for prefetcher...
Compute: Matrix pair 149 computed in 0.007758 seconds (16.50 TFLOPS)
Compute: Result transferred in 0.054526 seconds
Worker 150: Matrix pair 150 transferred in 0.016981 seconds
Compute: Matrix pair 150 computed in 0.013550 seconds (9.45 TFLOPS)
Compute: Result transferred in 0.053862 seconds
Epoch 49: train_acc=0.0738, test_acc=0.0683, time=2.72s
Worker 151: Matrix pair 151 transferred in 0.017505 seconds
Compute: Matrix pair 151 computed in 0.013687 seconds (9.35 TFLOPS)
Compute: Result transferred in 0.055845 seconds
Worker 152: Matrix pair 152 transferred in 0.017128 seconds
Compute: Matrix pair 152 computed in 0.017688 seconds (7.24 TFLOPS)
Compute: Result transferred in 0.053997 seconds
Worker 153: Matrix pair 153 transferred in 0.015585 seconds
Compute: Matrix pair 153 computed in 0.007452 seconds (17.18 TFLOPS)
Compute: Result transferred in 0.056899 seconds
Epoch 50:
  Learning rate: 0.00100
  Total epoch time: 1.1504 sec
  Batch loading time: 1.2289 sec
  Training computation time: 0.7332 sec
  Evaluation time: 0.3131 sec
  Number of batches: 390
  Training set accuracy: 0.067000 (6.70%)
  Test set accuracy: 0.068500 (6.85%)
  Best test accuracy so far: 0.068500 (6.85%)

Warning: Batch queue is empty, waiting for prefetcher...
Epoch 51: train_acc=0.0722, test_acc=0.0684, time=1.53s
Worker 154: Matrix pair 154 transferred in 0.016895 seconds
Compute: Matrix pair 154 computed in 0.013723 seconds (9.33 TFLOPS)
Compute: Result transferred in 0.054573 seconds
Worker 155: Matrix pair 155 transferred in 0.015762 seconds
Compute: Matrix pair 155 computed in 0.007718 seconds (16.58 TFLOPS)
Compute: Result transferred in 0.054618 seconds
Epoch 52: train_acc=0.0698, test_acc=0.0684, time=1.65s
Worker 156: Matrix pair 156 transferred in 0.020148 seconds
Compute: Matrix pair 156 computed in 0.013769 seconds (9.30 TFLOPS)
Compute: Result transferred in 0.054863 seconds
Epoch 53: train_acc=0.0686, test_acc=0.0690, time=2.17s
Worker 157: Matrix pair 157 transferred in 0.018208 seconds
Compute: Matrix pair 157 computed in 0.013131 seconds (9.75 TFLOPS)
Compute: Result transferred in 0.055595 seconds
Worker 158: Matrix pair 158 transferred in 0.156229 seconds
Compute: Matrix pair 158 computed in 0.011534 seconds (11.10 TFLOPS)
Compute: Result transferred in 0.084801 seconds
Worker 159: Matrix pair 159 transferred in 0.020958 seconds
Compute: Matrix pair 159 computed in 0.008090 seconds (15.82 TFLOPS)
Compute: Result transferred in 0.055317 seconds
Epoch 54: train_acc=0.0698, test_acc=0.0691, time=2.22s
Worker 160: Matrix pair 160 transferred in 0.020674 seconds
Compute: Matrix pair 160 computed in 0.014048 seconds (9.11 TFLOPS)
Compute: Result transferred in 0.054426 seconds
Worker 161: Matrix pair 161 transferred in 0.224905 seconds
Compute: Matrix pair 161 computed in 0.109172 seconds (1.17 TFLOPS)
Compute: Result transferred in 0.080631 seconds
Epoch 55: train_acc=0.0738, test_acc=0.0698, time=2.25s
Warning: Batch queue is empty, waiting for prefetcher...
Worker 162: Matrix pair 162 transferred in 0.014550 seconds
Compute: Matrix pair 162 computed in 0.007360 seconds (17.39 TFLOPS)
Compute: Result transferred in 0.054836 seconds
Worker 163: Matrix pair 163 transferred in 0.015895 seconds
Compute: Matrix pair 163 computed in 0.012934 seconds (9.90 TFLOPS)
Compute: Result transferred in 0.054981 seconds
Epoch 56: train_acc=0.0638, test_acc=0.0700, time=2.79s
Worker 164: Matrix pair 164 transferred in 0.018821 seconds
Compute: Matrix pair 164 computed in 0.014750 seconds (8.68 TFLOPS)
Compute: Result transferred in 0.054069 seconds
Worker 165: Matrix pair 165 transferred in 0.018863 seconds
Compute: Matrix pair 165 computed in 0.007583 seconds (16.88 TFLOPS)
Compute: Result transferred in 0.055282 seconds
Epoch 57: train_acc=0.0654, test_acc=0.0703, time=1.63s
Worker 166: Matrix pair 166 transferred in 0.017435 seconds
Compute: Matrix pair 166 computed in 0.013062 seconds (9.80 TFLOPS)
Compute: Result transferred in 0.054677 seconds
Epoch 58: train_acc=0.0710, test_acc=0.0704, time=1.64s
Warning: Batch queue is empty, waiting for prefetcher...
Worker 167: Matrix pair 167 transferred in 0.014756 seconds
Compute: Matrix pair 167 computed in 0.007489 seconds (17.09 TFLOPS)
Compute: Result transferred in 0.054512 seconds
Worker 168: Matrix pair 168 transferred in 0.018550 seconds
Compute: Matrix pair 168 computed in 0.014167 seconds (9.04 TFLOPS)
Compute: Result transferred in 0.054518 seconds
Worker 169: Matrix pair 169 transferred in 0.012737 seconds
Compute: Matrix pair 169 computed in 0.013284 seconds (9.64 TFLOPS)
Compute: Result transferred in 0.064847 seconds
Epoch 59: train_acc=0.0766, test_acc=0.0703, time=2.98s
Worker 170: Matrix pair 170 transferred in 0.016759 seconds
Compute: Matrix pair 170 computed in 0.016462 seconds (7.78 TFLOPS)
Compute: Result transferred in 0.054166 seconds
Worker 171: Matrix pair 171 transferred in 0.019843 seconds
Compute: Matrix pair 171 computed in 0.010483 seconds (12.21 TFLOPS)
Compute: Result transferred in 0.055212 seconds
Epoch 60:
  Learning rate: 0.00100
  Total epoch time: 1.9644 sec
  Batch loading time: 1.1260 sec
  Training computation time: 0.9062 sec
  Evaluation time: 1.0144 sec
  Number of batches: 390
  Training set accuracy: 0.075000 (7.50%)
  Test set accuracy: 0.070600 (7.06%)
  Best test accuracy so far: 0.070600 (7.06%)

Worker 172: Matrix pair 172 transferred in 0.017161 seconds
Compute: Matrix pair 172 computed in 0.013450 seconds (9.52 TFLOPS)
Compute: Result transferred in 0.054476 seconds
Worker 173: Matrix pair 173 transferred in 0.139210 seconds
Compute: Matrix pair 173 computed in 0.063526 seconds (2.01 TFLOPS)
Compute: Result transferred in 0.090032 seconds
Epoch 61: train_acc=0.0732, test_acc=0.0708, time=2.02s
Warning: Batch queue is empty, waiting for prefetcher...
Worker 174: Matrix pair 174 transferred in 0.012753 seconds
Compute: Matrix pair 174 computed in 0.007416 seconds (17.26 TFLOPS)
Compute: Result transferred in 0.054901 seconds
Worker 175: Matrix pair 175 transferred in 0.011484 seconds
Compute: Matrix pair 175 computed in 0.012987 seconds (9.86 TFLOPS)
Compute: Result transferred in 0.055009 seconds
Epoch 62: train_acc=0.0734, test_acc=0.0710, time=2.88s
Worker 176: Matrix pair 176 transferred in 0.017792 seconds
Compute: Matrix pair 176 computed in 0.012279 seconds (10.42 TFLOPS)
Compute: Result transferred in 0.053900 seconds
Worker 177: Matrix pair 177 transferred in 0.017299 seconds
Compute: Matrix pair 177 computed in 0.007438 seconds (17.21 TFLOPS)
Compute: Result transferred in 0.054820 seconds
Epoch 63: train_acc=0.0726, test_acc=0.0715, time=1.70s
Worker 178: Matrix pair 178 transferred in 0.016970 seconds
Compute: Matrix pair 178 computed in 0.012937 seconds (9.89 TFLOPS)
Compute: Result transferred in 0.054477 seconds
Epoch 64: train_acc=0.0724, test_acc=0.0722, time=1.63s
Warning: Batch queue is empty, waiting for prefetcher...
Worker 179: Matrix pair 179 transferred in 0.021441 seconds
Compute: Matrix pair 179 computed in 0.007386 seconds (17.33 TFLOPS)
Compute: Result transferred in 0.054466 seconds
Worker 180: Matrix pair 180 transferred in 0.019449 seconds
Compute: Matrix pair 180 computed in 0.014004 seconds (9.14 TFLOPS)
Compute: Result transferred in 0.076802 seconds
Worker 181: Matrix pair 181 transferred in 0.014966 seconds
Epoch 65: train_acc=0.0766, test_acc=0.0722, time=2.78s
Compute: Matrix pair 181 computed in 0.013184 seconds (9.71 TFLOPS)
Compute: Result transferred in 0.055265 seconds
Worker 182: Matrix pair 182 transferred in 0.017134 seconds
Compute: Matrix pair 182 computed in 0.014731 seconds (8.69 TFLOPS)
Compute: Result transferred in 0.054557 seconds
Epoch 66: train_acc=0.0770, test_acc=0.0724, time=1.06s
Warning: Batch queue is empty, waiting for prefetcher...
Worker 183: Matrix pair 183 transferred in 0.020466 seconds
Compute: Matrix pair 183 computed in 0.007309 seconds (17.51 TFLOPS)
Compute: Result transferred in 0.055633 seconds
Epoch 67: train_acc=0.0702, test_acc=0.0728, time=1.62s
Worker 184: Matrix pair 184 transferred in 0.018991 seconds
Compute: Matrix pair 184 computed in 0.013181 seconds (9.71 TFLOPS)
Compute: Result transferred in 0.053957 seconds
Worker 185: Matrix pair 185 transferred in 0.016515 seconds
Compute: Matrix pair 185 computed in 0.007272 seconds (17.60 TFLOPS)
Compute: Result transferred in 0.055052 seconds
Epoch 68: train_acc=0.0782, test_acc=0.0729, time=1.64s
Worker 186: Matrix pair 186 transferred in 0.016440 seconds
Compute: Matrix pair 186 computed in 0.013417 seconds (9.54 TFLOPS)
Compute: Result transferred in 0.054512 seconds
Worker 187: Matrix pair 187 transferred in 0.012133 seconds
Compute: Matrix pair 187 computed in 0.013493 seconds (9.49 TFLOPS)
Compute: Result transferred in 0.072526 seconds
Worker 188: Matrix pair 188 transferred in 0.018061 seconds
Epoch 69: train_acc=0.0728, test_acc=0.0734, time=2.80s
Compute: Matrix pair 188 computed in 0.016651 seconds (7.69 TFLOPS)
Compute: Result transferred in 0.054400 seconds
Worker 189: Matrix pair 189 transferred in 0.017821 seconds
Compute: Matrix pair 189 computed in 0.007618 seconds (16.80 TFLOPS)
Compute: Result transferred in 0.056189 seconds
Epoch 70:
  Learning rate: 0.00100
  Total epoch time: 1.5701 sec
  Batch loading time: 1.0496 sec
  Training computation time: 0.9133 sec
  Evaluation time: 0.6080 sec
  Number of batches: 390
  Training set accuracy: 0.074400 (7.44%)
  Test set accuracy: 0.073700 (7.37%)
  Best test accuracy so far: 0.073700 (7.37%)

Worker 190: Matrix pair 190 transferred in 0.020048 seconds
Compute: Matrix pair 190 computed in 0.014478 seconds (8.84 TFLOPS)
Compute: Result transferred in 0.054354 seconds
Epoch 71: train_acc=0.0688, test_acc=0.0734, time=1.64s
Warning: Batch queue is empty, waiting for prefetcher...
Worker 191: Matrix pair 191 transferred in 0.018529 seconds
Compute: Matrix pair 191 computed in 0.007481 seconds (17.11 TFLOPS)
Compute: Result transferred in 0.054426 seconds
Worker 192: Matrix pair 192 transferred in 0.017173 seconds
Compute: Matrix pair 192 computed in 0.013354 seconds (9.58 TFLOPS)
Compute: Result transferred in 0.053616 seconds
Epoch 72: train_acc=0.0788, test_acc=0.0735, time=2.70s
Worker 193: Matrix pair 193 transferred in 0.017221 seconds
Compute: Matrix pair 193 computed in 0.012971 seconds (9.87 TFLOPS)
Compute: Result transferred in 0.055330 seconds
Worker 194: Matrix pair 194 transferred in 0.017228 seconds
Compute: Matrix pair 194 computed in 0.016573 seconds (7.72 TFLOPS)
Compute: Result transferred in 0.054320 seconds
Epoch 73: train_acc=0.0730, test_acc=0.0738, time=1.10s
Warning: Batch queue is empty, waiting for prefetcher...
Worker 195: Matrix pair 195 transferred in 0.020204 seconds
Compute: Matrix pair 195 computed in 0.008187 seconds (15.63 TFLOPS)
Compute: Result transferred in 0.055456 seconds
Epoch 74: train_acc=0.0730, test_acc=0.0744, time=1.62s
Worker 196: Matrix pair 196 transferred in 0.020179 seconds
Compute: Matrix pair 196 computed in 0.007442 seconds (17.20 TFLOPS)
Compute: Result transferred in 0.097203 seconds
Worker 197: Matrix pair 197 transferred in 0.050988 seconds
Compute: Matrix pair 197 computed in 0.054388 seconds (2.35 TFLOPS)
Compute: Result transferred in 0.081364 seconds
Worker 198: Matrix pair 198 transferred in 0.011616 seconds
Compute: Matrix pair 198 computed in 0.013203 seconds (9.70 TFLOPS)
Compute: Result transferred in 0.053608 seconds
Epoch 75: train_acc=0.0764, test_acc=0.0743, time=1.84s
Worker 199: Matrix pair 199 transferred in 0.012376 seconds
Compute: Matrix pair 199 computed in 0.012571 seconds (10.18 TFLOPS)
Compute: Result transferred in 0.096864 seconds
Epoch 76: train_acc=0.0772, test_acc=0.0746, time=2.08s
Worker 200: Matrix pair 200 transferred in 0.016498 seconds
Compute: Matrix pair 200 computed in 0.014508 seconds (8.82 TFLOPS)
Compute: Result transferred in 0.053877 seconds
Epoch 77: train_acc=0.0688, test_acc=0.0751, time=1.18s
Epoch 78: train_acc=0.0840, test_acc=0.0751, time=1.11s
Epoch 79: train_acc=0.0764, test_acc=0.0751, time=1.10s
Epoch 80:
  Learning rate: 0.00100
  Total epoch time: 1.1108 sec
  Batch loading time: 0.8886 sec
  Training computation time: 1.0456 sec
  Evaluation time: 0.0214 sec
  Number of batches: 390
  Training set accuracy: 0.074600 (7.46%)
  Test set accuracy: 0.075400 (7.54%)
  Best test accuracy so far: 0.075400 (7.54%)

Epoch 81: train_acc=0.0754, test_acc=0.0758, time=1.10s
Epoch 82: train_acc=0.0726, test_acc=0.0759, time=1.08s
Epoch 83: train_acc=0.0770, test_acc=0.0765, time=1.09s
Epoch 84: train_acc=0.0780, test_acc=0.0767, time=1.08s
Epoch 85: train_acc=0.0774, test_acc=0.0769, time=1.09s
Epoch 86: train_acc=0.0766, test_acc=0.0772, time=1.66s
Epoch 87: train_acc=0.0824, test_acc=0.0773, time=1.12s
Epoch 88: train_acc=0.0746, test_acc=0.0773, time=1.12s
Epoch 89: train_acc=0.0780, test_acc=0.0774, time=1.09s
Epoch 90:
  Learning rate: 0.00100
  Total epoch time: 1.0903 sec
  Batch loading time: 0.8835 sec
  Training computation time: 1.0266 sec
  Evaluation time: 0.0203 sec
  Number of batches: 390
  Training set accuracy: 0.083400 (8.34%)
  Test set accuracy: 0.077700 (7.77%)
  Best test accuracy so far: 0.077700 (7.77%)

Epoch 91: train_acc=0.0840, test_acc=0.0777, time=1.16s
Epoch 92: train_acc=0.0732, test_acc=0.0780, time=1.10s
Epoch 93: train_acc=0.0784, test_acc=0.0784, time=1.09s
Epoch 94: train_acc=0.0764, test_acc=0.0786, time=1.09s
Epoch 95: train_acc=0.0860, test_acc=0.0786, time=1.09s
Epoch 96: train_acc=0.0810, test_acc=0.0786, time=1.46s
Epoch 97: train_acc=0.0794, test_acc=0.0792, time=1.11s
Epoch 98: train_acc=0.0830, test_acc=0.0794, time=1.10s
Epoch 99: train_acc=0.0868, test_acc=0.0797, time=1.09s
Epoch 100:
  Learning rate: 0.00100
  Total epoch time: 1.0854 sec
  Batch loading time: 0.8951 sec
  Training computation time: 1.0219 sec
  Evaluation time: 0.0202 sec
  Number of batches: 390
  Training set accuracy: 0.081800 (8.18%)
  Test set accuracy: 0.079700 (7.97%)
  Best test accuracy so far: 0.079700 (7.97%)

Epoch 101: train_acc=0.0886, test_acc=0.0800, time=1.14s
Epoch 102: train_acc=0.0854, test_acc=0.0801, time=1.07s
Epoch 103: train_acc=0.0876, test_acc=0.0804, time=1.09s
Epoch 104: train_acc=0.0874, test_acc=0.0805, time=1.07s
Epoch 105: train_acc=0.0812, test_acc=0.0806, time=1.07s
Epoch 106: train_acc=0.0802, test_acc=0.0810, time=1.56s
Epoch 107: train_acc=0.0844, test_acc=0.0810, time=1.12s
Epoch 108: train_acc=0.0848, test_acc=0.0813, time=1.12s
Epoch 109: train_acc=0.0822, test_acc=0.0813, time=1.11s
Epoch 110:
  Learning rate: 0.00100
  Total epoch time: 1.0949 sec
  Batch loading time: 0.9281 sec
  Training computation time: 0.9959 sec
  Evaluation time: 0.0203 sec
  Number of batches: 390
  Training set accuracy: 0.087400 (8.74%)
  Test set accuracy: 0.081600 (8.16%)
  Best test accuracy so far: 0.081600 (8.16%)

Epoch 111: train_acc=0.0848, test_acc=0.0819, time=1.15s
Epoch 112: train_acc=0.0868, test_acc=0.0820, time=1.10s
Epoch 113: train_acc=0.0880, test_acc=0.0822, time=1.12s
Epoch 114: train_acc=0.0912, test_acc=0.0821, time=1.10s
Epoch 115: train_acc=0.0858, test_acc=0.0823, time=1.08s
Epoch 116: train_acc=0.0838, test_acc=0.0825, time=1.10s
Epoch 117: train_acc=0.0810, test_acc=0.0827, time=1.07s
Epoch 118: train_acc=0.0826, test_acc=0.0827, time=1.10s
Epoch 119: train_acc=0.0880, test_acc=0.0827, time=1.10s
Epoch 120:
  Learning rate: 0.00100
  Total epoch time: 1.0626 sec
  Batch loading time: 0.9036 sec
  Training computation time: 0.9989 sec
  Evaluation time: 0.0204 sec
  Number of batches: 390
  Training set accuracy: 0.091800 (9.18%)
  Test set accuracy: 0.082900 (8.29%)
  Best test accuracy so far: 0.082900 (8.29%)

Epoch 121: train_acc=0.0882, test_acc=0.0831, time=1.12s
Epoch 122: train_acc=0.0886, test_acc=0.0831, time=1.11s
Epoch 123: train_acc=0.0864, test_acc=0.0832, time=1.06s
Epoch 124: train_acc=0.0900, test_acc=0.0832, time=1.09s
Epoch 125: train_acc=0.0818, test_acc=0.0834, time=1.65s
Epoch 126: train_acc=0.0862, test_acc=0.0837, time=1.08s
Epoch 127: train_acc=0.0866, test_acc=0.0838, time=1.07s
Epoch 128: train_acc=0.0944, test_acc=0.0839, time=1.10s
Epoch 129: train_acc=0.0886, test_acc=0.0845, time=1.08s
Epoch 130:
  Learning rate: 0.00100
  Total epoch time: 1.1001 sec
  Batch loading time: 0.7984 sec
  Training computation time: 1.0155 sec
  Evaluation time: 0.0203 sec
  Number of batches: 390
  Training set accuracy: 0.083800 (8.38%)
  Test set accuracy: 0.084800 (8.48%)
  Best test accuracy so far: 0.084800 (8.48%)

Epoch 131: train_acc=0.0898, test_acc=0.0851, time=1.10s
Epoch 132: train_acc=0.0844, test_acc=0.0853, time=1.10s
Epoch 133: train_acc=0.0912, test_acc=0.0854, time=1.03s
Epoch 134: train_acc=0.0914, test_acc=0.0853, time=1.30s
Epoch 135: train_acc=0.0898, test_acc=0.0854, time=1.18s
Epoch 136: train_acc=0.0968, test_acc=0.0859, time=1.09s
Epoch 137: train_acc=0.0816, test_acc=0.0858, time=1.09s
Epoch 138: train_acc=0.0930, test_acc=0.0863, time=1.08s
Epoch 139: train_acc=0.0826, test_acc=0.0866, time=1.13s
Epoch 140:
  Learning rate: 0.00100
  Total epoch time: 1.0857 sec
  Batch loading time: 0.8704 sec
  Training computation time: 1.0219 sec
  Evaluation time: 0.0206 sec
  Number of batches: 390
  Training set accuracy: 0.090800 (9.08%)
  Test set accuracy: 0.086600 (8.66%)
  Best test accuracy so far: 0.086600 (8.66%)

Epoch 141: train_acc=0.0950, test_acc=0.0866, time=1.10s
Epoch 142: train_acc=0.0922, test_acc=0.0871, time=1.13s
Epoch 143: train_acc=0.0874, test_acc=0.0869, time=1.06s
Epoch 144: train_acc=0.1022, test_acc=0.0872, time=1.56s
Epoch 145: train_acc=0.0958, test_acc=0.0874, time=1.09s
Epoch 146: train_acc=0.0908, test_acc=0.0878, time=1.09s
Epoch 147: train_acc=0.0924, test_acc=0.0876, time=1.08s
Epoch 148: train_acc=0.0888, test_acc=0.0877, time=1.09s
Epoch 149: train_acc=0.0914, test_acc=0.0879, time=1.17s
Epoch 150:
  Learning rate: 0.00100
  Total epoch time: 1.0841 sec
  Batch loading time: 0.7074 sec
  Training computation time: 0.9970 sec
  Evaluation time: 0.0204 sec
  Number of batches: 390
  Training set accuracy: 0.092800 (9.28%)
  Test set accuracy: 0.088300 (8.83%)
  Best test accuracy so far: 0.088300 (8.83%)

Epoch 151: train_acc=0.0976, test_acc=0.0884, time=1.10s
Epoch 152: train_acc=0.1040, test_acc=0.0886, time=1.11s
Epoch 153: train_acc=0.0984, test_acc=0.0889, time=1.25s
Epoch 154: train_acc=0.0924, test_acc=0.0891, time=1.09s
Epoch 155: train_acc=0.0968, test_acc=0.0891, time=1.09s
Epoch 156: train_acc=0.0944, test_acc=0.0894, time=1.10s
Epoch 157: train_acc=0.0882, test_acc=0.0897, time=1.09s
Epoch 158: train_acc=0.0912, test_acc=0.0898, time=1.08s
Epoch 159: train_acc=0.0976, test_acc=0.0898, time=1.10s
Epoch 160:
  Learning rate: 0.00100
  Total epoch time: 1.0859 sec
  Batch loading time: 0.9132 sec
  Training computation time: 0.9875 sec
  Evaluation time: 0.0203 sec
  Number of batches: 390
  Training set accuracy: 0.092800 (9.28%)
  Test set accuracy: 0.090200 (9.02%)
  Best test accuracy so far: 0.090200 (9.02%)

Epoch 161: train_acc=0.0954, test_acc=0.0901, time=1.04s
Epoch 162: train_acc=0.0968, test_acc=0.0900, time=1.34s
Epoch 163: train_acc=0.0946, test_acc=0.0902, time=1.08s
Epoch 164: train_acc=0.0906, test_acc=0.0907, time=1.08s
Epoch 165: train_acc=0.0884, test_acc=0.0907, time=1.09s
Epoch 166: train_acc=0.0982, test_acc=0.0906, time=1.09s
Epoch 167: train_acc=0.0974, test_acc=0.0908, time=1.13s
Epoch 168: train_acc=0.0972, test_acc=0.0908, time=1.08s
Epoch 169: train_acc=0.0964, test_acc=0.0908, time=1.08s
Epoch 170:
  Learning rate: 0.00100
  Total epoch time: 1.0935 sec
  Batch loading time: 0.8910 sec
  Training computation time: 0.9918 sec
  Evaluation time: 0.0210 sec
  Number of batches: 390
  Training set accuracy: 0.091000 (9.10%)
  Test set accuracy: 0.091100 (9.11%)
  Best test accuracy so far: 0.091100 (9.11%)

Epoch 171: train_acc=0.0976, test_acc=0.0911, time=1.04s
Epoch 172: train_acc=0.0986, test_acc=0.0917, time=1.66s
Epoch 173: train_acc=0.0980, test_acc=0.0917, time=1.06s
Epoch 174: train_acc=0.0922, test_acc=0.0922, time=1.11s
Epoch 175: train_acc=0.0954, test_acc=0.0924, time=1.10s
Epoch 176: train_acc=0.0908, test_acc=0.0922, time=1.08s
Epoch 177: train_acc=0.0976, test_acc=0.0925, time=1.10s
Epoch 178: train_acc=0.0990, test_acc=0.0925, time=1.09s
Epoch 179: train_acc=0.0938, test_acc=0.0926, time=1.09s
Epoch 180:
  Learning rate: 0.00100
  Total epoch time: 1.5250 sec
  Batch loading time: 0.8895 sec
  Training computation time: 1.3538 sec
  Evaluation time: 0.0608 sec
  Number of batches: 390
  Training set accuracy: 0.098200 (9.82%)
  Test set accuracy: 0.092500 (9.25%)
  Best test accuracy so far: 0.092600 (9.26%)

Epoch 181: train_acc=0.1030, test_acc=0.0930, time=1.69s
Epoch 182: train_acc=0.0960, test_acc=0.0932, time=1.07s
Epoch 183: train_acc=0.1030, test_acc=0.0931, time=1.09s
Epoch 184: train_acc=0.1058, test_acc=0.0935, time=1.13s
Epoch 185: train_acc=0.0960, test_acc=0.0938, time=1.06s
Epoch 186: train_acc=0.0976, test_acc=0.0940, time=1.10s
Epoch 187: train_acc=0.1000, test_acc=0.0940, time=1.09s
Epoch 188: train_acc=0.0982, test_acc=0.0943, time=1.08s
Epoch 189: train_acc=0.1050, test_acc=0.0943, time=1.10s
Epoch 190:
  Learning rate: 0.00100
  Total epoch time: 1.5194 sec
  Batch loading time: 0.9119 sec
  Training computation time: 1.3085 sec
  Evaluation time: 0.0954 sec
  Number of batches: 390
  Training set accuracy: 0.099800 (9.98%)
  Test set accuracy: 0.094500 (9.45%)
  Best test accuracy so far: 0.094500 (9.45%)

Epoch 191: train_acc=0.0998, test_acc=0.0946, time=1.08s
Epoch 192: train_acc=0.0972, test_acc=0.0947, time=1.09s
Epoch 193: train_acc=0.0970, test_acc=0.0951, time=1.07s
Epoch 194: train_acc=0.0992, test_acc=0.0955, time=1.13s
Epoch 195: train_acc=0.1038, test_acc=0.0956, time=1.07s
Epoch 196: train_acc=0.1020, test_acc=0.0958, time=1.08s
Epoch 197: train_acc=0.1050, test_acc=0.0958, time=1.06s
Epoch 198: train_acc=0.1002, test_acc=0.0963, time=1.07s
Epoch 199:
  Learning rate: 0.00100
  Total epoch time: 1.0759 sec
  Batch loading time: 0.6386 sec
  Training computation time: 1.0128 sec
  Evaluation time: 0.0203 sec
  Number of batches: 390
  Training set accuracy: 0.100800 (10.08%)
  Test set accuracy: 0.096500 (9.65%)
  Best test accuracy so far: 0.096500 (9.65%)

Batch prefetcher shut down
Matrix 1 transferred in background, took 1.2756 sec
Matrix 2 transferred in background, took 0.6275 sec
Matrix 0 transferred in background, took 2.2231 sec
Matrix 3 transferred in background, took 0.0243 sec
Matrix 4 transferred in background, took 0.0215 sec
Matrix 5 transferred in background, took 0.0167 sec
Matrix 6 transferred in background, took 0.1567 sec
Matrix 7 transferred in background, took 0.1609 sec
Matrix 8 transferred in background, took 0.0874 sec
Matrix 9 transferred in background, took 0.0438 sec
Matrix 10 transferred in background, took 0.0200 sec
Matrix 11 transferred in background, took 0.0167 sec
Matrix 12 transferred in background, took 0.0167 sec
Matrix 13 transferred in background, took 0.0191 sec
Matrix 14 transferred in background, took 0.0182 sec
Matrix 15 transferred in background, took 0.0127 sec
Matrix 16 transferred in background, took 0.0193 sec
Matrix 17 transferred in background, took 0.0168 sec
Matrix 18 transferred in background, took 0.0150 sec
Matrix 19 transferred in background, took 0.0112 sec
Matrix 20 transferred in background, took 0.0120 sec
Matrix 21 transferred in background, took 0.0107 sec
Matrix 22 transferred in background, took 0.0113 sec
Matrix 23 transferred in background, took 0.0113 sec
Matrix 24 transferred in background, took 0.0280 sec
Matrix 25 transferred in background, took 0.0176 sec
Matrix 26 transferred in background, took 0.0148 sec
Matrix 27 transferred in background, took 0.0767 sec
Matrix 28 transferred in background, took 0.0130 sec
Matrix 29 transferred in background, took 0.0118 sec
Matrix 30 transferred in background, took 0.0110 sec
Matrix 31 transferred in background, took 0.0113 sec
Matrix 32 transferred in background, took 0.0119 sec
Matrix 33 transferred in background, took 0.0134 sec
Matrix 34 transferred in background, took 0.0152 sec
Matrix 35 transferred in background, took 0.0115 sec
Matrix 36 transferred in background, took 0.0137 sec
Matrix 37 transferred in background, took 0.0149 sec
Matrix 38 transferred in background, took 0.0153 sec
Matrix 39 transferred in background, took 0.0245 sec
Matrix 40 transferred in background, took 0.0127 sec
Matrix 41 transferred in background, took 0.0130 sec
Matrix 42 transferred in background, took 0.0171 sec
Matrix 43 transferred in background, took 0.0144 sec
Matrix 44 transferred in background, took 0.0120 sec
Matrix 45 transferred in background, took 0.0186 sec
Matrix 46 transferred in background, took 0.0188 sec
Matrix 47 transferred in background, took 0.0158 sec
Matrix 48 transferred in background, took 0.0402 sec
Matrix 49 transferred in background, took 0.0561 sec
Matrix 50 transferred in background, took 0.0110 sec
Matrix 51 transferred in background, took 0.0128 sec
Matrix 52 transferred in background, took 0.0145 sec
Matrix 53 transferred in background, took 0.0145 sec
Matrix 54 transferred in background, took 0.0146 sec
Matrix 55 transferred in background, took 0.0144 sec
Matrix 56 transferred in background, took 0.0192 sec
Matrix 57 transferred in background, took 0.0105 sec
Matrix 58 transferred in background, took 0.0146 sec
Matrix 59 transferred in background, took 0.0111 sec
Matrix 60 transferred in background, took 0.0169 sec
Matrix 61 transferred in background, took 0.0163 sec
Matrix 62 transferred in background, took 0.0172 sec
Matrix 63 transferred in background, took 0.0168 sec
Matrix 64 transferred in background, took 0.0160 sec
Matrix 65 transferred in background, took 0.0185 sec
Matrix 66 transferred in background, took 0.0578 sec
Matrix 67 transferred in background, took 0.0171 sec
Matrix 68 transferred in background, took 0.1834 sec
Matrix 69 transferred in background, took 0.0187 sec
Matrix 70 transferred in background, took 0.0117 sec
Matrix 71 transferred in background, took 0.0164 sec
Matrix 72 transferred in background, took 0.0151 sec
Matrix 73 transferred in background, took 0.0209 sec
Matrix 74 transferred in background, took 0.0179 sec
Matrix 75 transferred in background, took 0.0160 sec
Matrix 76 transferred in background, took 0.1811 sec
Matrix 77 transferred in background, took 0.0184 sec
Matrix 78 transferred in background, took 0.0122 sec
Matrix 79 transferred in background, took 0.0200 sec
Matrix 80 transferred in background, took 0.0182 sec
Matrix 82 transferred in background, took 0.0193 sec
Matrix 81 transferred in background, took 0.0164 sec
Matrix 83 transferred in background, took 0.0182 sec
Matrix 84 transferred in background, took 0.0472 sec
Matrix 85 transferred in background, took 0.0123 sec
Matrix 86 transferred in background, took 0.2678 sec
Matrix 87 transferred in background, took 0.0113 sec
Matrix 88 transferred in background, took 0.0185 sec
Matrix 89 transferred in background, took 0.0163 sec
Matrix 90 transferred in background, took 0.0158 sec
Matrix 91 transferred in background, took 0.0110 sec
Matrix 92 transferred in background, took 0.0209 sec
Matrix 93 transferred in background, took 0.0171 sec
Matrix 94 transferred in background, took 0.0190 sec
Matrix 95 transferred in background, took 0.0199 sec
Matrix 96 transferred in background, took 0.0155 sec
Matrix 97 transferred in background, took 0.0185 sec
Matrix 98 transferred in background, took 0.0181 sec
Matrix 99 transferred in background, took 0.0198 sec
Matrix 100 transferred in background, took 0.0178 sec
Matrix 101 transferred in background, took 0.0185 sec
Matrix 102 transferred in background, took 0.0175 sec
Matrix 103 transferred in background, took 0.0165 sec
Matrix 104 transferred in background, took 0.0202 sec
Matrix 105 transferred in background, took 0.0142 sec
Matrix 106 transferred in background, took 0.0354 sec
Matrix 107 transferred in background, took 0.0211 sec
Matrix 108 transferred in background, took 0.0164 sec
Matrix 109 transferred in background, took 0.0162 sec
Matrix 110 transferred in background, took 0.0177 sec
Matrix 111 transferred in background, took 0.0190 sec
Matrix 112 transferred in background, took 0.0186 sec
Matrix 113 transferred in background, took 0.0201 sec
Matrix 114 transferred in background, took 0.0188 sec
Matrix 115 transferred in background, took 0.0157 sec
Matrix 116 transferred in background, took 0.0190 sec
Matrix 117 transferred in background, took 0.0271 sec
Matrix 118 transferred in background, took 0.0165 sec
Matrix 119 transferred in background, took 0.0182 sec
Matrix 120 transferred in background, took 0.0160 sec
Matrix 121 transferred in background, took 0.0111 sec
Matrix 122 transferred in background, took 0.0176 sec
Matrix 123 transferred in background, took 0.0181 sec
Matrix 124 transferred in background, took 0.0187 sec
Matrix 125 transferred in background, took 0.0109 sec
Matrix 126 transferred in background, took 0.0109 sec
Matrix 127 transferred in background, took 0.0183 sec
Matrix 128 transferred in background, took 0.0192 sec
Matrix 129 transferred in background, took 0.0171 sec
Matrix 130 transferred in background, took 0.0185 sec
Matrix 131 transferred in background, took 0.0184 sec
Matrix 132 transferred in background, took 0.0115 sec
Matrix 133 transferred in background, took 0.0161 sec
Matrix 134 transferred in background, took 0.0188 sec
Matrix 135 transferred in background, took 0.0122 sec
Matrix 136 transferred in background, took 0.0160 sec
Matrix 137 transferred in background, took 0.0206 sec
Matrix 138 transferred in background, took 0.0502 sec
Matrix 139 transferred in background, took 0.0116 sec
Matrix 140 transferred in background, took 0.0185 sec
Matrix 141 transferred in background, took 0.0183 sec
Matrix 142 transferred in background, took 0.0178 sec
Matrix 143 transferred in background, took 0.0115 sec
Matrix 144 transferred in background, took 0.1123 sec
Matrix 145 transferred in background, took 0.0163 sec
Matrix 146 transferred in background, took 0.0165 sec
Matrix 147 transferred in background, took 0.0200 sec
Matrix 148 transferred in background, took 0.0219 sec
Matrix 149 transferred in background, took 0.0170 sec
Matrix 150 transferred in background, took 0.0175 sec
Matrix 151 transferred in background, took 0.0171 sec
Matrix 152 transferred in background, took 0.0156 sec
Matrix 153 transferred in background, took 0.0169 sec
Matrix 154 transferred in background, took 0.0158 sec
Matrix 155 transferred in background, took 0.0201 sec
Matrix 156 transferred in background, took 0.0182 sec
Matrix 157 transferred in background, took 0.1562 sec
Matrix 158 transferred in background, took 0.0210 sec
Matrix 159 transferred in background, took 0.0207 sec
Matrix 160 transferred in background, took 0.2249 sec
Matrix 161 transferred in background, took 0.0146 sec
Matrix 162 transferred in background, took 0.0159 sec
Matrix 163 transferred in background, took 0.0188 sec
Matrix 164 transferred in background, took 0.0189 sec
Matrix 165 transferred in background, took 0.0174 sec
Matrix 166 transferred in background, took 0.0148 sec
Matrix 167 transferred in background, took 0.0185 sec
Matrix 168 transferred in background, took 0.0127 sec
Matrix 169 transferred in background, took 0.0168 sec
Matrix 170 transferred in background, took 0.0198 sec
Matrix 171 transferred in background, took 0.0172 sec
Matrix 172 transferred in background, took 0.1392 sec
Matrix 173 transferred in background, took 0.0128 sec
Matrix 174 transferred in background, took 0.0115 sec
Matrix 175 transferred in background, took 0.0178 sec
Matrix 176 transferred in background, took 0.0173 sec
Matrix 177 transferred in background, took 0.0170 sec
Matrix 178 transferred in background, took 0.0214 sec
Matrix 179 transferred in background, took 0.0194 sec
Matrix 180 transferred in background, took 0.0150 sec
Matrix 181 transferred in background, took 0.0171 sec
Matrix 182 transferred in background, took 0.0205 sec
Matrix 183 transferred in background, took 0.0190 sec
Matrix 184 transferred in background, took 0.0165 sec
Matrix 185 transferred in background, took 0.0164 sec
Matrix 186 transferred in background, took 0.0121 sec
Matrix 187 transferred in background, took 0.0181 sec
Matrix 188 transferred in background, took 0.0178 sec
Matrix 189 transferred in background, took 0.0200 sec
Matrix 190 transferred in background, took 0.0185 sec
Matrix 191 transferred in background, took 0.0172 sec
Matrix 192 transferred in background, took 0.0172 sec
Matrix 193 transferred in background, took 0.0172 sec
Matrix 194 transferred in background, took 0.0202 sec
Matrix 195 transferred in background, took 0.0202 sec
Matrix 196 transferred in background, took 0.0510 sec
Matrix 197 transferred in background, took 0.0116 sec
Matrix 198 transferred in background, took 0.0124 sec
Matrix 199 transferred in background, took 0.0165 sec
All matrix computations completed
=== Training Summary ===
Model initialization time: 22.8810 seconds
Initial dataset loading time: 25.6931 seconds
Function compilation time: 29.6783 seconds
Training loop time: 364.2643 seconds
  - Batch loading time: 213.5412 seconds
  - Computation time: 227.2810 seconds
  - Evaluation time: 106.0238 seconds
Total time: 412.8384 seconds
Final test accuracy: 0.096500 (9.65%)
Best test accuracy: 0.096500 (9.65%)

Reused cached compilation, saved approximately 29.6783 seconds
main executed in 420.379299 seconds
