2025-04-16 09:59:25.786556: E external/local_xla/xla/stream_executor/cuda/cuda_fft.cc:467] Unable to register cuFFT factory: Attempting to register factory for plugin cuFFT when one has already been registered
WARNING: All log messages before absl::InitializeLog() is called are written to STDERR
E0000 00:00:1744790366.308089   13343 cuda_dnn.cc:8579] Unable to register cuDNN factory: Attempting to register factory for plugin cuDNN when one has already been registered
E0000 00:00:1744790366.680613   13343 cuda_blas.cc:1407] Unable to register cuBLAS factory: Attempting to register factory for plugin cuBLAS when one has already been registered
W0000 00:00:1744790367.793190   13343 computation_placer.cc:177] computation placer already registered. Please check linkage and avoid linking the same target more than once.
W0000 00:00:1744790367.793240   13343 computation_placer.cc:177] computation placer already registered. Please check linkage and avoid linking the same target more than once.
W0000 00:00:1744790367.793242   13343 computation_placer.cc:177] computation placer already registered. Please check linkage and avoid linking the same target more than once.
W0000 00:00:1744790367.793244   13343 computation_placer.cc:177] computation placer already registered. Please check linkage and avoid linking the same target more than once.
2025-04-16 10:01:04.102169: E external/xla/xla/stream_executor/cuda/cuda_timer.cc:86] Delay kernel timed out: measured time has sub-optimal accuracy. There may be a missing warmup execution, please investigate in Nsight Systems.
2025-04-16 10:01:04.361262: E external/xla/xla/stream_executor/cuda/cuda_timer.cc:86] Delay kernel timed out: measured time has sub-optimal accuracy. There may be a missing warmup execution, please investigate in Nsight Systems.
2025-04-16 10:01:04.518418: E external/xla/xla/stream_executor/cuda/cuda_timer.cc:86] Delay kernel timed out: measured time has sub-optimal accuracy. There may be a missing warmup execution, please investigate in Nsight Systems.
2025-04-16 10:01:04.679911: E external/xla/xla/stream_executor/cuda/cuda_timer.cc:86] Delay kernel timed out: measured time has sub-optimal accuracy. There may be a missing warmup execution, please investigate in Nsight Systems.
2025-04-16 10:01:04.831726: E external/xla/xla/stream_executor/cuda/cuda_timer.cc:86] Delay kernel timed out: measured time has sub-optimal accuracy. There may be a missing warmup execution, please investigate in Nsight Systems.
2025-04-16 10:01:04.977468: E external/xla/xla/stream_executor/cuda/cuda_timer.cc:86] Delay kernel timed out: measured time has sub-optimal accuracy. There may be a missing warmup execution, please investigate in Nsight Systems.
2025-04-16 10:01:05.135390: E external/xla/xla/stream_executor/cuda/cuda_timer.cc:86] Delay kernel timed out: measured time has sub-optimal accuracy. There may be a missing warmup execution, please investigate in Nsight Systems.
2025-04-16 10:01:05.282417: E external/xla/xla/stream_executor/cuda/cuda_timer.cc:86] Delay kernel timed out: measured time has sub-optimal accuracy. There may be a missing warmup execution, please investigate in Nsight Systems.
2025-04-16 10:01:05.432988: E external/xla/xla/stream_executor/cuda/cuda_timer.cc:86] Delay kernel timed out: measured time has sub-optimal accuracy. There may be a missing warmup execution, please investigate in Nsight Systems.
2025-04-16 10:01:05.602073: E external/xla/xla/stream_executor/cuda/cuda_timer.cc:86] Delay kernel timed out: measured time has sub-optimal accuracy. There may be a missing warmup execution, please investigate in Nsight Systems.
2025-04-16 10:01:05.746702: E external/xla/xla/stream_executor/cuda/cuda_timer.cc:86] Delay kernel timed out: measured time has sub-optimal accuracy. There may be a missing warmup execution, please investigate in Nsight Systems.
2025-04-16 10:01:05.893424: E external/xla/xla/stream_executor/cuda/cuda_timer.cc:86] Delay kernel timed out: measured time has sub-optimal accuracy. There may be a missing warmup execution, please investigate in Nsight Systems.
2025-04-16 10:01:06.039869: E external/xla/xla/stream_executor/cuda/cuda_timer.cc:86] Delay kernel timed out: measured time has sub-optimal accuracy. There may be a missing warmup execution, please investigate in Nsight Systems.
2025-04-16 10:01:06.185556: E external/xla/xla/stream_executor/cuda/cuda_timer.cc:86] Delay kernel timed out: measured time has sub-optimal accuracy. There may be a missing warmup execution, please investigate in Nsight Systems.

=== Starting CIFAR-100 CNN with Compilation Caching ===

JAX version: 0.5.3
JAX devices: [CudaDevice(id=0)]

=== Phase 1: Model Initialization ===
Model initialization time: 21.1190 seconds

=== Phase 2: Dataset Loading ===
Dataset info:
  Features: ['id', 'image', 'label', 'coarse_label']
  Label classes: 100
Train: (50000, 32, 32, 3) (50000, 100)
Test: (10000, 32, 32, 3) (10000, 100)
Dataset loading time: 14.5333 seconds

=== Phase 3: Function Compilation ===
Found existing compilation metadata from Wed Apr 16 09:39:55 2025
Using previously compiled function from cache
Previous compilation took 26.7941 seconds

=== Phase 4: Training Loop ===

=== Starting Matrix Computations in Background ===
Initializing matrix worker with control mechanism...
Found existing compilation metadata from Wed Apr 16 09:42:09 2025
Matrix worker started in background
Worker 1: Generating matrix pair 1/100
Worker 1: Matrix pair 1 transferred in 0.014858 seconds
Worker 2: Generating matrix pair 2/100
Compute: Processing matrix pair 1/100
Worker 2: Matrix pair 2 transferred in 0.042555 seconds
Worker 3: Generating matrix pair 3/100
Worker 3: Matrix pair 3 transferred in 0.018004 seconds
Worker 4: Generating matrix pair 4/100
Worker 4: Matrix pair 4 transferred in 0.077099 seconds
Worker 5: Generating matrix pair 5/100
Worker 5: Matrix pair 5 transferred in 0.157357 seconds
Worker 6: Generating matrix pair 6/100
Compute: Matrix pair 1 computed in 6.934364 seconds (0.02 TFLOPS)
Compute: Result transferred in 0.079232 seconds
Compute: Processing matrix pair 2/100
Compute: Matrix pair 2 computed in 0.023375 seconds (5.48 TFLOPS)
Compute: Result transferred in 0.048409 seconds
Compute: Processing matrix pair 3/100
Compute: Matrix pair 3 computed in 0.005844 seconds (21.90 TFLOPS)
Compute: Result transferred in 0.048073 seconds
Compute: Processing matrix pair 4/100
Compute: Matrix pair 4 computed in 0.025711 seconds (4.98 TFLOPS)
Compute: Result transferred in 0.048117 seconds
Compute: Processing matrix pair 5/100
Compute: Matrix pair 5 computed in 0.005852 seconds (21.87 TFLOPS)
Compute: Result transferred in 0.048340 seconds
Worker 6: Matrix pair 6 transferred in 0.011603 seconds
Worker 7: Generating matrix pair 7/100
Compute: Processing matrix pair 6/100
Worker 7: Matrix pair 7 transferred in 0.013064 seconds
Worker 8: Generating matrix pair 8/100
Worker 8: Matrix pair 8 transferred in 0.017033 seconds
Worker 9: Generating matrix pair 9/100
Worker 9: Matrix pair 9 transferred in 0.045980 seconds
Worker 10: Generating matrix pair 10/100
Compute: Matrix pair 6 computed in 4.347034 seconds (0.03 TFLOPS)
Compute: Result transferred in 0.057266 seconds
Compute: Processing matrix pair 7/100
Compute: Matrix pair 7 computed in 0.179129 seconds (0.71 TFLOPS)
Compute: Result transferred in 0.049477 seconds
Compute: Processing matrix pair 8/100
Compute: Matrix pair 8 computed in 0.024797 seconds (5.16 TFLOPS)
Compute: Result transferred in 0.049034 seconds
Compute: Processing matrix pair 9/100
Worker 10: Matrix pair 10 transferred in 0.013180 seconds
Worker 11: Generating matrix pair 11/100
Compute: Matrix pair 9 computed in 0.584790 seconds (0.22 TFLOPS)
Compute: Result transferred in 0.049409 seconds
Compute: Processing matrix pair 10/100
Compute: Matrix pair 10 computed in 0.034224 seconds (3.74 TFLOPS)
Compute: Result transferred in 0.048620 seconds
Worker 11: Matrix pair 11 transferred in 0.013646 seconds
Worker 12: Generating matrix pair 12/100
Compute: Processing matrix pair 11/100
Compute: Matrix pair 11 computed in 0.459860 seconds (0.28 TFLOPS)
Compute: Result transferred in 0.049121 seconds
Worker 12: Matrix pair 12 transferred in 0.016471 seconds
Worker 13: Generating matrix pair 13/100
Compute: Processing matrix pair 12/100
Compute: Matrix pair 12 computed in 0.012181 seconds (10.51 TFLOPS)
Compute: Result transferred in 0.048771 seconds
Worker 13: Matrix pair 13 transferred in 0.010502 seconds
Worker 14: Generating matrix pair 14/100
Compute: Processing matrix pair 13/100
Compute: Matrix pair 13 computed in 0.012643 seconds (10.12 TFLOPS)
Compute: Result transferred in 0.048456 seconds
Worker 14: Matrix pair 14 transferred in 0.054025 seconds
Worker 15: Generating matrix pair 15/100
Compute: Processing matrix pair 14/100
Compute: Matrix pair 14 computed in 0.020205 seconds (6.33 TFLOPS)
Compute: Result transferred in 0.058718 seconds
Worker 15: Matrix pair 15 transferred in 0.017708 seconds
Worker 16: Generating matrix pair 16/100
Compute: Processing matrix pair 15/100
Compute: Matrix pair 15 computed in 0.012726 seconds (10.06 TFLOPS)
Compute: Result transferred in 0.049121 seconds
Worker 16: Matrix pair 16 transferred in 0.322523 seconds
Worker 17: Generating matrix pair 17/100
Compute: Processing matrix pair 16/100
Compute: Matrix pair 16 computed in 0.049236 seconds (2.60 TFLOPS)
Compute: Result transferred in 0.221770 seconds
Worker 17: Matrix pair 17 transferred in 0.010887 seconds
Worker 18: Generating matrix pair 18/100
Compute: Processing matrix pair 17/100
Compute: Matrix pair 17 computed in 0.023088 seconds (5.54 TFLOPS)
Compute: Result transferred in 0.075893 seconds
Worker 18: Matrix pair 18 transferred in 0.010973 seconds
Worker 19: Generating matrix pair 19/100
Compute: Processing matrix pair 18/100
Compute: Matrix pair 18 computed in 0.012919 seconds (9.91 TFLOPS)
Compute: Result transferred in 0.052336 seconds
Worker 19: Matrix pair 19 transferred in 0.012262 seconds
Worker 20: Generating matrix pair 20/100
Compute: Processing matrix pair 19/100
Compute: Matrix pair 19 computed in 0.015452 seconds (8.28 TFLOPS)
Compute: Result transferred in 0.051172 seconds
Worker 20: Matrix pair 20 transferred in 0.043780 seconds
Worker 21: Generating matrix pair 21/100
Compute: Processing matrix pair 20/100
Compute: Matrix pair 20 computed in 0.055513 seconds (2.31 TFLOPS)
Compute: Result transferred in 0.066274 seconds
Worker 21: Matrix pair 21 transferred in 0.013675 seconds
Worker 22: Generating matrix pair 22/100
Compute: Processing matrix pair 21/100
Compute: Matrix pair 21 computed in 0.010458 seconds (12.24 TFLOPS)
Compute: Result transferred in 0.056963 seconds
Worker 22: Matrix pair 22 transferred in 0.010568 seconds
Worker 23: Generating matrix pair 23/100
Compute: Processing matrix pair 22/100
Compute: Matrix pair 22 computed in 0.012532 seconds (10.21 TFLOPS)
Compute: Result transferred in 0.049784 seconds
Worker 23: Matrix pair 23 transferred in 0.022058 seconds
Worker 24: Generating matrix pair 24/100
Compute: Processing matrix pair 23/100
Compute: Matrix pair 23 computed in 0.330723 seconds (0.39 TFLOPS)
Compute: Result transferred in 0.049274 seconds
Worker 24: Matrix pair 24 transferred in 0.013309 seconds
Worker 25: Generating matrix pair 25/100
Compute: Processing matrix pair 24/100
Compute: Matrix pair 24 computed in 0.010723 seconds (11.94 TFLOPS)
Compute: Result transferred in 0.050899 seconds
Epoch 0:
  Learning rate: 0.01000
  Total epoch time: 32.0906 sec
  Batch loading time: 1.8759 sec
  Training computation time: 18.4578 sec
  Evaluation time: 11.1532 sec
  Number of batches: 390
  Training set accuracy: 0.012800 (1.28%)
  Test set accuracy: 0.012200 (1.22%)
  Best test accuracy so far: 0.012200 (1.22%)

Matrix 0 transferred in background, took 0.0149 sec
Matrix 1 transferred in background, took 0.0426 sec
Matrix 2 transferred in background, took 0.0180 sec
Matrix 3 transferred in background, took 0.0771 sec
Matrix 4 transferred in background, took 0.1574 sec
Matrix 5 transferred in background, took 0.0116 sec
Matrix 6 transferred in background, took 0.0131 sec
Matrix 7 transferred in background, took 0.0170 sec
Matrix 8 transferred in background, took 0.0460 sec
Matrix 9 transferred in background, took 0.0132 sec
Matrix 10 transferred in background, took 0.0136 sec
Matrix 11 transferred in background, took 0.0165 sec
Matrix 12 transferred in background, took 0.0105 sec
Matrix 13 transferred in background, took 0.0540 sec
Matrix 14 transferred in background, took 0.0177 sec
Matrix 15 transferred in background, took 0.3225 sec
Matrix 16 transferred in background, took 0.0109 sec
Matrix 17 transferred in background, took 0.0110 sec
Matrix 18 transferred in background, took 0.0123 sec
Matrix 19 transferred in background, took 0.0438 sec
Matrix 20 transferred in background, took 0.0137 sec
Matrix 21 transferred in background, took 0.0106 sec
Matrix 22 transferred in background, took 0.0221 sec
Matrix 23 transferred in background, took 0.0133 sec
Worker 25: Matrix pair 25 transferred in 0.013424 seconds
Worker 26: Generating matrix pair 26/100
Compute: Processing matrix pair 25/100
Compute: Matrix pair 25 computed in 0.006175 seconds (20.73 TFLOPS)
Compute: Result transferred in 0.050349 seconds
Worker 26: Matrix pair 26 transferred in 0.017370 seconds
Worker 27: Generating matrix pair 27/100
Compute: Processing matrix pair 26/100
Epoch 1:
  Learning rate: 0.01000
  Total epoch time: 1.4199 sec
  Batch loading time: 0.4880 sec
  Training computation time: 0.7173 sec
  Evaluation time: 0.1073 sec
  Number of batches: 390
  Training set accuracy: 0.016000 (1.60%)
  Test set accuracy: 0.017400 (1.74%)
  Best test accuracy so far: 0.017400 (1.74%)

Matrix 24 transferred in background, took 0.0134 sec
Matrix 25 transferred in background, took 0.0174 sec
Compute: Matrix pair 26 computed in 0.011911 seconds (10.75 TFLOPS)
Compute: Result transferred in 0.050231 seconds
Worker 27: Matrix pair 27 transferred in 0.022342 seconds
Worker 28: Generating matrix pair 28/100
Compute: Processing matrix pair 27/100
Compute: Matrix pair 27 computed in 0.012836 seconds (9.97 TFLOPS)
Compute: Result transferred in 0.050328 seconds
Epoch 2:
  Learning rate: 0.01000
  Total epoch time: 1.7506 sec
  Batch loading time: 0.8159 sec
  Training computation time: 0.7179 sec
  Evaluation time: 0.1753 sec
  Number of batches: 390
  Training set accuracy: 0.020200 (2.02%)
  Test set accuracy: 0.020600 (2.06%)
  Best test accuracy so far: 0.020600 (2.06%)

Matrix 26 transferred in background, took 0.0223 sec
Worker 28: Matrix pair 28 transferred in 0.042180 seconds
Worker 29: Generating matrix pair 29/100
Compute: Processing matrix pair 28/100
Compute: Matrix pair 28 computed in 0.012737 seconds (10.05 TFLOPS)
Compute: Result transferred in 0.058758 seconds
Epoch 3:
  Learning rate: 0.01000
  Total epoch time: 1.2397 sec
  Batch loading time: 0.2957 sec
  Training computation time: 0.8112 sec
  Evaluation time: 0.0828 sec
  Number of batches: 390
  Training set accuracy: 0.024000 (2.40%)
  Test set accuracy: 0.025200 (2.52%)
  Best test accuracy so far: 0.025200 (2.52%)

Matrix 27 transferred in background, took 0.0422 sec
Worker 29: Matrix pair 29 transferred in 0.016224 seconds
Worker 30: Generating matrix pair 30/100
Compute: Processing matrix pair 29/100
Compute: Matrix pair 29 computed in 0.005961 seconds (21.47 TFLOPS)
Compute: Result transferred in 0.051193 seconds
Epoch 4:
  Learning rate: 0.01000
  Total epoch time: 1.7907 sec
  Batch loading time: 0.8997 sec
  Training computation time: 0.6753 sec
  Evaluation time: 0.1725 sec
  Number of batches: 390
  Training set accuracy: 0.027000 (2.70%)
  Test set accuracy: 0.029400 (2.94%)
  Best test accuracy so far: 0.029400 (2.94%)

Matrix 28 transferred in background, took 0.0162 sec
Worker 30: Matrix pair 30 transferred in 0.020855 seconds
Worker 31: Generating matrix pair 31/100
Compute: Processing matrix pair 30/100
Compute: Matrix pair 30 computed in 0.006824 seconds (18.76 TFLOPS)
Compute: Result transferred in 0.051318 seconds
Epoch 5:
  Learning rate: 0.01000
  Total epoch time: 1.2108 sec
  Batch loading time: 0.3469 sec
  Training computation time: 0.6577 sec
  Evaluation time: 0.1630 sec
  Number of batches: 390
  Training set accuracy: 0.030800 (3.08%)
  Test set accuracy: 0.033200 (3.32%)
  Best test accuracy so far: 0.033200 (3.32%)

Matrix 29 transferred in background, took 0.0209 sec
Worker 31: Matrix pair 31 transferred in 0.020734 seconds
Worker 32: Generating matrix pair 32/100
Compute: Processing matrix pair 31/100
Compute: Matrix pair 31 computed in 0.006364 seconds (20.11 TFLOPS)
Compute: Result transferred in 0.050787 seconds
Epoch 6:
  Learning rate: 0.01000
  Total epoch time: 1.2186 sec
  Batch loading time: 0.3449 sec
  Training computation time: 0.6571 sec
  Evaluation time: 0.1663 sec
  Number of batches: 390
  Training set accuracy: 0.036000 (3.60%)
  Test set accuracy: 0.037100 (3.71%)
  Best test accuracy so far: 0.037100 (3.71%)

Matrix 30 transferred in background, took 0.0207 sec
Worker 32: Matrix pair 32 transferred in 0.018837 seconds
Worker 33: Generating matrix pair 33/100
Compute: Processing matrix pair 32/100
Compute: Matrix pair 32 computed in 0.005979 seconds (21.41 TFLOPS)
Compute: Result transferred in 0.051934 seconds
Epoch 7:
  Learning rate: 0.01000
  Total epoch time: 1.1948 sec
  Batch loading time: 0.3488 sec
  Training computation time: 0.6696 sec
  Evaluation time: 0.1337 sec
  Number of batches: 390
  Training set accuracy: 0.037200 (3.72%)
  Test set accuracy: 0.040800 (4.08%)
  Best test accuracy so far: 0.040800 (4.08%)

Matrix 31 transferred in background, took 0.0188 sec
Worker 33: Matrix pair 33 transferred in 0.019000 seconds
Worker 34: Generating matrix pair 34/100
Compute: Processing matrix pair 33/100
Compute: Matrix pair 33 computed in 0.006116 seconds (20.93 TFLOPS)
Compute: Result transferred in 0.051156 seconds
Worker 34: Matrix pair 34 transferred in 0.015909 seconds
Worker 35: Generating matrix pair 35/100
Compute: Processing matrix pair 34/100
Epoch 8:
  Learning rate: 0.01000
  Total epoch time: 1.2450 sec
  Batch loading time: 0.3417 sec
  Training computation time: 0.7223 sec
  Evaluation time: 0.1364 sec
  Number of batches: 390
  Training set accuracy: 0.041800 (4.18%)
  Test set accuracy: 0.043600 (4.36%)
  Best test accuracy so far: 0.043600 (4.36%)

Matrix 32 transferred in background, took 0.0190 sec
Matrix 33 transferred in background, took 0.0159 sec
Compute: Matrix pair 34 computed in 0.011533 seconds (11.10 TFLOPS)
Compute: Result transferred in 0.050950 seconds
Worker 35: Matrix pair 35 transferred in 0.016941 seconds
Worker 36: Generating matrix pair 36/100
Compute: Processing matrix pair 35/100
Compute: Matrix pair 35 computed in 0.013896 seconds (9.21 TFLOPS)
Compute: Result transferred in 0.058418 seconds
Epoch 9:
  Learning rate: 0.01000
  Total epoch time: 1.7740 sec
  Batch loading time: 0.9304 sec
  Training computation time: 0.7533 sec
  Evaluation time: 0.0475 sec
  Number of batches: 390
  Training set accuracy: 0.044600 (4.46%)
  Test set accuracy: 0.048000 (4.80%)
  Best test accuracy so far: 0.048000 (4.80%)

Matrix 34 transferred in background, took 0.0169 sec
Worker 36: Matrix pair 36 transferred in 0.011072 seconds
Worker 37: Generating matrix pair 37/100
Compute: Processing matrix pair 36/100
Compute: Matrix pair 36 computed in 0.006166 seconds (20.76 TFLOPS)
Compute: Result transferred in 0.051931 seconds
Worker 37: Matrix pair 37 transferred in 0.019619 seconds
Worker 38: Generating matrix pair 38/100
Compute: Processing matrix pair 37/100
Epoch 10:
  Learning rate: 0.00500
  Total epoch time: 1.8607 sec
  Batch loading time: 0.9565 sec
  Training computation time: 0.6623 sec
  Evaluation time: 0.1594 sec
  Number of batches: 390
  Training set accuracy: 0.048000 (4.80%)
  Test set accuracy: 0.050000 (5.00%)
  Best test accuracy so far: 0.050000 (5.00%)

Matrix 35 transferred in background, took 0.0111 sec
Matrix 36 transferred in background, took 0.0196 sec
Compute: Matrix pair 37 computed in 0.021765 seconds (5.88 TFLOPS)
Compute: Result transferred in 0.053941 seconds
Worker 38: Matrix pair 38 transferred in 0.018225 seconds
Worker 39: Generating matrix pair 39/100
Compute: Processing matrix pair 38/100
Compute: Matrix pair 38 computed in 0.012745 seconds (10.04 TFLOPS)
Compute: Result transferred in 0.051467 seconds
Epoch 11:
  Learning rate: 0.00500
  Total epoch time: 1.7280 sec
  Batch loading time: 0.8072 sec
  Training computation time: 0.7105 sec
  Evaluation time: 0.1663 sec
  Number of batches: 390
  Training set accuracy: 0.047400 (4.74%)
  Test set accuracy: 0.051300 (5.13%)
  Best test accuracy so far: 0.051300 (5.13%)

Matrix 37 transferred in background, took 0.0182 sec
Worker 39: Matrix pair 39 transferred in 0.018536 seconds
Worker 40: Generating matrix pair 40/100
Compute: Processing matrix pair 39/100
Compute: Matrix pair 39 computed in 0.013091 seconds (9.78 TFLOPS)
Compute: Result transferred in 0.051311 seconds
Epoch 12:
  Learning rate: 0.00500
  Total epoch time: 1.2114 sec
  Batch loading time: 0.3024 sec
  Training computation time: 0.7193 sec
  Evaluation time: 0.1393 sec
  Number of batches: 390
  Training set accuracy: 0.051200 (5.12%)
  Test set accuracy: 0.053100 (5.31%)
  Best test accuracy so far: 0.053100 (5.31%)

Matrix 38 transferred in background, took 0.0185 sec
Worker 40: Matrix pair 40 transferred in 0.016724 seconds
Worker 41: Generating matrix pair 41/100
Compute: Processing matrix pair 40/100
Compute: Matrix pair 40 computed in 0.005805 seconds (22.05 TFLOPS)
Compute: Result transferred in 0.051928 seconds
Epoch 13:
  Learning rate: 0.00500
  Total epoch time: 1.8016 sec
  Batch loading time: 0.9077 sec
  Training computation time: 0.6701 sec
  Evaluation time: 0.1797 sec
  Number of batches: 390
  Training set accuracy: 0.050400 (5.04%)
  Test set accuracy: 0.054600 (5.46%)
  Best test accuracy so far: 0.054600 (5.46%)

Matrix 39 transferred in background, took 0.0167 sec
Worker 41: Matrix pair 41 transferred in 0.015615 seconds
Worker 42: Generating matrix pair 42/100
Compute: Processing matrix pair 41/100
Compute: Matrix pair 41 computed in 0.006114 seconds (20.93 TFLOPS)
Compute: Result transferred in 0.051832 seconds
Epoch 14:
  Learning rate: 0.00500
  Total epoch time: 1.2032 sec
  Batch loading time: 0.3447 sec
  Training computation time: 0.6616 sec
  Evaluation time: 0.1531 sec
  Number of batches: 390
  Training set accuracy: 0.047400 (4.74%)
  Test set accuracy: 0.055600 (5.56%)
  Best test accuracy so far: 0.055600 (5.56%)

Matrix 40 transferred in background, took 0.0156 sec
Worker 42: Matrix pair 42 transferred in 0.018058 seconds
Worker 43: Generating matrix pair 43/100
Compute: Processing matrix pair 42/100
Compute: Matrix pair 42 computed in 0.005842 seconds (21.91 TFLOPS)
Compute: Result transferred in 0.052335 seconds
Epoch 15:
  Learning rate: 0.00500
  Total epoch time: 1.1993 sec
  Batch loading time: 0.3477 sec
  Training computation time: 0.6610 sec
  Evaluation time: 0.1398 sec
  Number of batches: 390
  Training set accuracy: 0.062000 (6.20%)
  Test set accuracy: 0.056500 (5.65%)
  Best test accuracy so far: 0.056500 (5.65%)

Matrix 41 transferred in background, took 0.0181 sec
Worker 43: Matrix pair 43 transferred in 0.022747 seconds
Worker 44: Generating matrix pair 44/100
Compute: Processing matrix pair 43/100
Compute: Matrix pair 43 computed in 0.026582 seconds (4.82 TFLOPS)
Compute: Result transferred in 0.051964 seconds
Worker 44: Matrix pair 44 transferred in 0.016166 seconds
Worker 45: Generating matrix pair 45/100
Compute: Processing matrix pair 44/100
Epoch 16:
  Learning rate: 0.00500
  Total epoch time: 1.2927 sec
  Batch loading time: 0.3514 sec
  Training computation time: 0.7432 sec
  Evaluation time: 0.1304 sec
  Number of batches: 390
  Training set accuracy: 0.059400 (5.94%)
  Test set accuracy: 0.058400 (5.84%)
  Best test accuracy so far: 0.058400 (5.84%)

Matrix 42 transferred in background, took 0.0227 sec
Matrix 43 transferred in background, took 0.0162 sec
Compute: Matrix pair 44 computed in 0.016841 seconds (7.60 TFLOPS)
Compute: Result transferred in 0.058675 seconds
Worker 45: Matrix pair 45 transferred in 0.016514 seconds
Worker 46: Generating matrix pair 46/100
Compute: Processing matrix pair 45/100
Compute: Matrix pair 45 computed in 0.012831 seconds (9.98 TFLOPS)
Compute: Result transferred in 0.051539 seconds
Epoch 17:
  Learning rate: 0.00500
  Total epoch time: 1.7430 sec
  Batch loading time: 0.8112 sec
  Training computation time: 0.7206 sec
  Evaluation time: 0.1679 sec
  Number of batches: 390
  Training set accuracy: 0.058800 (5.88%)
  Test set accuracy: 0.059700 (5.97%)
  Best test accuracy so far: 0.059700 (5.97%)

Matrix 44 transferred in background, took 0.0165 sec
Worker 46: Matrix pair 46 transferred in 0.030127 seconds
Worker 47: Generating matrix pair 47/100
Compute: Processing matrix pair 46/100
Compute: Matrix pair 46 computed in 0.009341 seconds (13.70 TFLOPS)
Compute: Result transferred in 0.062249 seconds
Epoch 18:
  Learning rate: 0.00500
  Total epoch time: 1.8106 sec
  Batch loading time: 0.9478 sec
  Training computation time: 0.6592 sec
  Evaluation time: 0.1536 sec
  Number of batches: 390
  Training set accuracy: 0.056200 (5.62%)
  Test set accuracy: 0.060100 (6.01%)
  Best test accuracy so far: 0.060100 (6.01%)

Matrix 45 transferred in background, took 0.0301 sec
Worker 47: Matrix pair 47 transferred in 0.016017 seconds
Worker 48: Generating matrix pair 48/100
Compute: Processing matrix pair 47/100
Compute: Matrix pair 47 computed in 0.010331 seconds (12.39 TFLOPS)
Compute: Result transferred in 0.052079 seconds
Epoch 19:
  Learning rate: 0.00500
  Total epoch time: 1.1952 sec
  Batch loading time: 0.3298 sec
  Training computation time: 0.6567 sec
  Evaluation time: 0.1644 sec
  Number of batches: 390
  Training set accuracy: 0.060800 (6.08%)
  Test set accuracy: 0.061000 (6.10%)
  Best test accuracy so far: 0.061000 (6.10%)

Matrix 46 transferred in background, took 0.0160 sec
Worker 48: Matrix pair 48 transferred in 0.015139 seconds
Worker 49: Generating matrix pair 49/100
Compute: Processing matrix pair 48/100
Compute: Matrix pair 48 computed in 0.006499 seconds (19.70 TFLOPS)
Compute: Result transferred in 0.051872 seconds
Worker 49: Matrix pair 49 transferred in 0.020798 seconds
Worker 50: Generating matrix pair 50/100
Compute: Processing matrix pair 49/100
Epoch 20:
  Learning rate: 0.00100
  Total epoch time: 1.2639 sec
  Batch loading time: 0.3257 sec
  Training computation time: 0.6769 sec
  Evaluation time: 0.2185 sec
  Number of batches: 390
  Training set accuracy: 0.062000 (6.20%)
  Test set accuracy: 0.061000 (6.10%)
  Best test accuracy so far: 0.061000 (6.10%)

Matrix 47 transferred in background, took 0.0151 sec
Matrix 48 transferred in background, took 0.0208 sec
Compute: Matrix pair 49 computed in 0.015221 seconds (8.41 TFLOPS)
Compute: Result transferred in 0.051323 seconds
Worker 50: Matrix pair 50 transferred in 0.021931 seconds
Worker 51: Generating matrix pair 51/100
Compute: Processing matrix pair 50/100
Compute: Matrix pair 50 computed in 0.012733 seconds (10.05 TFLOPS)
Compute: Result transferred in 0.052097 seconds
Epoch 21:
  Learning rate: 0.00100
  Total epoch time: 1.7712 sec
  Batch loading time: 0.8167 sec
  Training computation time: 0.7373 sec
  Evaluation time: 0.1671 sec
  Number of batches: 390
  Training set accuracy: 0.066000 (6.60%)
  Test set accuracy: 0.061200 (6.12%)
  Best test accuracy so far: 0.061200 (6.12%)

Matrix 49 transferred in background, took 0.0219 sec
Worker 51: Matrix pair 51 transferred in 0.011199 seconds
Worker 52: Generating matrix pair 52/100
Compute: Processing matrix pair 51/100
Compute: Matrix pair 51 computed in 0.005994 seconds (21.36 TFLOPS)
Compute: Result transferred in 0.052119 seconds
Epoch 22:
  Learning rate: 0.00100
  Total epoch time: 1.7822 sec
  Batch loading time: 0.9052 sec
  Training computation time: 0.7100 sec
  Evaluation time: 0.1239 sec
  Number of batches: 390
  Training set accuracy: 0.068400 (6.84%)
  Test set accuracy: 0.061400 (6.14%)
  Best test accuracy so far: 0.061400 (6.14%)

Matrix 50 transferred in background, took 0.0112 sec
Worker 52: Matrix pair 52 transferred in 0.015891 seconds
Worker 53: Generating matrix pair 53/100
Compute: Processing matrix pair 52/100
Compute: Matrix pair 52 computed in 0.006104 seconds (20.97 TFLOPS)
Compute: Result transferred in 0.052373 seconds
Epoch 23:
  Learning rate: 0.00100
  Total epoch time: 1.1958 sec
  Batch loading time: 0.3490 sec
  Training computation time: 0.6642 sec
  Evaluation time: 0.1396 sec
  Number of batches: 390
  Training set accuracy: 0.063600 (6.36%)
  Test set accuracy: 0.061900 (6.19%)
  Best test accuracy so far: 0.061900 (6.19%)

Matrix 51 transferred in background, took 0.0159 sec
Worker 53: Matrix pair 53 transferred in 0.017422 seconds
Worker 54: Generating matrix pair 54/100
Compute: Processing matrix pair 53/100
Compute: Matrix pair 53 computed in 0.005976 seconds (21.42 TFLOPS)
Compute: Result transferred in 0.052001 seconds
Worker 54: Matrix pair 54 transferred in 0.018424 seconds
Worker 55: Generating matrix pair 55/100
Compute: Processing matrix pair 54/100
Epoch 24:
  Learning rate: 0.00100
  Total epoch time: 1.2855 sec
  Batch loading time: 0.4159 sec
  Training computation time: 0.7255 sec
  Evaluation time: 0.0703 sec
  Number of batches: 390
  Training set accuracy: 0.065800 (6.58%)
  Test set accuracy: 0.062400 (6.24%)
  Best test accuracy so far: 0.062400 (6.24%)

Matrix 52 transferred in background, took 0.0174 sec
Matrix 53 transferred in background, took 0.0184 sec
Compute: Matrix pair 54 computed in 0.020399 seconds (6.27 TFLOPS)
Compute: Result transferred in 0.057744 seconds
Worker 55: Matrix pair 55 transferred in 0.018862 seconds
Worker 56: Generating matrix pair 56/100
Compute: Processing matrix pair 55/100
Compute: Matrix pair 55 computed in 0.012487 seconds (10.25 TFLOPS)
Compute: Result transferred in 0.051607 seconds
Epoch 25:
  Learning rate: 0.00100
  Total epoch time: 1.7304 sec
  Batch loading time: 0.8010 sec
  Training computation time: 0.7165 sec
  Evaluation time: 0.1696 sec
  Number of batches: 390
  Training set accuracy: 0.068200 (6.82%)
  Test set accuracy: 0.062600 (6.26%)
  Best test accuracy so far: 0.062600 (6.26%)

Matrix 54 transferred in background, took 0.0189 sec
Worker 56: Matrix pair 56 transferred in 0.018015 seconds
Worker 57: Generating matrix pair 57/100
Compute: Processing matrix pair 56/100
Compute: Matrix pair 56 computed in 0.013405 seconds (9.55 TFLOPS)
Compute: Result transferred in 0.051610 seconds
Epoch 26:
  Learning rate: 0.00100
  Total epoch time: 1.2101 sec
  Batch loading time: 0.3008 sec
  Training computation time: 0.7131 sec
  Evaluation time: 0.1514 sec
  Number of batches: 390
  Training set accuracy: 0.068800 (6.88%)
  Test set accuracy: 0.062600 (6.26%)
  Best test accuracy so far: 0.062600 (6.26%)

Matrix 55 transferred in background, took 0.0180 sec
Worker 57: Matrix pair 57 transferred in 0.013657 seconds
Worker 58: Generating matrix pair 58/100
Compute: Processing matrix pair 57/100
Compute: Matrix pair 57 computed in 0.005912 seconds (21.65 TFLOPS)
Compute: Result transferred in 0.052106 seconds
Epoch 27:
  Learning rate: 0.00100
  Total epoch time: 1.7809 sec
  Batch loading time: 0.8957 sec
  Training computation time: 0.7072 sec
  Evaluation time: 0.1348 sec
  Number of batches: 390
  Training set accuracy: 0.070600 (7.06%)
  Test set accuracy: 0.063100 (6.31%)
  Best test accuracy so far: 0.063100 (6.31%)

Matrix 56 transferred in background, took 0.0137 sec
Worker 58: Matrix pair 58 transferred in 0.018260 seconds
Worker 59: Generating matrix pair 59/100
Compute: Processing matrix pair 58/100
Compute: Matrix pair 58 computed in 0.006613 seconds (19.35 TFLOPS)
Compute: Result transferred in 0.052275 seconds
Epoch 28:
  Learning rate: 0.00100
  Total epoch time: 1.2150 sec
  Batch loading time: 0.3496 sec
  Training computation time: 0.6817 sec
  Evaluation time: 0.1403 sec
  Number of batches: 390
  Training set accuracy: 0.064800 (6.48%)
  Test set accuracy: 0.063100 (6.31%)
  Best test accuracy so far: 0.063100 (6.31%)

Matrix 57 transferred in background, took 0.0183 sec
Worker 59: Matrix pair 59 transferred in 0.017116 seconds
Worker 60: Generating matrix pair 60/100
Compute: Processing matrix pair 59/100
Compute: Matrix pair 59 computed in 0.006109 seconds (20.95 TFLOPS)
Compute: Result transferred in 0.052070 seconds
Epoch 29:
  Learning rate: 0.00100
  Total epoch time: 1.2003 sec
  Batch loading time: 0.3438 sec
  Training computation time: 0.6673 sec
  Evaluation time: 0.1464 sec
  Number of batches: 390
  Training set accuracy: 0.071200 (7.12%)
  Test set accuracy: 0.063700 (6.37%)
  Best test accuracy so far: 0.063700 (6.37%)

Matrix 58 transferred in background, took 0.0171 sec
Worker 60: Matrix pair 60 transferred in 0.018839 seconds
Worker 61: Generating matrix pair 61/100
Compute: Processing matrix pair 60/100
Compute: Matrix pair 60 computed in 0.006823 seconds (18.76 TFLOPS)
Compute: Result transferred in 0.052232 seconds
Epoch 30:
  Learning rate: 0.00100
  Total epoch time: 1.2029 sec
  Batch loading time: 0.3494 sec
  Training computation time: 0.6636 sec
  Evaluation time: 0.1456 sec
  Number of batches: 390
  Training set accuracy: 0.063800 (6.38%)
  Test set accuracy: 0.063700 (6.37%)
  Best test accuracy so far: 0.063700 (6.37%)

Matrix 59 transferred in background, took 0.0188 sec
Worker 61: Matrix pair 61 transferred in 0.017575 seconds
Worker 62: Generating matrix pair 62/100
Compute: Processing matrix pair 61/100
Compute: Matrix pair 61 computed in 0.006063 seconds (21.11 TFLOPS)
Compute: Result transferred in 0.052105 seconds
Epoch 31:
  Learning rate: 0.00100
  Total epoch time: 1.2129 sec
  Batch loading time: 0.3412 sec
  Training computation time: 0.6678 sec
  Evaluation time: 0.1539 sec
  Number of batches: 390
  Training set accuracy: 0.064800 (6.48%)
  Test set accuracy: 0.063900 (6.39%)
  Best test accuracy so far: 0.063900 (6.39%)

Matrix 60 transferred in background, took 0.0176 sec
Worker 62: Matrix pair 62 transferred in 0.015511 seconds
Worker 63: Generating matrix pair 63/100
Compute: Processing matrix pair 62/100
Compute: Matrix pair 62 computed in 0.007647 seconds (16.74 TFLOPS)
Compute: Result transferred in 0.051980 seconds
Worker 63: Matrix pair 63 transferred in 0.067157 seconds
Worker 64: Generating matrix pair 64/100
Compute: Processing matrix pair 63/100
Compute: Matrix pair 63 computed in 0.023064 seconds (5.55 TFLOPS)
Compute: Result transferred in 0.075830 seconds
Epoch 32:
  Learning rate: 0.00100
  Total epoch time: 1.8831 sec
  Batch loading time: 0.3389 sec
  Training computation time: 1.1342 sec
  Evaluation time: 0.3663 sec
  Number of batches: 390
  Training set accuracy: 0.064600 (6.46%)
  Test set accuracy: 0.064300 (6.43%)
  Best test accuracy so far: 0.064300 (6.43%)

Matrix 61 transferred in background, took 0.0155 sec
Matrix 62 transferred in background, took 0.0672 sec
Worker 64: Matrix pair 64 transferred in 0.013525 seconds
Worker 65: Generating matrix pair 65/100
Compute: Processing matrix pair 64/100
Compute: Matrix pair 64 computed in 0.005827 seconds (21.97 TFLOPS)
Compute: Result transferred in 0.052172 seconds
Epoch 33:
  Learning rate: 0.00100
  Total epoch time: 1.7888 sec
  Batch loading time: 0.8972 sec
  Training computation time: 0.6628 sec
  Evaluation time: 0.1779 sec
  Number of batches: 390
  Training set accuracy: 0.066400 (6.64%)
  Test set accuracy: 0.064700 (6.47%)
  Best test accuracy so far: 0.064700 (6.47%)

Matrix 63 transferred in background, took 0.0135 sec
Worker 65: Matrix pair 65 transferred in 0.017832 seconds
Worker 66: Generating matrix pair 66/100
Compute: Processing matrix pair 65/100
Compute: Matrix pair 65 computed in 0.005867 seconds (21.82 TFLOPS)
Compute: Result transferred in 0.052227 seconds
Epoch 34:
  Learning rate: 0.00100
  Total epoch time: 1.1989 sec
  Batch loading time: 0.3382 sec
  Training computation time: 0.6692 sec
  Evaluation time: 0.1472 sec
  Number of batches: 390
  Training set accuracy: 0.060400 (6.04%)
  Test set accuracy: 0.064700 (6.47%)
  Best test accuracy so far: 0.064700 (6.47%)

Matrix 64 transferred in background, took 0.0178 sec
Worker 66: Matrix pair 66 transferred in 0.015732 seconds
Worker 67: Generating matrix pair 67/100
Compute: Processing matrix pair 66/100
Compute: Matrix pair 66 computed in 0.006255 seconds (20.46 TFLOPS)
Compute: Result transferred in 0.052477 seconds
Epoch 35:
  Learning rate: 0.00100
  Total epoch time: 1.2131 sec
  Batch loading time: 0.3424 sec
  Training computation time: 0.6606 sec
  Evaluation time: 0.1665 sec
  Number of batches: 390
  Training set accuracy: 0.062600 (6.26%)
  Test set accuracy: 0.064800 (6.48%)
  Best test accuracy so far: 0.064800 (6.48%)

Matrix 65 transferred in background, took 0.0157 sec
Worker 67: Matrix pair 67 transferred in 0.017471 seconds
Worker 68: Generating matrix pair 68/100
Compute: Processing matrix pair 67/100
Compute: Matrix pair 67 computed in 0.005897 seconds (21.70 TFLOPS)
Compute: Result transferred in 0.051699 seconds
Epoch 36:
  Learning rate: 0.00100
  Total epoch time: 1.1921 sec
  Batch loading time: 0.3424 sec
  Training computation time: 0.6813 sec
  Evaluation time: 0.1244 sec
  Number of batches: 390
  Training set accuracy: 0.062000 (6.20%)
  Test set accuracy: 0.064700 (6.47%)
  Best test accuracy so far: 0.064800 (6.48%)

Matrix 66 transferred in background, took 0.0175 sec
Worker 68: Matrix pair 68 transferred in 0.015703 seconds
Worker 69: Generating matrix pair 69/100
Compute: Processing matrix pair 68/100
Compute: Matrix pair 68 computed in 0.006567 seconds (19.49 TFLOPS)
Compute: Result transferred in 0.052004 seconds
Epoch 37:
  Learning rate: 0.00100
  Total epoch time: 1.2088 sec
  Batch loading time: 0.3550 sec
  Training computation time: 0.7212 sec
  Evaluation time: 0.0895 sec
  Number of batches: 390
  Training set accuracy: 0.067600 (6.76%)
  Test set accuracy: 0.064900 (6.49%)
  Best test accuracy so far: 0.064900 (6.49%)

Matrix 67 transferred in background, took 0.0157 sec
Worker 69: Matrix pair 69 transferred in 0.017029 seconds
Worker 70: Generating matrix pair 70/100
Compute: Processing matrix pair 69/100
Compute: Matrix pair 69 computed in 0.008479 seconds (15.10 TFLOPS)
Compute: Result transferred in 0.052118 seconds
Epoch 38:
  Learning rate: 0.00100
  Total epoch time: 1.2220 sec
  Batch loading time: 0.3498 sec
  Training computation time: 0.6637 sec
  Evaluation time: 0.1641 sec
  Number of batches: 390
  Training set accuracy: 0.064600 (6.46%)
  Test set accuracy: 0.065100 (6.51%)
  Best test accuracy so far: 0.065100 (6.51%)

Matrix 68 transferred in background, took 0.0170 sec
Worker 70: Matrix pair 70 transferred in 0.017400 seconds
Worker 71: Generating matrix pair 71/100
Compute: Processing matrix pair 70/100
Compute: Matrix pair 70 computed in 0.007013 seconds (18.25 TFLOPS)
Compute: Result transferred in 0.051664 seconds
Epoch 39:
  Learning rate: 0.00100
  Total epoch time: 1.1948 sec
  Batch loading time: 0.3444 sec
  Training computation time: 0.6622 sec
  Evaluation time: 0.1453 sec
  Number of batches: 390
  Training set accuracy: 0.070600 (7.06%)
  Test set accuracy: 0.065400 (6.54%)
  Best test accuracy so far: 0.065400 (6.54%)

Matrix 69 transferred in background, took 0.0174 sec
Worker 71: Matrix pair 71 transferred in 0.017559 seconds
Worker 72: Generating matrix pair 72/100
Compute: Processing matrix pair 71/100
Compute: Matrix pair 71 computed in 0.006024 seconds (21.25 TFLOPS)
Compute: Result transferred in 0.051546 seconds
Worker 72: Matrix pair 72 transferred in 0.017128 seconds
Worker 73: Generating matrix pair 73/100
Epoch 40:
  Learning rate: 0.00100
  Total epoch time: 1.2289 sec
  Batch loading time: 0.3452 sec
  Training computation time: 0.7711 sec
  Evaluation time: 0.0417 sec
  Number of batches: 390
Compute: Processing matrix pair 72/100
  Training set accuracy: 0.061600 (6.16%)
  Test set accuracy: 0.065500 (6.55%)
  Best test accuracy so far: 0.065500 (6.55%)

Matrix 70 transferred in background, took 0.0176 sec
Matrix 71 transferred in background, took 0.0171 sec
Compute: Matrix pair 72 computed in 0.006162 seconds (20.77 TFLOPS)
Compute: Result transferred in 0.054169 seconds
Worker 73: Matrix pair 73 transferred in 0.017351 seconds
Worker 74: Generating matrix pair 74/100
Compute: Processing matrix pair 73/100
Compute: Matrix pair 73 computed in 0.012827 seconds (9.98 TFLOPS)
Compute: Result transferred in 0.058954 seconds
Epoch 41:
  Learning rate: 0.00100
  Total epoch time: 1.7577 sec
  Batch loading time: 0.8763 sec
  Training computation time: 0.7479 sec
  Evaluation time: 0.0897 sec
  Number of batches: 390
  Training set accuracy: 0.075200 (7.52%)
  Test set accuracy: 0.065800 (6.58%)
  Best test accuracy so far: 0.065800 (6.58%)

Matrix 72 transferred in background, took 0.0174 sec
Worker 74: Matrix pair 74 transferred in 0.011414 seconds
Worker 75: Generating matrix pair 75/100
Compute: Processing matrix pair 74/100
Compute: Matrix pair 74 computed in 0.005899 seconds (21.70 TFLOPS)
Compute: Result transferred in 0.052567 seconds
Epoch 42:
  Learning rate: 0.00100
  Total epoch time: 1.7752 sec
  Batch loading time: 0.8986 sec
  Training computation time: 0.6685 sec
  Evaluation time: 0.1653 sec
  Number of batches: 390
  Training set accuracy: 0.068200 (6.82%)
  Test set accuracy: 0.066000 (6.60%)
  Best test accuracy so far: 0.066000 (6.60%)

Matrix 73 transferred in background, took 0.0114 sec
Worker 75: Matrix pair 75 transferred in 0.018914 seconds
Worker 76: Generating matrix pair 76/100
Compute: Processing matrix pair 75/100
Compute: Matrix pair 75 computed in 0.006285 seconds (20.36 TFLOPS)
Compute: Result transferred in 0.052502 seconds
Epoch 43:
  Learning rate: 0.00100
  Total epoch time: 1.1996 sec
  Batch loading time: 0.3391 sec
  Training computation time: 0.6631 sec
  Evaluation time: 0.1472 sec
  Number of batches: 390
  Training set accuracy: 0.075400 (7.54%)
  Test set accuracy: 0.066000 (6.60%)
  Best test accuracy so far: 0.066000 (6.60%)

Matrix 74 transferred in background, took 0.0189 sec
Worker 76: Matrix pair 76 transferred in 0.016508 seconds
Worker 77: Generating matrix pair 77/100
Compute: Processing matrix pair 76/100
Compute: Matrix pair 76 computed in 0.005942 seconds (21.54 TFLOPS)
Compute: Result transferred in 0.052232 seconds
Epoch 44:
  Learning rate: 0.00100
  Total epoch time: 1.1860 sec
  Batch loading time: 0.3298 sec
  Training computation time: 0.6798 sec
  Evaluation time: 0.1323 sec
  Number of batches: 390
  Training set accuracy: 0.069600 (6.96%)
  Test set accuracy: 0.065700 (6.57%)
  Best test accuracy so far: 0.066000 (6.60%)

Matrix 75 transferred in background, took 0.0165 sec
Worker 77: Matrix pair 77 transferred in 0.016784 seconds
Worker 78: Generating matrix pair 78/100
Compute: Processing matrix pair 77/100
Compute: Matrix pair 77 computed in 0.006038 seconds (21.20 TFLOPS)
Compute: Result transferred in 0.052584 seconds
Epoch 45:
  Learning rate: 0.00100
  Total epoch time: 1.2059 sec
  Batch loading time: 0.3400 sec
  Training computation time: 0.7155 sec
  Evaluation time: 0.1081 sec
  Number of batches: 390
  Training set accuracy: 0.073600 (7.36%)
  Test set accuracy: 0.065900 (6.59%)
  Best test accuracy so far: 0.066000 (6.60%)

Matrix 76 transferred in background, took 0.0168 sec
Worker 78: Matrix pair 78 transferred in 0.015950 seconds
Worker 79: Generating matrix pair 79/100
Compute: Processing matrix pair 78/100
Compute: Matrix pair 78 computed in 0.009810 seconds (13.05 TFLOPS)
Compute: Result transferred in 0.052511 seconds
Epoch 46:
  Learning rate: 0.00100
  Total epoch time: 1.2122 sec
  Batch loading time: 0.3284 sec
  Training computation time: 0.6620 sec
  Evaluation time: 0.1714 sec
  Number of batches: 390
  Training set accuracy: 0.065800 (6.58%)
  Test set accuracy: 0.065900 (6.59%)
  Best test accuracy so far: 0.066000 (6.60%)

Matrix 77 transferred in background, took 0.0160 sec
Worker 79: Matrix pair 79 transferred in 0.017166 seconds
Worker 80: Generating matrix pair 80/100
Compute: Processing matrix pair 79/100
Compute: Matrix pair 79 computed in 0.006344 seconds (20.18 TFLOPS)
Compute: Result transferred in 0.051645 seconds
Epoch 47:
  Learning rate: 0.00100
  Total epoch time: 1.1920 sec
  Batch loading time: 0.3260 sec
  Training computation time: 0.6635 sec
  Evaluation time: 0.1600 sec
  Number of batches: 390
  Training set accuracy: 0.071400 (7.14%)
  Test set accuracy: 0.066200 (6.62%)
  Best test accuracy so far: 0.066200 (6.62%)

Matrix 78 transferred in background, took 0.0172 sec
Worker 80: Matrix pair 80 transferred in 0.015462 seconds
Worker 81: Generating matrix pair 81/100
Compute: Processing matrix pair 80/100
Compute: Matrix pair 80 computed in 0.006019 seconds (21.26 TFLOPS)
Compute: Result transferred in 0.052296 seconds
Epoch 48:
  Learning rate: 0.00100
  Total epoch time: 1.2099 sec
  Batch loading time: 0.3315 sec
  Training computation time: 0.6856 sec
  Evaluation time: 0.1418 sec
  Number of batches: 390
  Training set accuracy: 0.067400 (6.74%)
  Test set accuracy: 0.066600 (6.66%)
  Best test accuracy so far: 0.066600 (6.66%)

Matrix 79 transferred in background, took 0.0155 sec
Worker 81: Matrix pair 81 transferred in 0.016815 seconds
Worker 82: Generating matrix pair 82/100
Compute: Processing matrix pair 81/100
Compute: Matrix pair 81 computed in 0.006096 seconds (21.00 TFLOPS)
Compute: Result transferred in 0.051836 seconds
Epoch 49:
  Learning rate: 0.00100
  Total epoch time: 1.1941 sec
  Batch loading time: 0.3378 sec
  Training computation time: 0.6638 sec
  Evaluation time: 0.1419 sec
  Number of batches: 390
  Training set accuracy: 0.073400 (7.34%)
  Test set accuracy: 0.066700 (6.67%)
  Best test accuracy so far: 0.066700 (6.67%)

Matrix 80 transferred in background, took 0.0168 sec
Worker 82: Matrix pair 82 transferred in 0.019798 seconds
Worker 83: Generating matrix pair 83/100
Compute: Processing matrix pair 82/100
Compute: Matrix pair 82 computed in 0.006171 seconds (20.74 TFLOPS)
Compute: Result transferred in 0.052256 seconds
Worker 83: Matrix pair 83 transferred in 0.087951 seconds
Worker 84: Generating matrix pair 84/100
Compute: Processing matrix pair 83/100
Compute: Matrix pair 83 computed in 0.067561 seconds (1.89 TFLOPS)
Compute: Result transferred in 0.079887 seconds
Epoch 50:
  Learning rate: 0.00100
  Total epoch time: 1.9086 sec
  Batch loading time: 0.3428 sec
  Training computation time: 1.1628 sec
  Evaluation time: 0.3588 sec
  Number of batches: 390
  Training set accuracy: 0.072800 (7.28%)
  Test set accuracy: 0.067300 (6.73%)
  Best test accuracy so far: 0.067300 (6.73%)

Matrix 81 transferred in background, took 0.0198 sec
Matrix 82 transferred in background, took 0.0880 sec
Worker 84: Matrix pair 84 transferred in 0.026244 seconds
Worker 85: Generating matrix pair 85/100
Compute: Processing matrix pair 84/100
Compute: Matrix pair 84 computed in 0.005814 seconds (22.01 TFLOPS)
Compute: Result transferred in 0.051750 seconds
Epoch 51:
  Learning rate: 0.00100
  Total epoch time: 1.7866 sec
  Batch loading time: 0.8905 sec
  Training computation time: 0.6655 sec
  Evaluation time: 0.1884 sec
  Number of batches: 390
  Training set accuracy: 0.071800 (7.18%)
  Test set accuracy: 0.067100 (6.71%)
  Best test accuracy so far: 0.067300 (6.73%)

Matrix 83 transferred in background, took 0.0262 sec
Worker 85: Matrix pair 85 transferred in 0.020638 seconds
Worker 86: Generating matrix pair 86/100
Compute: Processing matrix pair 85/100
Compute: Matrix pair 85 computed in 0.006323 seconds (20.24 TFLOPS)
Compute: Result transferred in 0.052004 seconds
Epoch 52:
  Learning rate: 0.00100
  Total epoch time: 1.2067 sec
  Batch loading time: 0.3335 sec
  Training computation time: 0.6826 sec
  Evaluation time: 0.1466 sec
  Number of batches: 390
  Training set accuracy: 0.069000 (6.90%)
  Test set accuracy: 0.067900 (6.79%)
  Best test accuracy so far: 0.067900 (6.79%)

Matrix 84 transferred in background, took 0.0206 sec
Worker 86: Matrix pair 86 transferred in 0.016558 seconds
Worker 87: Generating matrix pair 87/100
Compute: Processing matrix pair 86/100
Compute: Matrix pair 86 computed in 0.006023 seconds (21.25 TFLOPS)
Compute: Result transferred in 0.051935 seconds
Worker 87: Matrix pair 87 transferred in 0.014876 seconds
Worker 88: Generating matrix pair 88/100
Compute: Processing matrix pair 87/100
Compute: Matrix pair 87 computed in 0.011502 seconds (11.13 TFLOPS)
Compute: Result transferred in 0.050796 seconds
Epoch 53:
  Learning rate: 0.00100
  Total epoch time: 1.2937 sec
  Batch loading time: 0.3400 sec
  Training computation time: 0.6611 sec
  Evaluation time: 0.2500 sec
  Number of batches: 390
  Training set accuracy: 0.068600 (6.86%)
  Test set accuracy: 0.068400 (6.84%)
  Best test accuracy so far: 0.068400 (6.84%)

Matrix 85 transferred in background, took 0.0166 sec
Matrix 86 transferred in background, took 0.0149 sec
Worker 88: Matrix pair 88 transferred in 0.022039 seconds
Worker 89: Generating matrix pair 89/100
Compute: Processing matrix pair 88/100
Compute: Matrix pair 88 computed in 0.013175 seconds (9.72 TFLOPS)
Compute: Result transferred in 0.051876 seconds
Epoch 54:
  Learning rate: 0.00100
  Total epoch time: 1.8006 sec
  Batch loading time: 0.7861 sec
  Training computation time: 0.7942 sec
  Evaluation time: 0.1767 sec
  Number of batches: 390
  Training set accuracy: 0.071800 (7.18%)
  Test set accuracy: 0.068600 (6.86%)
  Best test accuracy so far: 0.068600 (6.86%)

Matrix 87 transferred in background, took 0.0220 sec
Worker 89: Matrix pair 89 transferred in 0.285488 seconds
Worker 90: Generating matrix pair 90/100
Compute: Processing matrix pair 89/100
Compute: Matrix pair 89 computed in 0.005832 seconds (21.95 TFLOPS)
Compute: Result transferred in 0.084952 seconds
Epoch 55:
  Learning rate: 0.00100
  Total epoch time: 2.0984 sec
  Batch loading time: 1.2872 sec
  Training computation time: 0.6940 sec
  Evaluation time: 0.0734 sec
  Number of batches: 390
  Training set accuracy: 0.069000 (6.90%)
  Test set accuracy: 0.068900 (6.89%)
  Best test accuracy so far: 0.068900 (6.89%)

Matrix 88 transferred in background, took 0.2855 sec
Worker 90: Matrix pair 90 transferred in 0.019009 seconds
Worker 91: Generating matrix pair 91/100
Compute: Processing matrix pair 90/100
Compute: Matrix pair 90 computed in 0.011324 seconds (11.30 TFLOPS)
Compute: Result transferred in 0.051466 seconds
Epoch 56:
  Learning rate: 0.00100
  Total epoch time: 1.1928 sec
  Batch loading time: 0.3563 sec
  Training computation time: 0.6622 sec
  Evaluation time: 0.1302 sec
  Number of batches: 390
  Training set accuracy: 0.066600 (6.66%)
  Test set accuracy: 0.069100 (6.91%)
  Best test accuracy so far: 0.069100 (6.91%)

Matrix 89 transferred in background, took 0.0190 sec
Worker 91: Matrix pair 91 transferred in 0.016812 seconds
Worker 92: Generating matrix pair 92/100
Compute: Processing matrix pair 91/100
Compute: Matrix pair 91 computed in 0.005749 seconds (22.26 TFLOPS)
Compute: Result transferred in 0.051382 seconds
Epoch 57:
  Learning rate: 0.00100
  Total epoch time: 1.1992 sec
  Batch loading time: 0.3454 sec
  Training computation time: 0.7240 sec
  Evaluation time: 0.0873 sec
  Number of batches: 390
  Training set accuracy: 0.073600 (7.36%)
  Test set accuracy: 0.069300 (6.93%)
  Best test accuracy so far: 0.069300 (6.93%)

Matrix 90 transferred in background, took 0.0168 sec
Worker 92: Matrix pair 92 transferred in 0.021720 seconds
Worker 93: Generating matrix pair 93/100
Compute: Processing matrix pair 92/100
Compute: Matrix pair 92 computed in 0.007124 seconds (17.97 TFLOPS)
Compute: Result transferred in 0.051763 seconds
Worker 93: Matrix pair 93 transferred in 0.015385 seconds
Worker 94: Generating matrix pair 94/100
Compute: Processing matrix pair 93/100
Epoch 58:
  Learning rate: 0.00100
  Total epoch time: 1.2859 sec
  Batch loading time: 0.3448 sec
  Training computation time: 0.7536 sec
  Evaluation time: 0.1070 sec
  Number of batches: 390
  Training set accuracy: 0.075600 (7.56%)
  Test set accuracy: 0.069700 (6.97%)
  Best test accuracy so far: 0.069700 (6.97%)

Matrix 91 transferred in background, took 0.0217 sec
Matrix 92 transferred in background, took 0.0154 sec
Compute: Matrix pair 93 computed in 0.024938 seconds (5.13 TFLOPS)
Compute: Result transferred in 0.054710 seconds
Worker 94: Matrix pair 94 transferred in 0.016836 seconds
Worker 95: Generating matrix pair 95/100
Compute: Processing matrix pair 94/100
Compute: Matrix pair 94 computed in 0.013224 seconds (9.68 TFLOPS)
Compute: Result transferred in 0.051928 seconds
Epoch 59:
  Learning rate: 0.00100
  Total epoch time: 1.7272 sec
  Batch loading time: 0.7972 sec
  Training computation time: 0.7152 sec
  Evaluation time: 0.1721 sec
  Number of batches: 390
  Training set accuracy: 0.068000 (6.80%)
  Test set accuracy: 0.069900 (6.99%)
  Best test accuracy so far: 0.069900 (6.99%)

Matrix 93 transferred in background, took 0.0168 sec
Worker 95: Matrix pair 95 transferred in 0.010774 seconds
Worker 96: Generating matrix pair 96/100
Compute: Processing matrix pair 95/100
Compute: Matrix pair 95 computed in 0.006095 seconds (21.00 TFLOPS)
Compute: Result transferred in 0.052870 seconds
Epoch 60:
  Learning rate: 0.00100
  Total epoch time: 1.7841 sec
  Batch loading time: 0.8937 sec
  Training computation time: 0.6879 sec
  Evaluation time: 0.1585 sec
  Number of batches: 390
  Training set accuracy: 0.074600 (7.46%)
  Test set accuracy: 0.070100 (7.01%)
  Best test accuracy so far: 0.070100 (7.01%)

Matrix 94 transferred in background, took 0.0108 sec
Worker 96: Matrix pair 96 transferred in 0.018352 seconds
Worker 97: Generating matrix pair 97/100
Compute: Processing matrix pair 96/100
Compute: Matrix pair 96 computed in 0.006515 seconds (19.65 TFLOPS)
Compute: Result transferred in 0.054051 seconds
Epoch 61:
  Learning rate: 0.00100
  Total epoch time: 1.2018 sec
  Batch loading time: 0.3345 sec
  Training computation time: 0.6659 sec
  Evaluation time: 0.1518 sec
  Number of batches: 390
  Training set accuracy: 0.074400 (7.44%)
  Test set accuracy: 0.070600 (7.06%)
  Best test accuracy so far: 0.070600 (7.06%)

Matrix 95 transferred in background, took 0.0184 sec
Worker 97: Matrix pair 97 transferred in 0.017078 seconds
Worker 98: Generating matrix pair 98/100
Compute: Processing matrix pair 97/100
Compute: Matrix pair 97 computed in 0.007162 seconds (17.87 TFLOPS)
Compute: Result transferred in 0.052884 seconds
Worker 98: Matrix pair 98 transferred in 0.016265 seconds
Worker 99: Generating matrix pair 99/100
Compute: Processing matrix pair 98/100
Epoch 62:
  Learning rate: 0.00100
  Total epoch time: 1.2465 sec
  Batch loading time: 0.3378 sec
  Training computation time: 0.7259 sec
  Evaluation time: 0.1255 sec
  Number of batches: 390
  Training set accuracy: 0.073400 (7.34%)
  Test set accuracy: 0.070500 (7.05%)
  Best test accuracy so far: 0.070600 (7.06%)

Matrix 96 transferred in background, took 0.0171 sec
Matrix 97 transferred in background, took 0.0163 sec
Compute: Matrix pair 98 computed in 0.023517 seconds (5.44 TFLOPS)
Compute: Result transferred in 0.054793 seconds
Worker 99: Matrix pair 99 transferred in 0.018835 seconds
Worker 100: Generating matrix pair 100/100
Compute: Processing matrix pair 99/100
Compute: Matrix pair 99 computed in 0.013396 seconds (9.55 TFLOPS)
Compute: Result transferred in 0.053458 seconds
Epoch 63:
  Learning rate: 0.00100
  Total epoch time: 1.7258 sec
  Batch loading time: 0.7971 sec
  Training computation time: 0.7195 sec
  Evaluation time: 0.1667 sec
  Number of batches: 390
  Training set accuracy: 0.069400 (6.94%)
  Test set accuracy: 0.070700 (7.07%)
  Best test accuracy so far: 0.070700 (7.07%)

Matrix 98 transferred in background, took 0.0188 sec
Worker 100: Matrix pair 100 transferred in 0.011628 seconds
Compute: Processing matrix pair 100/100
Compute: Matrix pair 100 computed in 0.006564 seconds (19.50 TFLOPS)
Compute: Result transferred in 0.053152 seconds
Epoch 64:
  Learning rate: 0.00100
  Total epoch time: 1.7255 sec
  Batch loading time: 0.9546 sec
  Training computation time: 0.7056 sec
  Evaluation time: 0.0212 sec
  Number of batches: 390
  Training set accuracy: 0.076600 (7.66%)
  Test set accuracy: 0.071000 (7.10%)
  Best test accuracy so far: 0.071000 (7.10%)

Matrix 99 transferred in background, took 0.0116 sec
All matrix computations completed
Epoch 65:
  Learning rate: 0.00100
  Total epoch time: 1.0294 sec
  Batch loading time: 0.3157 sec
  Training computation time: 0.6513 sec
  Evaluation time: 0.0201 sec
  Number of batches: 390
  Training set accuracy: 0.077200 (7.72%)
  Test set accuracy: 0.071600 (7.16%)
  Best test accuracy so far: 0.071600 (7.16%)

Epoch 66:
  Learning rate: 0.00100
  Total epoch time: 1.0190 sec
  Batch loading time: 0.3052 sec
  Training computation time: 0.6497 sec
  Evaluation time: 0.0200 sec
  Number of batches: 390
  Training set accuracy: 0.076400 (7.64%)
  Test set accuracy: 0.072200 (7.22%)
  Best test accuracy so far: 0.072200 (7.22%)

Epoch 67:
  Learning rate: 0.00100
  Total epoch time: 1.0440 sec
  Batch loading time: 0.3109 sec
  Training computation time: 0.6702 sec
  Evaluation time: 0.0203 sec
  Number of batches: 390
  Training set accuracy: 0.074000 (7.40%)
  Test set accuracy: 0.072700 (7.27%)
  Best test accuracy so far: 0.072700 (7.27%)

Epoch 68:
  Learning rate: 0.00100
  Total epoch time: 1.0849 sec
  Batch loading time: 0.2940 sec
  Training computation time: 0.7260 sec
  Evaluation time: 0.0203 sec
  Number of batches: 390
  Training set accuracy: 0.077400 (7.74%)
  Test set accuracy: 0.073300 (7.33%)
  Best test accuracy so far: 0.073300 (7.33%)

Epoch 69:
  Learning rate: 0.00100
  Total epoch time: 1.0628 sec
  Batch loading time: 0.3205 sec
  Training computation time: 0.6504 sec
  Evaluation time: 0.0495 sec
  Number of batches: 390
  Training set accuracy: 0.072800 (7.28%)
  Test set accuracy: 0.073600 (7.36%)
  Best test accuracy so far: 0.073600 (7.36%)

Epoch 70:
  Learning rate: 0.00100
  Total epoch time: 1.0306 sec
  Batch loading time: 0.3145 sec
  Training computation time: 0.6515 sec
  Evaluation time: 0.0203 sec
  Number of batches: 390
  Training set accuracy: 0.072600 (7.26%)
  Test set accuracy: 0.073700 (7.37%)
  Best test accuracy so far: 0.073700 (7.37%)

Epoch 71:
  Learning rate: 0.00100
  Total epoch time: 1.0373 sec
  Batch loading time: 0.3204 sec
  Training computation time: 0.6518 sec
  Evaluation time: 0.0201 sec
  Number of batches: 390
  Training set accuracy: 0.075600 (7.56%)
  Test set accuracy: 0.074600 (7.46%)
  Best test accuracy so far: 0.074600 (7.46%)

Epoch 72:
  Learning rate: 0.00100
  Total epoch time: 1.0382 sec
  Batch loading time: 0.3014 sec
  Training computation time: 0.6717 sec
  Evaluation time: 0.0211 sec
  Number of batches: 390
  Training set accuracy: 0.072200 (7.22%)
  Test set accuracy: 0.074700 (7.47%)
  Best test accuracy so far: 0.074700 (7.47%)

Epoch 73:
  Learning rate: 0.00100
  Total epoch time: 1.7329 sec
  Batch loading time: 0.3129 sec
  Training computation time: 1.1094 sec
  Evaluation time: 0.2545 sec
  Number of batches: 390
  Training set accuracy: 0.076800 (7.68%)
  Test set accuracy: 0.074400 (7.44%)
  Best test accuracy so far: 0.074700 (7.47%)

Epoch 74:
  Learning rate: 0.00100
  Total epoch time: 1.0254 sec
  Batch loading time: 0.2855 sec
  Training computation time: 0.6725 sec
  Evaluation time: 0.0224 sec
  Number of batches: 390
  Training set accuracy: 0.069800 (6.98%)
  Test set accuracy: 0.074500 (7.45%)
  Best test accuracy so far: 0.074700 (7.47%)

Epoch 75:
  Learning rate: 0.00100
  Total epoch time: 1.0374 sec
  Batch loading time: 0.3205 sec
  Training computation time: 0.6542 sec
  Evaluation time: 0.0203 sec
  Number of batches: 390
  Training set accuracy: 0.070400 (7.04%)
  Test set accuracy: 0.074500 (7.45%)
  Best test accuracy so far: 0.074700 (7.47%)

Epoch 76:
  Learning rate: 0.00100
  Total epoch time: 1.0216 sec
  Batch loading time: 0.3055 sec
  Training computation time: 0.6517 sec
  Evaluation time: 0.0202 sec
  Number of batches: 390
  Training set accuracy: 0.080800 (8.08%)
  Test set accuracy: 0.074500 (7.45%)
  Best test accuracy so far: 0.074700 (7.47%)

Epoch 77:
  Learning rate: 0.00100
  Total epoch time: 1.0291 sec
  Batch loading time: 0.3128 sec
  Training computation time: 0.6539 sec
  Evaluation time: 0.0202 sec
  Number of batches: 390
  Training set accuracy: 0.072200 (7.22%)
  Test set accuracy: 0.074600 (7.46%)
  Best test accuracy so far: 0.074700 (7.47%)

Epoch 78:
  Learning rate: 0.00100
  Total epoch time: 1.0850 sec
  Batch loading time: 0.3176 sec
  Training computation time: 0.7035 sec
  Evaluation time: 0.0202 sec
  Number of batches: 390
  Training set accuracy: 0.074000 (7.40%)
  Test set accuracy: 0.074600 (7.46%)
  Best test accuracy so far: 0.074700 (7.47%)

Epoch 79:
  Learning rate: 0.00100
  Total epoch time: 1.0459 sec
  Batch loading time: 0.3186 sec
  Training computation time: 0.6545 sec
  Evaluation time: 0.0305 sec
  Number of batches: 390
  Training set accuracy: 0.081000 (8.10%)
  Test set accuracy: 0.074800 (7.48%)
  Best test accuracy so far: 0.074800 (7.48%)

Epoch 80:
  Learning rate: 0.00100
  Total epoch time: 1.0326 sec
  Batch loading time: 0.3150 sec
  Training computation time: 0.6532 sec
  Evaluation time: 0.0204 sec
  Number of batches: 390
  Training set accuracy: 0.077200 (7.72%)
  Test set accuracy: 0.075000 (7.50%)
  Best test accuracy so far: 0.075000 (7.50%)

Epoch 81:
  Learning rate: 0.00100
  Total epoch time: 1.0270 sec
  Batch loading time: 0.3074 sec
  Training computation time: 0.6563 sec
  Evaluation time: 0.0202 sec
  Number of batches: 390
  Training set accuracy: 0.081800 (8.18%)
  Test set accuracy: 0.075700 (7.57%)
  Best test accuracy so far: 0.075700 (7.57%)

Epoch 82:
  Learning rate: 0.00100
  Total epoch time: 1.0263 sec
  Batch loading time: 0.3072 sec
  Training computation time: 0.6550 sec
  Evaluation time: 0.0201 sec
  Number of batches: 390
  Training set accuracy: 0.080000 (8.00%)
  Test set accuracy: 0.075800 (7.58%)
  Best test accuracy so far: 0.075800 (7.58%)

Epoch 83:
  Learning rate: 0.00100
  Total epoch time: 1.0339 sec
  Batch loading time: 0.3187 sec
  Training computation time: 0.6529 sec
  Evaluation time: 0.0201 sec
  Number of batches: 390
  Training set accuracy: 0.076000 (7.60%)
  Test set accuracy: 0.075800 (7.58%)
  Best test accuracy so far: 0.075800 (7.58%)

Epoch 84:
  Learning rate: 0.00100
  Total epoch time: 1.2738 sec
  Batch loading time: 0.4714 sec
  Training computation time: 0.6819 sec
  Evaluation time: 0.0615 sec
  Number of batches: 390
  Training set accuracy: 0.079600 (7.96%)
  Test set accuracy: 0.076100 (7.61%)
  Best test accuracy so far: 0.076100 (7.61%)

Epoch 85:
  Learning rate: 0.00100
  Total epoch time: 1.0551 sec
  Batch loading time: 0.3144 sec
  Training computation time: 0.6785 sec
  Evaluation time: 0.0201 sec
  Number of batches: 390
  Training set accuracy: 0.077200 (7.72%)
  Test set accuracy: 0.076600 (7.66%)
  Best test accuracy so far: 0.076600 (7.66%)

Epoch 86:
  Learning rate: 0.00100
  Total epoch time: 1.0382 sec
  Batch loading time: 0.3192 sec
  Training computation time: 0.6550 sec
  Evaluation time: 0.0201 sec
  Number of batches: 390
  Training set accuracy: 0.072200 (7.22%)
  Test set accuracy: 0.076800 (7.68%)
  Best test accuracy so far: 0.076800 (7.68%)

Epoch 87:
  Learning rate: 0.00100
  Total epoch time: 1.0413 sec
  Batch loading time: 0.3245 sec
  Training computation time: 0.6544 sec
  Evaluation time: 0.0202 sec
  Number of batches: 390
  Training set accuracy: 0.082200 (8.22%)
  Test set accuracy: 0.076900 (7.69%)
  Best test accuracy so far: 0.076900 (7.69%)

Epoch 88:
  Learning rate: 0.00100
  Total epoch time: 1.0774 sec
  Batch loading time: 0.3032 sec
  Training computation time: 0.7097 sec
  Evaluation time: 0.0205 sec
  Number of batches: 390
  Training set accuracy: 0.079800 (7.98%)
  Test set accuracy: 0.077300 (7.73%)
  Best test accuracy so far: 0.077300 (7.73%)

Epoch 89:
  Learning rate: 0.00100
  Total epoch time: 1.0401 sec
  Batch loading time: 0.3182 sec
  Training computation time: 0.6544 sec
  Evaluation time: 0.0251 sec
  Number of batches: 390
  Training set accuracy: 0.075800 (7.58%)
  Test set accuracy: 0.077500 (7.75%)
  Best test accuracy so far: 0.077500 (7.75%)

Epoch 90:
  Learning rate: 0.00100
  Total epoch time: 1.0438 sec
  Batch loading time: 0.3212 sec
  Training computation time: 0.6576 sec
  Evaluation time: 0.0211 sec
  Number of batches: 390
  Training set accuracy: 0.081600 (8.16%)
  Test set accuracy: 0.077300 (7.73%)
  Best test accuracy so far: 0.077500 (7.75%)

Epoch 91:
  Learning rate: 0.00100
  Total epoch time: 1.0329 sec
  Batch loading time: 0.3126 sec
  Training computation time: 0.6567 sec
  Evaluation time: 0.0201 sec
  Number of batches: 390
  Training set accuracy: 0.076800 (7.68%)
  Test set accuracy: 0.077300 (7.73%)
  Best test accuracy so far: 0.077500 (7.75%)

Epoch 92:
  Learning rate: 0.00100
  Total epoch time: 1.0309 sec
  Batch loading time: 0.3078 sec
  Training computation time: 0.6589 sec
  Evaluation time: 0.0202 sec
  Number of batches: 390
  Training set accuracy: 0.083000 (8.30%)
  Test set accuracy: 0.077300 (7.73%)
  Best test accuracy so far: 0.077500 (7.75%)

Epoch 93:
  Learning rate: 0.00100
  Total epoch time: 1.0285 sec
  Batch loading time: 0.3142 sec
  Training computation time: 0.6517 sec
  Evaluation time: 0.0201 sec
  Number of batches: 390
  Training set accuracy: 0.081000 (8.10%)
  Test set accuracy: 0.077600 (7.76%)
  Best test accuracy so far: 0.077600 (7.76%)

Epoch 94:
  Learning rate: 0.00100
  Total epoch time: 1.1074 sec
  Batch loading time: 0.3095 sec
  Training computation time: 0.7130 sec
  Evaluation time: 0.0335 sec
  Number of batches: 390
  Training set accuracy: 0.081600 (8.16%)
  Test set accuracy: 0.077800 (7.78%)
  Best test accuracy so far: 0.077800 (7.78%)

Epoch 95:
  Learning rate: 0.00100
  Total epoch time: 1.0180 sec
  Batch loading time: 0.2999 sec
  Training computation time: 0.6556 sec
  Evaluation time: 0.0201 sec
  Number of batches: 390
  Training set accuracy: 0.077600 (7.76%)
  Test set accuracy: 0.078000 (7.80%)
  Best test accuracy so far: 0.078000 (7.80%)

Epoch 96:
  Learning rate: 0.00100
  Total epoch time: 1.0320 sec
  Batch loading time: 0.3157 sec
  Training computation time: 0.6523 sec
  Evaluation time: 0.0201 sec
  Number of batches: 390
  Training set accuracy: 0.080600 (8.06%)
  Test set accuracy: 0.078400 (7.84%)
  Best test accuracy so far: 0.078400 (7.84%)

Epoch 97:
  Learning rate: 0.00100
  Total epoch time: 1.0275 sec
  Batch loading time: 0.3099 sec
  Training computation time: 0.6552 sec
  Evaluation time: 0.0202 sec
  Number of batches: 390
  Training set accuracy: 0.083400 (8.34%)
  Test set accuracy: 0.078700 (7.87%)
  Best test accuracy so far: 0.078700 (7.87%)

Epoch 98:
  Learning rate: 0.00100
  Total epoch time: 1.0195 sec
  Batch loading time: 0.3038 sec
  Training computation time: 0.6517 sec
  Evaluation time: 0.0202 sec
  Number of batches: 390
  Training set accuracy: 0.079000 (7.90%)
  Test set accuracy: 0.078900 (7.89%)
  Best test accuracy so far: 0.078900 (7.89%)

Epoch 99:
  Learning rate: 0.00100
  Total epoch time: 1.0892 sec
  Batch loading time: 0.3105 sec
  Training computation time: 0.7164 sec
  Evaluation time: 0.0201 sec
  Number of batches: 390
  Training set accuracy: 0.081600 (8.16%)
  Test set accuracy: 0.079200 (7.92%)
  Best test accuracy so far: 0.079200 (7.92%)

=== Training Summary ===
Model initialization time: 21.1190 seconds
Initial dataset loading time: 14.5333 seconds
Function compilation time: 26.7941 seconds
Training loop time: 161.8588 seconds
  - Batch loading time: 46.9511 seconds
  - Computation time: 87.5738 seconds
  - Evaluation time: 21.6916 seconds
Total time: 197.5111 seconds
Final test accuracy: 0.079200 (7.92%)
Best test accuracy: 0.079200 (7.92%)

Reused cached compilation, saved approximately 26.7941 seconds
=== JAX XLA Timing Test with Focused PJRT StreamExecutor Logging ===
JAX version: 0.5.3
JAX backend: gpu
JAX devices: [CudaDevice(id=0)]
Log settings:
  TF_CPP_MIN_LOG_LEVEL: 1
  TF_CPP_VMODULE: None
  JAX_LOG_COMPILES: None
Found existing compilation metadata from Wed Apr 16 09:42:09 2025

=== Testing Matrix Multiplication with Advanced Overlapped Data Transfer and Computation ===
Matrix size: 4000x4000 (0.06 GB each)
Number of matrix pairs to process: 100
Maximum concurrent transfers: 4
Worker 1: Generating matrix pair 1/100
Worker 2: Generating matrix pair 2/100
Worker 3: Generating matrix pair 3/100
Worker 4: Generating matrix pair 4/100
Worker 1: Matrix pair 1 transferred in 0.119715 seconds
Worker 5: Generating matrix pair 5/100
Compute: Processing matrix pair 1/100
Worker 2: Matrix pair 2 transferred in 0.086768 seconds
Worker 6: Generating matrix pair 6/100
Worker 3: Matrix pair 3 transferred in 0.018878 seconds
Worker 7: Generating matrix pair 7/100
Worker 4: Matrix pair 4 transferred in 0.017740 seconds
Worker 8: Generating matrix pair 8/100
Worker 5: Matrix pair 5 transferred in 0.017984 seconds
Worker 9: Generating matrix pair 9/100
Worker 6: Matrix pair 6 transferred in 0.018129 seconds
Worker 10: Generating matrix pair 10/100
Worker 7: Matrix pair 7 transferred in 0.017949 seconds
Worker 11: Generating matrix pair 11/100
Worker 8: Matrix pair 8 transferred in 0.017973 seconds
Worker 12: Generating matrix pair 12/100
Compute: Matrix pair 1 computed in 7.677108 seconds (0.02 TFLOPS)
Compute: Result transferred in 0.066055 seconds
Compute: Processing matrix pair 2/100
Compute: Matrix pair 2 computed in 0.005483 seconds (23.35 TFLOPS)
Compute: Result transferred in 0.053385 seconds
Compute: Processing matrix pair 3/100
Compute: Matrix pair 3 computed in 0.005382 seconds (23.78 TFLOPS)
Compute: Result transferred in 0.054242 seconds
Compute: Processing matrix pair 4/100
Compute: Matrix pair 4 computed in 0.005758 seconds (22.23 TFLOPS)
Compute: Result transferred in 0.053848 seconds
Compute: Processing matrix pair 5/100
Compute: Matrix pair 5 computed in 0.005640 seconds (22.69 TFLOPS)
Compute: Result transferred in 0.053538 seconds
Compute: Processing matrix pair 6/100
Compute: Matrix pair 6 computed in 0.005783 seconds (22.13 TFLOPS)
Compute: Result transferred in 0.053304 seconds
Compute: Processing matrix pair 7/100
Compute: Matrix pair 7 computed in 0.005549 seconds (23.07 TFLOPS)
Compute: Result transferred in 0.053172 seconds
Compute: Processing matrix pair 8/100
Compute: Matrix pair 8 computed in 0.005713 seconds (22.40 TFLOPS)
Compute: Result transferred in 0.053057 seconds
Worker 9: Matrix pair 9 transferred in 0.013163 seconds
Worker 13: Generating matrix pair 13/100
Compute: Processing matrix pair 9/100
Compute: Matrix pair 9 computed in 0.012873 seconds (9.94 TFLOPS)
Compute: Result transferred in 0.051068 seconds
Worker 10: Matrix pair 10 transferred in 0.013189 seconds
Worker 14: Generating matrix pair 14/100
Compute: Processing matrix pair 10/100
Compute: Matrix pair 10 computed in 0.011563 seconds (11.07 TFLOPS)
Compute: Result transferred in 0.050666 seconds
Worker 11: Matrix pair 11 transferred in 0.013148 seconds
Worker 15: Generating matrix pair 15/100
Compute: Processing matrix pair 11/100
Compute: Matrix pair 11 computed in 0.011779 seconds (10.87 TFLOPS)
Compute: Result transferred in 0.050814 seconds
Worker 12: Matrix pair 12 transferred in 0.013096 seconds
Worker 16: Generating matrix pair 16/100
Compute: Processing matrix pair 12/100
Compute: Matrix pair 12 computed in 0.011863 seconds (10.79 TFLOPS)
Compute: Result transferred in 0.050164 seconds
Worker 13: Matrix pair 13 transferred in 0.013107 seconds
Worker 17: Generating matrix pair 17/100
Compute: Processing matrix pair 13/100
Compute: Matrix pair 13 computed in 0.011914 seconds (10.74 TFLOPS)
Compute: Result transferred in 0.053766 seconds
Worker 14: Matrix pair 14 transferred in 0.013030 seconds
Worker 18: Generating matrix pair 18/100
Compute: Processing matrix pair 14/100
Compute: Matrix pair 14 computed in 0.011510 seconds (11.12 TFLOPS)
Compute: Result transferred in 0.050544 seconds
Worker 15: Matrix pair 15 transferred in 0.013155 seconds
Worker 19: Generating matrix pair 19/100
Compute: Processing matrix pair 15/100
Compute: Matrix pair 15 computed in 0.011667 seconds (10.97 TFLOPS)
Compute: Result transferred in 0.050814 seconds
Worker 16: Matrix pair 16 transferred in 0.016226 seconds
Worker 20: Generating matrix pair 20/100
Compute: Processing matrix pair 16/100
Compute: Matrix pair 16 computed in 0.011611 seconds (11.02 TFLOPS)
Compute: Result transferred in 0.050339 seconds
Worker 17: Matrix pair 17 transferred in 0.161990 seconds
Worker 21: Generating matrix pair 21/100
Compute: Processing matrix pair 17/100
Compute: Matrix pair 17 computed in 0.109799 seconds (1.17 TFLOPS)
Compute: Result transferred in 0.075002 seconds
Worker 18: Matrix pair 18 transferred in 0.016279 seconds
Worker 22: Generating matrix pair 22/100
Compute: Processing matrix pair 18/100
Compute: Matrix pair 18 computed in 0.012499 seconds (10.24 TFLOPS)
Compute: Result transferred in 0.052178 seconds
Worker 19: Matrix pair 19 transferred in 0.016379 seconds
Worker 23: Generating matrix pair 23/100
Compute: Processing matrix pair 19/100
Compute: Matrix pair 19 computed in 0.013326 seconds (9.60 TFLOPS)
Compute: Result transferred in 0.052534 seconds
Worker 20: Matrix pair 20 transferred in 0.016338 seconds
Worker 24: Generating matrix pair 24/100
Compute: Processing matrix pair 20/100
Compute: Matrix pair 20 computed in 0.012909 seconds (9.92 TFLOPS)
Compute: Result transferred in 0.052231 seconds
Worker 21: Matrix pair 21 transferred in 0.016150 seconds
Worker 25: Generating matrix pair 25/100
Compute: Processing matrix pair 21/100
Compute: Matrix pair 21 computed in 0.012360 seconds (10.36 TFLOPS)
Compute: Result transferred in 0.052355 seconds
Worker 22: Matrix pair 22 transferred in 0.016243 seconds
Worker 26: Generating matrix pair 26/100
Compute: Processing matrix pair 22/100
Compute: Matrix pair 22 computed in 0.012327 seconds (10.38 TFLOPS)
Compute: Result transferred in 0.051353 seconds
Worker 23: Matrix pair 23 transferred in 0.016164 seconds
Worker 27: Generating matrix pair 27/100
Compute: Processing matrix pair 23/100
Compute: Matrix pair 23 computed in 0.012909 seconds (9.92 TFLOPS)
Compute: Result transferred in 0.051926 seconds
Worker 24: Matrix pair 24 transferred in 0.016404 seconds
Worker 28: Generating matrix pair 28/100
Compute: Processing matrix pair 24/100
Compute: Matrix pair 24 computed in 0.012604 seconds (10.16 TFLOPS)
Compute: Result transferred in 0.051843 seconds
Worker 25: Matrix pair 25 transferred in 0.016263 seconds
Worker 29: Generating matrix pair 29/100
Compute: Processing matrix pair 25/100
Compute: Matrix pair 25 computed in 0.012564 seconds (10.19 TFLOPS)
Compute: Result transferred in 0.054386 seconds
Worker 26: Matrix pair 26 transferred in 0.016214 seconds
Worker 30: Generating matrix pair 30/100
Compute: Processing matrix pair 26/100
Compute: Matrix pair 26 computed in 0.012864 seconds (9.95 TFLOPS)
Compute: Result transferred in 0.052210 seconds
Worker 27: Matrix pair 27 transferred in 0.092998 seconds
Worker 31: Generating matrix pair 31/100
Compute: Processing matrix pair 27/100
Compute: Matrix pair 27 computed in 0.066567 seconds (1.92 TFLOPS)
Compute: Result transferred in 0.073121 seconds
Worker 28: Matrix pair 28 transferred in 0.016291 seconds
Worker 32: Generating matrix pair 32/100
Compute: Processing matrix pair 28/100
Compute: Matrix pair 28 computed in 0.012562 seconds (10.19 TFLOPS)
Compute: Result transferred in 0.051877 seconds
Worker 29: Matrix pair 29 transferred in 0.016298 seconds
Worker 33: Generating matrix pair 33/100
Compute: Processing matrix pair 29/100
Compute: Matrix pair 29 computed in 0.012393 seconds (10.33 TFLOPS)
Compute: Result transferred in 0.054698 seconds
Worker 30: Matrix pair 30 transferred in 0.016275 seconds
Worker 34: Generating matrix pair 34/100
Compute: Processing matrix pair 30/100
Compute: Matrix pair 30 computed in 0.012206 seconds (10.49 TFLOPS)
Compute: Result transferred in 0.051990 seconds
Worker 31: Matrix pair 31 transferred in 0.016210 seconds
Worker 35: Generating matrix pair 35/100
Compute: Processing matrix pair 31/100
Compute: Matrix pair 31 computed in 0.012167 seconds (10.52 TFLOPS)
Compute: Result transferred in 0.051603 seconds
Worker 32: Matrix pair 32 transferred in 0.016283 seconds
Worker 36: Generating matrix pair 36/100
Compute: Processing matrix pair 32/100
Compute: Matrix pair 32 computed in 0.012248 seconds (10.45 TFLOPS)
Compute: Result transferred in 0.051692 seconds
Worker 33: Matrix pair 33 transferred in 0.016326 seconds
Worker 37: Generating matrix pair 37/100
Compute: Processing matrix pair 33/100
Compute: Matrix pair 33 computed in 0.012594 seconds (10.16 TFLOPS)
Compute: Result transferred in 0.051360 seconds
Worker 34: Matrix pair 34 transferred in 0.016275 seconds
Worker 38: Generating matrix pair 38/100
Compute: Processing matrix pair 34/100
Compute: Matrix pair 34 computed in 0.011948 seconds (10.71 TFLOPS)
Compute: Result transferred in 0.051331 seconds
Worker 35: Matrix pair 35 transferred in 0.016365 seconds
Worker 39: Generating matrix pair 39/100
Compute: Processing matrix pair 35/100
Compute: Matrix pair 35 computed in 0.012462 seconds (10.27 TFLOPS)
Compute: Result transferred in 0.051880 seconds
Worker 36: Matrix pair 36 transferred in 0.016145 seconds
Worker 40: Generating matrix pair 40/100
Compute: Processing matrix pair 36/100
Compute: Matrix pair 36 computed in 0.012566 seconds (10.19 TFLOPS)
Compute: Result transferred in 0.051045 seconds
Worker 37: Matrix pair 37 transferred in 0.016326 seconds
Worker 41: Generating matrix pair 41/100
Compute: Processing matrix pair 37/100
Compute: Matrix pair 37 computed in 0.012531 seconds (10.21 TFLOPS)
Compute: Result transferred in 0.054727 seconds
Worker 38: Matrix pair 38 transferred in 0.016011 seconds
Worker 42: Generating matrix pair 42/100
Compute: Processing matrix pair 38/100
Compute: Matrix pair 38 computed in 0.012596 seconds (10.16 TFLOPS)
Compute: Result transferred in 0.051634 seconds
Worker 39: Matrix pair 39 transferred in 0.016451 seconds
Worker 43: Generating matrix pair 43/100
Compute: Processing matrix pair 39/100
Compute: Matrix pair 39 computed in 0.012487 seconds (10.25 TFLOPS)
Compute: Result transferred in 0.051357 seconds
Worker 40: Matrix pair 40 transferred in 0.016317 seconds
Worker 44: Generating matrix pair 44/100
Compute: Processing matrix pair 40/100
Compute: Matrix pair 40 computed in 0.012680 seconds (10.09 TFLOPS)
Compute: Result transferred in 0.051643 seconds
Worker 41: Matrix pair 41 transferred in 0.016281 seconds
Worker 45: Generating matrix pair 45/100
Compute: Processing matrix pair 41/100
Compute: Matrix pair 41 computed in 0.012141 seconds (10.54 TFLOPS)
Compute: Result transferred in 0.054205 seconds
Worker 42: Matrix pair 42 transferred in 0.016150 seconds
Worker 46: Generating matrix pair 46/100
Compute: Processing matrix pair 42/100
Compute: Matrix pair 42 computed in 0.012552 seconds (10.20 TFLOPS)
Compute: Result transferred in 0.051663 seconds
Worker 43: Matrix pair 43 transferred in 0.016277 seconds
Worker 47: Generating matrix pair 47/100
Compute: Processing matrix pair 43/100
Compute: Matrix pair 43 computed in 0.011872 seconds (10.78 TFLOPS)
Compute: Result transferred in 0.051259 seconds
Worker 44: Matrix pair 44 transferred in 0.016804 seconds
Worker 48: Generating matrix pair 48/100
Compute: Processing matrix pair 44/100
Compute: Matrix pair 44 computed in 0.013183 seconds (9.71 TFLOPS)
Compute: Result transferred in 0.051280 seconds
Worker 45: Matrix pair 45 transferred in 0.249204 seconds
Worker 49: Generating matrix pair 49/100
Compute: Processing matrix pair 45/100
Compute: Matrix pair 45 computed in 0.127743 seconds (1.00 TFLOPS)
Compute: Result transferred in 0.074084 seconds
Worker 46: Matrix pair 46 transferred in 0.016272 seconds
Worker 50: Generating matrix pair 50/100
Compute: Processing matrix pair 46/100
Compute: Matrix pair 46 computed in 0.012086 seconds (10.59 TFLOPS)
Compute: Result transferred in 0.051442 seconds
Worker 47: Matrix pair 47 transferred in 0.013075 seconds
Worker 51: Generating matrix pair 51/100
Compute: Processing matrix pair 47/100
Compute: Matrix pair 47 computed in 0.012889 seconds (9.93 TFLOPS)
Compute: Result transferred in 0.054081 seconds
Worker 48: Matrix pair 48 transferred in 0.013083 seconds
Worker 52: Generating matrix pair 52/100
Compute: Processing matrix pair 48/100
Compute: Matrix pair 48 computed in 0.012436 seconds (10.29 TFLOPS)
Compute: Result transferred in 0.051824 seconds
Worker 49: Matrix pair 49 transferred in 0.013055 seconds
Worker 53: Generating matrix pair 53/100
Compute: Processing matrix pair 49/100
Compute: Matrix pair 49 computed in 0.012328 seconds (10.38 TFLOPS)
Compute: Result transferred in 0.054670 seconds
Worker 50: Matrix pair 50 transferred in 0.013117 seconds
Worker 54: Generating matrix pair 54/100
Compute: Processing matrix pair 50/100
Compute: Matrix pair 50 computed in 0.012683 seconds (10.09 TFLOPS)
Compute: Result transferred in 0.051714 seconds
Worker 51: Matrix pair 51 transferred in 0.012981 seconds
Worker 55: Generating matrix pair 55/100
Compute: Processing matrix pair 51/100
Compute: Matrix pair 51 computed in 0.012773 seconds (10.02 TFLOPS)
Compute: Result transferred in 0.051257 seconds
Worker 52: Matrix pair 52 transferred in 0.013069 seconds
Worker 56: Generating matrix pair 56/100
Compute: Processing matrix pair 52/100
Compute: Matrix pair 52 computed in 0.012186 seconds (10.50 TFLOPS)
Compute: Result transferred in 0.051061 seconds
Worker 53: Matrix pair 53 transferred in 0.013091 seconds
Worker 57: Generating matrix pair 57/100
Compute: Processing matrix pair 53/100
Compute: Matrix pair 53 computed in 0.012220 seconds (10.47 TFLOPS)
Compute: Result transferred in 0.054014 seconds
Worker 54: Matrix pair 54 transferred in 0.060413 seconds
Worker 58: Generating matrix pair 58/100
Compute: Processing matrix pair 54/100
Compute: Matrix pair 54 computed in 0.019792 seconds (6.47 TFLOPS)
Compute: Result transferred in 0.064034 seconds
Worker 55: Matrix pair 55 transferred in 0.062572 seconds
Worker 59: Generating matrix pair 59/100
Compute: Processing matrix pair 55/100
Compute: Matrix pair 55 computed in 0.035411 seconds (3.61 TFLOPS)
Compute: Result transferred in 0.060856 seconds
Worker 56: Matrix pair 56 transferred in 0.016215 seconds
Worker 60: Generating matrix pair 60/100
Compute: Processing matrix pair 56/100
Compute: Matrix pair 56 computed in 0.012657 seconds (10.11 TFLOPS)
Compute: Result transferred in 0.051471 seconds
Worker 57: Matrix pair 57 transferred in 0.016326 seconds
Worker 61: Generating matrix pair 61/100
Compute: Processing matrix pair 57/100
Compute: Matrix pair 57 computed in 0.012056 seconds (10.62 TFLOPS)
Compute: Result transferred in 0.051276 seconds
Worker 58: Matrix pair 58 transferred in 0.016210 seconds
Worker 62: Generating matrix pair 62/100
Compute: Processing matrix pair 58/100
Compute: Matrix pair 58 computed in 0.012156 seconds (10.53 TFLOPS)
Compute: Result transferred in 0.051242 seconds
Worker 59: Matrix pair 59 transferred in 0.016288 seconds
Worker 63: Generating matrix pair 63/100
Compute: Processing matrix pair 59/100
Compute: Matrix pair 59 computed in 0.012609 seconds (10.15 TFLOPS)
Compute: Result transferred in 0.051719 seconds
Worker 60: Matrix pair 60 transferred in 0.016232 seconds
Worker 64: Generating matrix pair 64/100
Compute: Processing matrix pair 60/100
Compute: Matrix pair 60 computed in 0.012500 seconds (10.24 TFLOPS)
Compute: Result transferred in 0.051237 seconds
Worker 61: Matrix pair 61 transferred in 0.016648 seconds
Worker 65: Generating matrix pair 65/100
Compute: Processing matrix pair 61/100
Compute: Matrix pair 61 computed in 0.012305 seconds (10.40 TFLOPS)
Compute: Result transferred in 0.054467 seconds
Worker 62: Matrix pair 62 transferred in 0.016116 seconds
Worker 66: Generating matrix pair 66/100
Compute: Processing matrix pair 62/100
Compute: Matrix pair 62 computed in 0.012248 seconds (10.45 TFLOPS)
Compute: Result transferred in 0.051277 seconds
Worker 63: Matrix pair 63 transferred in 0.058736 seconds
Worker 67: Generating matrix pair 67/100
Compute: Processing matrix pair 63/100
Compute: Matrix pair 63 computed in 0.070582 seconds (1.81 TFLOPS)
Compute: Result transferred in 0.062728 seconds
Worker 64: Matrix pair 64 transferred in 0.016427 seconds
Worker 68: Generating matrix pair 68/100
Compute: Processing matrix pair 64/100
Compute: Matrix pair 64 computed in 0.012391 seconds (10.33 TFLOPS)
Compute: Result transferred in 0.051058 seconds
Worker 65: Matrix pair 65 transferred in 0.013137 seconds
Worker 69: Generating matrix pair 69/100
Compute: Processing matrix pair 65/100
Compute: Matrix pair 65 computed in 0.012028 seconds (10.64 TFLOPS)
Compute: Result transferred in 0.055067 seconds
Worker 66: Matrix pair 66 transferred in 0.013186 seconds
Worker 70: Generating matrix pair 70/100
Compute: Processing matrix pair 66/100
Compute: Matrix pair 66 computed in 0.012447 seconds (10.28 TFLOPS)
Compute: Result transferred in 0.051985 seconds
Worker 67: Matrix pair 67 transferred in 0.013309 seconds
Worker 71: Generating matrix pair 71/100
Compute: Processing matrix pair 67/100
Compute: Matrix pair 67 computed in 0.011848 seconds (10.80 TFLOPS)
Compute: Result transferred in 0.051658 seconds
Worker 68: Matrix pair 68 transferred in 0.013202 seconds
Worker 72: Generating matrix pair 72/100
Compute: Processing matrix pair 68/100
Compute: Matrix pair 68 computed in 0.012385 seconds (10.34 TFLOPS)
Compute: Result transferred in 0.051399 seconds
Worker 69: Matrix pair 69 transferred in 0.013166 seconds
Worker 73: Generating matrix pair 73/100
Compute: Processing matrix pair 69/100
Compute: Matrix pair 69 computed in 0.012082 seconds (10.59 TFLOPS)
Compute: Result transferred in 0.050988 seconds
Worker 70: Matrix pair 70 transferred in 0.013101 seconds
Worker 74: Generating matrix pair 74/100
Compute: Processing matrix pair 70/100
Compute: Matrix pair 70 computed in 0.011842 seconds (10.81 TFLOPS)
Compute: Result transferred in 0.051151 seconds
Worker 71: Matrix pair 71 transferred in 0.013183 seconds
Worker 75: Generating matrix pair 75/100
Compute: Processing matrix pair 71/100
Compute: Matrix pair 71 computed in 0.012665 seconds (10.11 TFLOPS)
Compute: Result transferred in 0.051371 seconds
Worker 72: Matrix pair 72 transferred in 0.013307 seconds
Worker 76: Generating matrix pair 76/100
Compute: Processing matrix pair 72/100
Compute: Matrix pair 72 computed in 0.012616 seconds (10.15 TFLOPS)
Compute: Result transferred in 0.051466 seconds
Worker 73: Matrix pair 73 transferred in 0.198924 seconds
Worker 77: Generating matrix pair 77/100
Compute: Processing matrix pair 73/100
Compute: Matrix pair 73 computed in 0.080591 seconds (1.59 TFLOPS)
Compute: Result transferred in 0.077072 seconds
Worker 74: Matrix pair 74 transferred in 0.013130 seconds
Worker 78: Generating matrix pair 78/100
Compute: Processing matrix pair 74/100
Compute: Matrix pair 74 computed in 0.012659 seconds (10.11 TFLOPS)
Compute: Result transferred in 0.051549 seconds
Worker 75: Matrix pair 75 transferred in 0.013227 seconds
Worker 79: Generating matrix pair 79/100
Compute: Processing matrix pair 75/100
Compute: Matrix pair 75 computed in 0.012282 seconds (10.42 TFLOPS)
Compute: Result transferred in 0.052203 seconds
Worker 76: Matrix pair 76 transferred in 0.013222 seconds
Worker 80: Generating matrix pair 80/100
Compute: Processing matrix pair 76/100
Compute: Matrix pair 76 computed in 0.012308 seconds (10.40 TFLOPS)
Compute: Result transferred in 0.051563 seconds
Worker 77: Matrix pair 77 transferred in 0.013106 seconds
Worker 81: Generating matrix pair 81/100
Compute: Processing matrix pair 77/100
Compute: Matrix pair 77 computed in 0.012007 seconds (10.66 TFLOPS)
Compute: Result transferred in 0.054698 seconds
Worker 78: Matrix pair 78 transferred in 0.013198 seconds
Worker 82: Generating matrix pair 82/100
Compute: Processing matrix pair 78/100
Compute: Matrix pair 78 computed in 0.012411 seconds (10.31 TFLOPS)
Compute: Result transferred in 0.051770 seconds
Worker 79: Matrix pair 79 transferred in 0.013307 seconds
Worker 83: Generating matrix pair 83/100
Compute: Processing matrix pair 79/100
Compute: Matrix pair 79 computed in 0.011820 seconds (10.83 TFLOPS)
Compute: Result transferred in 0.051468 seconds
Worker 80: Matrix pair 80 transferred in 0.013245 seconds
Worker 84: Generating matrix pair 84/100
Compute: Processing matrix pair 80/100
Compute: Matrix pair 80 computed in 0.012738 seconds (10.05 TFLOPS)
Compute: Result transferred in 0.051906 seconds
Worker 81: Matrix pair 81 transferred in 0.016228 seconds
Worker 85: Generating matrix pair 85/100
Compute: Processing matrix pair 81/100
Compute: Matrix pair 81 computed in 0.012314 seconds (10.40 TFLOPS)
Compute: Result transferred in 0.051136 seconds
Worker 82: Matrix pair 82 transferred in 0.016223 seconds
Worker 86: Generating matrix pair 86/100
Compute: Processing matrix pair 82/100
Compute: Matrix pair 82 computed in 0.012120 seconds (10.56 TFLOPS)
Compute: Result transferred in 0.051532 seconds
Worker 83: Matrix pair 83 transferred in 0.053574 seconds
Worker 87: Generating matrix pair 87/100
Compute: Processing matrix pair 83/100
Compute: Matrix pair 83 computed in 0.020030 seconds (6.39 TFLOPS)
Compute: Result transferred in 0.062021 seconds
Worker 84: Matrix pair 84 transferred in 0.016150 seconds
Worker 88: Generating matrix pair 88/100
Compute: Processing matrix pair 84/100
Compute: Matrix pair 84 computed in 0.012326 seconds (10.38 TFLOPS)
Compute: Result transferred in 0.050738 seconds
Worker 85: Matrix pair 85 transferred in 0.016138 seconds
Worker 89: Generating matrix pair 89/100
Compute: Processing matrix pair 85/100
Compute: Matrix pair 85 computed in 0.012350 seconds (10.36 TFLOPS)
Compute: Result transferred in 0.054552 seconds
Worker 86: Matrix pair 86 transferred in 0.016129 seconds
Worker 90: Generating matrix pair 90/100
Compute: Processing matrix pair 86/100
Compute: Matrix pair 86 computed in 0.012573 seconds (10.18 TFLOPS)
Compute: Result transferred in 0.052348 seconds
Worker 87: Matrix pair 87 transferred in 0.016470 seconds
Worker 91: Generating matrix pair 91/100
Compute: Processing matrix pair 87/100
Compute: Matrix pair 87 computed in 0.012705 seconds (10.08 TFLOPS)
Compute: Result transferred in 0.051384 seconds
Worker 88: Matrix pair 88 transferred in 0.016495 seconds
Worker 92: Generating matrix pair 92/100
Compute: Processing matrix pair 88/100
Compute: Matrix pair 88 computed in 0.012154 seconds (10.53 TFLOPS)
Compute: Result transferred in 0.051437 seconds
Worker 89: Matrix pair 89 transferred in 0.016323 seconds
Worker 93: Generating matrix pair 93/100
Compute: Processing matrix pair 89/100
Compute: Matrix pair 89 computed in 0.012399 seconds (10.32 TFLOPS)
Compute: Result transferred in 0.054250 seconds
Worker 90: Matrix pair 90 transferred in 0.016201 seconds
Worker 94: Generating matrix pair 94/100
Compute: Processing matrix pair 90/100
Compute: Matrix pair 90 computed in 0.012701 seconds (10.08 TFLOPS)
Compute: Result transferred in 0.052593 seconds
Worker 91: Matrix pair 91 transferred in 0.016211 seconds
Worker 95: Generating matrix pair 95/100
Compute: Processing matrix pair 91/100
Compute: Matrix pair 91 computed in 0.012159 seconds (10.53 TFLOPS)
Compute: Result transferred in 0.051548 seconds
Worker 92: Matrix pair 92 transferred in 0.016304 seconds
Worker 96: Generating matrix pair 96/100
Compute: Processing matrix pair 92/100
Compute: Matrix pair 92 computed in 0.012730 seconds (10.05 TFLOPS)
Compute: Result transferred in 0.051403 seconds
Worker 93: Matrix pair 93 transferred in 0.123798 seconds
Compute: Processing matrix pair 93/100
Worker 97: Generating matrix pair 97/100
Compute: Matrix pair 93 computed in 0.102755 seconds (1.25 TFLOPS)
Compute: Result transferred in 0.075116 seconds
Worker 94: Matrix pair 94 transferred in 0.016321 seconds
Worker 98: Generating matrix pair 98/100
Compute: Processing matrix pair 94/100
Compute: Matrix pair 94 computed in 0.012305 seconds (10.40 TFLOPS)
Compute: Result transferred in 0.050911 seconds
Worker 95: Matrix pair 95 transferred in 0.013240 seconds
Worker 99: Generating matrix pair 99/100
Compute: Processing matrix pair 95/100
Compute: Matrix pair 95 computed in 0.012627 seconds (10.14 TFLOPS)
Compute: Result transferred in 0.054364 seconds
Worker 96: Matrix pair 96 transferred in 0.013174 seconds
Worker 100: Generating matrix pair 100/100
Compute: Processing matrix pair 96/100
Compute: Matrix pair 96 computed in 0.012598 seconds (10.16 TFLOPS)
Compute: Result transferred in 0.051527 seconds
Worker 97: Matrix pair 97 transferred in 0.013295 seconds
Compute: Processing matrix pair 97/100
Compute: Matrix pair 97 computed in 0.012425 seconds (10.30 TFLOPS)
Compute: Result transferred in 0.054618 seconds
Worker 98: Matrix pair 98 transferred in 0.013095 seconds
Compute: Processing matrix pair 98/100
Compute: Matrix pair 98 computed in 0.012814 seconds (9.99 TFLOPS)
Compute: Result transferred in 0.051481 seconds
Worker 99: Matrix pair 99 transferred in 0.016483 seconds
Compute: Processing matrix pair 99/100
Compute: Matrix pair 99 computed in 0.012580 seconds (10.17 TFLOPS)
Compute: Result transferred in 0.051734 seconds
Worker 100: Matrix pair 100 transferred in 0.016373 seconds
Compute: Processing matrix pair 100/100
Compute: Matrix pair 100 computed in 0.012366 seconds (10.35 TFLOPS)
Compute: Result transferred in 0.049307 seconds

=== Advanced Overlapped Execution Summary ===
Total time for 100 matrix pairs: 114.166036 seconds
Average time per matrix pair: 1.141660 seconds
Average input transfer time: 0.026261 seconds
Average execution time: 0.093769 seconds
Average result transfer time: 0.053800 seconds
Average performance: 10.44 TFLOPS

Estimated sequential time: 17.382974 seconds
Actual overlapped time: 114.166036 seconds
Speedup from overlapping: 0.15x

=== Test Complete ===
